<?xml version="1.0" encoding="ISO-8859-1" ?>
<link_info>
   <banner>TMS320C2000 Linker PC v22.6.0.LTS</banner>
   <copyright>Copyright (c) 1996-2018 Texas Instruments Incorporated</copyright>
   <link_time>0x65e9f95b</link_time>
   <link_errors>0x0</link_errors>
   <output_file>Example_2806xDMA_ram_to_ram.out</output_file>
   <entry_point>
      <name>code_start</name>
      <address>0x0</address>
   </entry_point>
   <input_file_list>
      <input_file id="fl-4">
         <path>.\</path>
         <kind>object</kind>
         <file>F2806x_Adc.obj</file>
         <name>F2806x_Adc.obj</name>
      </input_file>
      <input_file id="fl-5">
         <path>.\</path>
         <kind>object</kind>
         <file>F2806x_CodeStartBranch.obj</file>
         <name>F2806x_CodeStartBranch.obj</name>
      </input_file>
      <input_file id="fl-6">
         <path>.\</path>
         <kind>object</kind>
         <file>F2806x_DefaultIsr.obj</file>
         <name>F2806x_DefaultIsr.obj</name>
      </input_file>
      <input_file id="fl-7">
         <path>.\</path>
         <kind>object</kind>
         <file>F2806x_Dma.obj</file>
         <name>F2806x_Dma.obj</name>
      </input_file>
      <input_file id="fl-8">
         <path>.\</path>
         <kind>object</kind>
         <file>F2806x_GlobalVariableDefs.obj</file>
         <name>F2806x_GlobalVariableDefs.obj</name>
      </input_file>
      <input_file id="fl-9">
         <path>.\</path>
         <kind>object</kind>
         <file>F2806x_PieCtrl.obj</file>
         <name>F2806x_PieCtrl.obj</name>
      </input_file>
      <input_file id="fl-a">
         <path>.\</path>
         <kind>object</kind>
         <file>F2806x_PieVect.obj</file>
         <name>F2806x_PieVect.obj</name>
      </input_file>
      <input_file id="fl-b">
         <path>.\</path>
         <kind>object</kind>
         <file>F2806x_Sci.obj</file>
         <name>F2806x_Sci.obj</name>
      </input_file>
      <input_file id="fl-c">
         <path>.\</path>
         <kind>object</kind>
         <file>F2806x_SysCtrl.obj</file>
         <name>F2806x_SysCtrl.obj</name>
      </input_file>
      <input_file id="fl-d">
         <path>.\</path>
         <kind>object</kind>
         <file>F2806x_usDelay.obj</file>
         <name>F2806x_usDelay.obj</name>
      </input_file>
      <input_file id="fl-e">
         <path>.\</path>
         <kind>object</kind>
         <file>main.obj</file>
         <name>main.obj</name>
      </input_file>
      <input_file id="fl-f">
         <path>.\Methods\functions\</path>
         <kind>object</kind>
         <file>adc.obj</file>
         <name>adc.obj</name>
      </input_file>
      <input_file id="fl-10">
         <path>.\Methods\functions\</path>
         <kind>object</kind>
         <file>gpio.obj</file>
         <name>gpio.obj</name>
      </input_file>
      <input_file id="fl-11">
         <path>.\Methods\functions\</path>
         <kind>object</kind>
         <file>insertion.obj</file>
         <name>insertion.obj</name>
      </input_file>
      <input_file id="fl-12">
         <path>.\Methods\functions\</path>
         <kind>object</kind>
         <file>pid.obj</file>
         <name>pid.obj</name>
      </input_file>
      <input_file id="fl-13">
         <path>.\Methods\functions\</path>
         <kind>object</kind>
         <file>sci.obj</file>
         <name>sci.obj</name>
      </input_file>
      <input_file id="fl-19">
         <kind>object</kind>
         <file>&lt;internal&gt;</file>
         <name>&lt;internal&gt;</name>
      </input_file>
      <input_file id="fl-1d">
         <path>C:\ti\ccs1240\ccs\tools\compiler\ti-cgt-c2000_22.6.0.LTS\lib\</path>
         <kind>archive</kind>
         <file>rts2800_fpu32.lib</file>
         <name>fs_div28.asm.obj</name>
      </input_file>
      <input_file id="fl-1e">
         <path>C:\ti\ccs1240\ccs\tools\compiler\ti-cgt-c2000_22.6.0.LTS\lib\</path>
         <kind>archive</kind>
         <file>rts2800_fpu32.lib</file>
         <name>boot28.asm.obj</name>
      </input_file>
      <input_file id="fl-1f">
         <path>C:\ti\ccs1240\ccs\tools\compiler\ti-cgt-c2000_22.6.0.LTS\lib\</path>
         <kind>archive</kind>
         <file>rts2800_fpu32.lib</file>
         <name>args_main.c.obj</name>
      </input_file>
      <input_file id="fl-20">
         <path>C:\ti\ccs1240\ccs\tools\compiler\ti-cgt-c2000_22.6.0.LTS\lib\</path>
         <kind>archive</kind>
         <file>rts2800_fpu32.lib</file>
         <name>startup.c.obj</name>
      </input_file>
      <input_file id="fl-21">
         <path>C:\ti\ccs1240\ccs\tools\compiler\ti-cgt-c2000_22.6.0.LTS\lib\</path>
         <kind>archive</kind>
         <file>rts2800_fpu32.lib</file>
         <name>pre_init.c.obj</name>
      </input_file>
      <input_file id="fl-22">
         <path>C:\ti\ccs1240\ccs\tools\compiler\ti-cgt-c2000_22.6.0.LTS\lib\</path>
         <kind>archive</kind>
         <file>rts2800_fpu32.lib</file>
         <name>cpy_tbl.c.obj</name>
      </input_file>
      <input_file id="fl-23">
         <path>C:\ti\ccs1240\ccs\tools\compiler\ti-cgt-c2000_22.6.0.LTS\lib\</path>
         <kind>archive</kind>
         <file>rts2800_fpu32.lib</file>
         <name>exit.c.obj</name>
      </input_file>
      <input_file id="fl-24">
         <path>C:\ti\ccs1240\ccs\tools\compiler\ti-cgt-c2000_22.6.0.LTS\lib\</path>
         <kind>archive</kind>
         <file>rts2800_fpu32.lib</file>
         <name>_lock.c.obj</name>
      </input_file>
      <input_file id="fl-25">
         <path>C:\ti\ccs1240\ccs\tools\compiler\ti-cgt-c2000_22.6.0.LTS\lib\</path>
         <kind>archive</kind>
         <file>rts2800_fpu32.lib</file>
         <name>memory.c.obj</name>
      </input_file>
      <input_file id="fl-26">
         <path>C:\ti\ccs1240\ccs\tools\compiler\ti-cgt-c2000_22.6.0.LTS\lib\</path>
         <kind>archive</kind>
         <file>rts2800_fpu32.lib</file>
         <name>memcpy.c.obj</name>
      </input_file>
      <input_file id="fl-27">
         <path>C:\ti\ccs1240\ccs\tools\compiler\ti-cgt-c2000_22.6.0.LTS\lib\</path>
         <kind>archive</kind>
         <file>rts2800_fpu32.lib</file>
         <name>memset.c.obj</name>
      </input_file>
   </input_file_list>
   <object_component_list>
      <object_component id="oc-50">
         <name>codestart</name>
         <load_address>0x0</load_address>
         <run_address>0x0</run_address>
         <size>0x2</size>
         <input_file_ref idref="fl-5"/>
      </object_component>
      <object_component id="oc-b5">
         <name>ramfuncs</name>
         <load_address>0x7b</load_address>
         <run_address>0x7b</run_address>
         <size>0x4</size>
         <input_file_ref idref="fl-d"/>
      </object_component>
      <object_component id="oc-5c">
         <name>.text:retain</name>
         <load_address>0x8000</load_address>
         <run_address>0x8000</run_address>
         <size>0x3a9</size>
         <input_file_ref idref="fl-6"/>
      </object_component>
      <object_component id="oc-11b">
         <name>.text</name>
         <load_address>0x83a9</load_address>
         <run_address>0x83a9</run_address>
         <size>0x389</size>
         <input_file_ref idref="fl-7"/>
      </object_component>
      <object_component id="oc-12b">
         <name>.text</name>
         <load_address>0x8732</load_address>
         <run_address>0x8732</run_address>
         <size>0x28c</size>
         <input_file_ref idref="fl-25"/>
      </object_component>
      <object_component id="oc-131">
         <name>.text</name>
         <load_address>0x89be</load_address>
         <run_address>0x89be</run_address>
         <size>0x237</size>
         <input_file_ref idref="fl-4"/>
      </object_component>
      <object_component id="oc-125">
         <name>.text</name>
         <load_address>0x8bf5</load_address>
         <run_address>0x8bf5</run_address>
         <size>0x190</size>
         <input_file_ref idref="fl-c"/>
      </object_component>
      <object_component id="oc-12c">
         <name>.text</name>
         <load_address>0x8d85</load_address>
         <run_address>0x8d85</run_address>
         <size>0xcb</size>
         <input_file_ref idref="fl-12"/>
      </object_component>
      <object_component id="oc-128">
         <name>.text</name>
         <load_address>0x8e50</load_address>
         <run_address>0x8e50</run_address>
         <size>0xc6</size>
         <input_file_ref idref="fl-f"/>
      </object_component>
      <object_component id="oc-dd">
         <name>.text</name>
         <load_address>0x8f16</load_address>
         <run_address>0x8f16</run_address>
         <size>0x88</size>
         <input_file_ref idref="fl-1d"/>
      </object_component>
      <object_component id="oc-122">
         <name>.text</name>
         <load_address>0x8f9e</load_address>
         <run_address>0x8f9e</run_address>
         <size>0x5a</size>
         <input_file_ref idref="fl-e"/>
      </object_component>
      <object_component id="oc-e2">
         <name>.text</name>
         <load_address>0x8ff8</load_address>
         <run_address>0x8ff8</run_address>
         <size>0x56</size>
         <input_file_ref idref="fl-1e"/>
      </object_component>
      <object_component id="oc-12d">
         <name>.text</name>
         <load_address>0x904e</load_address>
         <run_address>0x904e</run_address>
         <size>0x4f</size>
         <input_file_ref idref="fl-11"/>
      </object_component>
      <object_component id="oc-c4">
         <name>.text:retain</name>
         <load_address>0x909d</load_address>
         <run_address>0x909d</run_address>
         <size>0x4e</size>
         <input_file_ref idref="fl-f"/>
      </object_component>
      <object_component id="oc-132">
         <name>.text</name>
         <load_address>0x90eb</load_address>
         <run_address>0x90eb</run_address>
         <size>0x30</size>
         <input_file_ref idref="fl-b"/>
      </object_component>
      <object_component id="oc-12a">
         <name>.text</name>
         <load_address>0x911b</load_address>
         <run_address>0x911b</run_address>
         <size>0x2b</size>
         <input_file_ref idref="fl-13"/>
      </object_component>
      <object_component id="oc-120">
         <name>.text</name>
         <load_address>0x9146</load_address>
         <run_address>0x9146</run_address>
         <size>0x29</size>
         <input_file_ref idref="fl-23"/>
      </object_component>
      <object_component id="oc-126">
         <name>.text</name>
         <load_address>0x916f</load_address>
         <run_address>0x916f</run_address>
         <size>0x28</size>
         <input_file_ref idref="fl-9"/>
      </object_component>
      <object_component id="oc-127">
         <name>.text</name>
         <load_address>0x9197</load_address>
         <run_address>0x9197</run_address>
         <size>0x26</size>
         <input_file_ref idref="fl-a"/>
      </object_component>
      <object_component id="oc-11d">
         <name>.text</name>
         <load_address>0x91bd</load_address>
         <run_address>0x91bd</run_address>
         <size>0x24</size>
         <input_file_ref idref="fl-22"/>
      </object_component>
      <object_component id="oc-121">
         <name>.text</name>
         <load_address>0x91e1</load_address>
         <run_address>0x91e1</run_address>
         <size>0x1d</size>
         <input_file_ref idref="fl-26"/>
      </object_component>
      <object_component id="oc-129">
         <name>.text</name>
         <load_address>0x91fe</load_address>
         <run_address>0x91fe</run_address>
         <size>0x16</size>
         <input_file_ref idref="fl-10"/>
      </object_component>
      <object_component id="oc-11f">
         <name>.text</name>
         <load_address>0x9214</load_address>
         <run_address>0x9214</run_address>
         <size>0x12</size>
         <input_file_ref idref="fl-1f"/>
      </object_component>
      <object_component id="oc-12e">
         <name>.text</name>
         <load_address>0x9226</load_address>
         <run_address>0x9226</run_address>
         <size>0x9</size>
         <input_file_ref idref="fl-24"/>
      </object_component>
      <object_component id="oc-56">
         <name>.text</name>
         <load_address>0x922f</load_address>
         <run_address>0x922f</run_address>
         <size>0x8</size>
         <input_file_ref idref="fl-5"/>
      </object_component>
      <object_component id="oc-134">
         <name>.text</name>
         <load_address>0x9237</load_address>
         <run_address>0x9237</run_address>
         <size>0x7</size>
         <input_file_ref idref="fl-27"/>
      </object_component>
      <object_component id="oc-11c">
         <name>.text</name>
         <load_address>0x923e</load_address>
         <run_address>0x923e</run_address>
         <size>0x2</size>
         <input_file_ref idref="fl-21"/>
      </object_component>
      <object_component id="oc-11e">
         <name>.text</name>
         <load_address>0x9240</load_address>
         <run_address>0x9240</run_address>
         <size>0x1</size>
         <input_file_ref idref="fl-20"/>
      </object_component>
      <object_component id="oc-fe">
         <name>.cinit</name>
         <load_address>0x50</load_address>
         <run_address>0x50</run_address>
         <size>0xe</size>
         <input_file_ref idref="fl-23"/>
      </object_component>
      <object_component id="oc-bb">
         <name>.cinit</name>
         <load_address>0x5e</load_address>
         <run_address>0x5e</run_address>
         <size>0xd</size>
         <input_file_ref idref="fl-e"/>
      </object_component>
      <object_component id="oc-124">
         <name>.cinit:__lock</name>
         <load_address>0x6b</load_address>
         <run_address>0x6b</run_address>
         <size>0x5</size>
         <input_file_ref idref="fl-24"/>
      </object_component>
      <object_component id="oc-12f">
         <name>.cinit:__unlock</name>
         <load_address>0x70</load_address>
         <run_address>0x70</run_address>
         <size>0x5</size>
         <input_file_ref idref="fl-24"/>
      </object_component>
      <object_component id="oc-10a">
         <name>.cinit</name>
         <load_address>0x75</load_address>
         <run_address>0x75</run_address>
         <size>0x4</size>
         <input_file_ref idref="fl-25"/>
      </object_component>
      <object_component id="oc-e4">
         <name>.reset</name>
         <load_address>0x3fffc0</load_address>
         <run_address>0x3fffc0</run_address>
         <size>0x2</size>
         <input_file_ref idref="fl-1e"/>
      </object_component>
      <object_component id="oc-e3">
         <name>.stack</name>
         <uninitialized>true</uninitialized>
         <run_address>0x400</run_address>
         <size>0x0</size>
         <input_file_ref idref="fl-1e"/>
      </object_component>
      <object_component id="oc-18c">
         <name>.stack</name>
         <uninitialized>true</uninitialized>
         <run_address>0x400</run_address>
         <size>0x0</size>
      </object_component>
      <object_component id="oc-bc">
         <name>.ebss</name>
         <uninitialized>true</uninitialized>
         <run_address>0xa500</run_address>
         <size>0xc</size>
         <input_file_ref idref="fl-e"/>
      </object_component>
      <object_component id="oc-ff">
         <name>.ebss</name>
         <uninitialized>true</uninitialized>
         <run_address>0xa50c</run_address>
         <size>0x6</size>
         <input_file_ref idref="fl-23"/>
      </object_component>
      <object_component id="oc-123">
         <name>.ebss:__lock</name>
         <uninitialized>true</uninitialized>
         <run_address>0xa516</run_address>
         <size>0x2</size>
         <input_file_ref idref="fl-24"/>
      </object_component>
      <object_component id="oc-133">
         <name>.ebss:__unlock</name>
         <uninitialized>true</uninitialized>
         <run_address>0xa518</run_address>
         <size>0x2</size>
         <input_file_ref idref="fl-24"/>
      </object_component>
      <object_component id="oc-10b">
         <name>.ebss</name>
         <uninitialized>true</uninitialized>
         <run_address>0xa512</run_address>
         <size>0x4</size>
         <input_file_ref idref="fl-25"/>
      </object_component>
      <object_component id="oc-130">
         <name>.econst:_PieVectTableInit</name>
         <load_address>0xa400</load_address>
         <run_address>0xa400</run_address>
         <size>0x100</size>
         <input_file_ref idref="fl-a"/>
      </object_component>
      <object_component id="oc-10c">
         <name>.esysmem</name>
         <uninitialized>true</uninitialized>
         <run_address>0xa000</run_address>
         <size>0x4</size>
         <input_file_ref idref="fl-25"/>
      </object_component>
      <object_component id="oc-18d">
         <name>.esysmem</name>
         <uninitialized>true</uninitialized>
         <run_address>0xa000</run_address>
         <size>0x0</size>
      </object_component>
      <object_component id="oc-bd">
         <name>DMARAML5</name>
         <uninitialized>true</uninitialized>
         <run_address>0xc000</run_address>
         <size>0x400</size>
         <input_file_ref idref="fl-e"/>
      </object_component>
      <object_component id="oc-be">
         <name>DMARAML6</name>
         <uninitialized>true</uninitialized>
         <run_address>0xe000</run_address>
         <size>0x400</size>
         <input_file_ref idref="fl-e"/>
      </object_component>
      <object_component id="oc-9e">
         <name>PieVectTableFile</name>
         <uninitialized>true</uninitialized>
         <run_address>0xd00</run_address>
         <size>0x100</size>
         <input_file_ref idref="fl-8"/>
      </object_component>
      <object_component id="oc-68">
         <name>EmuKeyVar</name>
         <uninitialized>true</uninitialized>
         <run_address>0xd00</run_address>
         <size>0x1</size>
         <input_file_ref idref="fl-8"/>
      </object_component>
      <object_component id="oc-69">
         <name>EmuBModeVar</name>
         <uninitialized>true</uninitialized>
         <run_address>0xd01</run_address>
         <size>0x1</size>
         <input_file_ref idref="fl-8"/>
      </object_component>
      <object_component id="oc-6b">
         <name>FlashCallbackVar</name>
         <uninitialized>true</uninitialized>
         <run_address>0xd02</run_address>
         <size>0x2</size>
         <input_file_ref idref="fl-8"/>
      </object_component>
      <object_component id="oc-6a">
         <name>FlashScalingVar</name>
         <uninitialized>true</uninitialized>
         <run_address>0xd04</run_address>
         <size>0x2</size>
         <input_file_ref idref="fl-8"/>
      </object_component>
      <object_component id="oc-6d">
         <name>DevEmuRegsFile</name>
         <uninitialized>true</uninitialized>
         <run_address>0x880</run_address>
         <size>0x4</size>
         <input_file_ref idref="fl-8"/>
      </object_component>
      <object_component id="oc-6c">
         <name>SysPwrCtrlRegsFile</name>
         <uninitialized>true</uninitialized>
         <run_address>0x985</run_address>
         <size>0x3</size>
         <input_file_ref idref="fl-8"/>
      </object_component>
      <object_component id="oc-72">
         <name>FlashRegsFile</name>
         <uninitialized>true</uninitialized>
         <run_address>0xa80</run_address>
         <size>0x8</size>
         <input_file_ref idref="fl-8"/>
      </object_component>
      <object_component id="oc-74">
         <name>CsmRegsFile</name>
         <uninitialized>true</uninitialized>
         <run_address>0xae0</run_address>
         <size>0x10</size>
         <input_file_ref idref="fl-8"/>
      </object_component>
      <object_component id="oc-73">
         <name>AdcResultFile</name>
         <uninitialized>true</uninitialized>
         <run_address>0xb00</run_address>
         <size>0x10</size>
         <input_file_ref idref="fl-8"/>
      </object_component>
      <object_component id="oc-6e">
         <name>CpuTimer0RegsFile</name>
         <uninitialized>true</uninitialized>
         <run_address>0xc00</run_address>
         <size>0x8</size>
         <input_file_ref idref="fl-8"/>
      </object_component>
      <object_component id="oc-6f">
         <name>CpuTimer1RegsFile</name>
         <uninitialized>true</uninitialized>
         <run_address>0xc08</run_address>
         <size>0x8</size>
         <input_file_ref idref="fl-8"/>
      </object_component>
      <object_component id="oc-70">
         <name>CpuTimer2RegsFile</name>
         <uninitialized>true</uninitialized>
         <run_address>0xc10</run_address>
         <size>0x8</size>
         <input_file_ref idref="fl-8"/>
      </object_component>
      <object_component id="oc-7e">
         <name>PieCtrlRegsFile</name>
         <uninitialized>true</uninitialized>
         <run_address>0xce0</run_address>
         <size>0x1a</size>
         <input_file_ref idref="fl-8"/>
      </object_component>
      <object_component id="oc-8e">
         <name>Cla1RegsFile</name>
         <uninitialized>true</uninitialized>
         <run_address>0x1400</run_address>
         <size>0x40</size>
         <input_file_ref idref="fl-8"/>
      </object_component>
      <object_component id="oc-9c">
         <name>DmaRegsFile</name>
         <uninitialized>true</uninitialized>
         <run_address>0x1000</run_address>
         <size>0xe0</size>
         <input_file_ref idref="fl-8"/>
      </object_component>
      <object_component id="oc-8d">
         <name>ECanaRegsFile</name>
         <uninitialized>true</uninitialized>
         <run_address>0x6000</run_address>
         <size>0x34</size>
         <input_file_ref idref="fl-8"/>
      </object_component>
      <object_component id="oc-8f">
         <name>ECanaLAMRegsFile</name>
         <uninitialized>true</uninitialized>
         <run_address>0x6040</run_address>
         <size>0x40</size>
         <input_file_ref idref="fl-8"/>
      </object_component>
      <object_component id="oc-9d">
         <name>ECanaMboxesFile</name>
         <uninitialized>true</uninitialized>
         <run_address>0x6100</run_address>
         <size>0x100</size>
         <input_file_ref idref="fl-8"/>
      </object_component>
      <object_component id="oc-90">
         <name>ECanaMOTSRegsFile</name>
         <uninitialized>true</uninitialized>
         <run_address>0x6080</run_address>
         <size>0x40</size>
         <input_file_ref idref="fl-8"/>
      </object_component>
      <object_component id="oc-91">
         <name>ECanaMOTORegsFile</name>
         <uninitialized>true</uninitialized>
         <run_address>0x60c0</run_address>
         <size>0x40</size>
         <input_file_ref idref="fl-8"/>
      </object_component>
      <object_component id="oc-7f">
         <name>ECap1RegsFile</name>
         <uninitialized>true</uninitialized>
         <run_address>0x6a00</run_address>
         <size>0x20</size>
         <input_file_ref idref="fl-8"/>
      </object_component>
      <object_component id="oc-80">
         <name>ECap2RegsFile</name>
         <uninitialized>true</uninitialized>
         <run_address>0x6a20</run_address>
         <size>0x20</size>
         <input_file_ref idref="fl-8"/>
      </object_component>
      <object_component id="oc-81">
         <name>ECap3RegsFile</name>
         <uninitialized>true</uninitialized>
         <run_address>0x6a40</run_address>
         <size>0x20</size>
         <input_file_ref idref="fl-8"/>
      </object_component>
      <object_component id="oc-88">
         <name>EQep1RegsFile</name>
         <uninitialized>true</uninitialized>
         <run_address>0x6b00</run_address>
         <size>0x22</size>
         <input_file_ref idref="fl-8"/>
      </object_component>
      <object_component id="oc-89">
         <name>EQep2RegsFile</name>
         <uninitialized>true</uninitialized>
         <run_address>0x6b40</run_address>
         <size>0x22</size>
         <input_file_ref idref="fl-8"/>
      </object_component>
      <object_component id="oc-9a">
         <name>GpioCtrlRegsFile</name>
         <uninitialized>true</uninitialized>
         <run_address>0x6f80</run_address>
         <size>0x40</size>
         <input_file_ref idref="fl-8"/>
      </object_component>
      <object_component id="oc-82">
         <name>GpioDataRegsFile</name>
         <uninitialized>true</uninitialized>
         <run_address>0x6fc0</run_address>
         <size>0x20</size>
         <input_file_ref idref="fl-8"/>
      </object_component>
      <object_component id="oc-83">
         <name>GpioIntRegsFile</name>
         <uninitialized>true</uninitialized>
         <run_address>0x6fe0</run_address>
         <size>0x20</size>
         <input_file_ref idref="fl-8"/>
      </object_component>
      <object_component id="oc-84">
         <name>HRCap1RegsFile</name>
         <uninitialized>true</uninitialized>
         <run_address>0x6ac0</run_address>
         <size>0x20</size>
         <input_file_ref idref="fl-8"/>
      </object_component>
      <object_component id="oc-85">
         <name>HRCap2RegsFile</name>
         <uninitialized>true</uninitialized>
         <run_address>0x6ae0</run_address>
         <size>0x20</size>
         <input_file_ref idref="fl-8"/>
      </object_component>
      <object_component id="oc-86">
         <name>HRCap3RegsFile</name>
         <uninitialized>true</uninitialized>
         <run_address>0x6c80</run_address>
         <size>0x20</size>
         <input_file_ref idref="fl-8"/>
      </object_component>
      <object_component id="oc-87">
         <name>HRCap4RegsFile</name>
         <uninitialized>true</uninitialized>
         <run_address>0x6ca0</run_address>
         <size>0x20</size>
         <input_file_ref idref="fl-8"/>
      </object_component>
      <object_component id="oc-8c">
         <name>SysCtrlRegsFile</name>
         <uninitialized>true</uninitialized>
         <run_address>0x7010</run_address>
         <size>0x30</size>
         <input_file_ref idref="fl-8"/>
      </object_component>
      <object_component id="oc-78">
         <name>SpiaRegsFile</name>
         <uninitialized>true</uninitialized>
         <run_address>0x7040</run_address>
         <size>0x10</size>
         <input_file_ref idref="fl-8"/>
      </object_component>
      <object_component id="oc-79">
         <name>SpibRegsFile</name>
         <uninitialized>true</uninitialized>
         <run_address>0x7740</run_address>
         <size>0x10</size>
         <input_file_ref idref="fl-8"/>
      </object_component>
      <object_component id="oc-76">
         <name>SciaRegsFile</name>
         <uninitialized>true</uninitialized>
         <run_address>0x7050</run_address>
         <size>0x10</size>
         <input_file_ref idref="fl-8"/>
      </object_component>
      <object_component id="oc-77">
         <name>ScibRegsFile</name>
         <uninitialized>true</uninitialized>
         <run_address>0x7750</run_address>
         <size>0x10</size>
         <input_file_ref idref="fl-8"/>
      </object_component>
      <object_component id="oc-75">
         <name>NmiIntruptRegsFile</name>
         <uninitialized>true</uninitialized>
         <run_address>0x7060</run_address>
         <size>0x10</size>
         <input_file_ref idref="fl-8"/>
      </object_component>
      <object_component id="oc-7a">
         <name>XIntruptRegsFile</name>
         <uninitialized>true</uninitialized>
         <run_address>0x7070</run_address>
         <size>0x10</size>
         <input_file_ref idref="fl-8"/>
      </object_component>
      <object_component id="oc-9b">
         <name>AdcRegsFile</name>
         <uninitialized>true</uninitialized>
         <run_address>0x7100</run_address>
         <size>0x50</size>
         <input_file_ref idref="fl-8"/>
      </object_component>
      <object_component id="oc-8a">
         <name>I2caRegsFile</name>
         <uninitialized>true</uninitialized>
         <run_address>0x7900</run_address>
         <size>0x22</size>
         <input_file_ref idref="fl-8"/>
      </object_component>
      <object_component id="oc-7b">
         <name>Comp1RegsFile</name>
         <uninitialized>true</uninitialized>
         <run_address>0x6400</run_address>
         <size>0x14</size>
         <input_file_ref idref="fl-8"/>
      </object_component>
      <object_component id="oc-7c">
         <name>Comp2RegsFile</name>
         <uninitialized>true</uninitialized>
         <run_address>0x6420</run_address>
         <size>0x14</size>
         <input_file_ref idref="fl-8"/>
      </object_component>
      <object_component id="oc-7d">
         <name>Comp3RegsFile</name>
         <uninitialized>true</uninitialized>
         <run_address>0x6440</run_address>
         <size>0x14</size>
         <input_file_ref idref="fl-8"/>
      </object_component>
      <object_component id="oc-92">
         <name>EPwm1RegsFile</name>
         <uninitialized>true</uninitialized>
         <run_address>0x6800</run_address>
         <size>0x40</size>
         <input_file_ref idref="fl-8"/>
      </object_component>
      <object_component id="oc-93">
         <name>EPwm2RegsFile</name>
         <uninitialized>true</uninitialized>
         <run_address>0x6840</run_address>
         <size>0x40</size>
         <input_file_ref idref="fl-8"/>
      </object_component>
      <object_component id="oc-94">
         <name>EPwm3RegsFile</name>
         <uninitialized>true</uninitialized>
         <run_address>0x6880</run_address>
         <size>0x40</size>
         <input_file_ref idref="fl-8"/>
      </object_component>
      <object_component id="oc-95">
         <name>EPwm4RegsFile</name>
         <uninitialized>true</uninitialized>
         <run_address>0x68c0</run_address>
         <size>0x40</size>
         <input_file_ref idref="fl-8"/>
      </object_component>
      <object_component id="oc-96">
         <name>EPwm5RegsFile</name>
         <uninitialized>true</uninitialized>
         <run_address>0x6900</run_address>
         <size>0x40</size>
         <input_file_ref idref="fl-8"/>
      </object_component>
      <object_component id="oc-97">
         <name>EPwm6RegsFile</name>
         <uninitialized>true</uninitialized>
         <run_address>0x6940</run_address>
         <size>0x40</size>
         <input_file_ref idref="fl-8"/>
      </object_component>
      <object_component id="oc-98">
         <name>EPwm7RegsFile</name>
         <uninitialized>true</uninitialized>
         <run_address>0x6980</run_address>
         <size>0x40</size>
         <input_file_ref idref="fl-8"/>
      </object_component>
      <object_component id="oc-99">
         <name>EPwm8RegsFile</name>
         <uninitialized>true</uninitialized>
         <run_address>0x69c0</run_address>
         <size>0x40</size>
         <input_file_ref idref="fl-8"/>
      </object_component>
      <object_component id="oc-8b">
         <name>McbspaRegsFile</name>
         <uninitialized>true</uninitialized>
         <run_address>0x5000</run_address>
         <size>0x24</size>
         <input_file_ref idref="fl-8"/>
      </object_component>
      <object_component id="oc-9f">
         <name>Usb0RegsFile</name>
         <uninitialized>true</uninitialized>
         <run_address>0x4000</run_address>
         <size>0x454</size>
         <input_file_ref idref="fl-8"/>
      </object_component>
      <object_component id="oc-71">
         <name>CsmPwlFile</name>
         <uninitialized>true</uninitialized>
         <run_address>0x3f7ff8</run_address>
         <size>0x8</size>
         <input_file_ref idref="fl-8"/>
      </object_component>
      <object_component id="oc-67">
         <name>PartIdRegsFile</name>
         <uninitialized>true</uninitialized>
         <run_address>0x3d7e80</run_address>
         <size>0x1</size>
         <input_file_ref idref="fl-8"/>
      </object_component>
      <object_component id="oc-51">
         <name>.debug_info</name>
         <load_address>0x0</load_address>
         <run_address>0x0</run_address>
         <size>0x4fec</size>
         <input_file_ref idref="fl-4"/>
      </object_component>
      <object_component id="oc-58">
         <name>.debug_info</name>
         <load_address>0x4fec</load_address>
         <run_address>0x4fec</run_address>
         <size>0x232</size>
         <input_file_ref idref="fl-5"/>
      </object_component>
      <object_component id="oc-5b">
         <name>.debug_info</name>
         <load_address>0x521e</load_address>
         <run_address>0x521e</run_address>
         <size>0x69c8</size>
         <input_file_ref idref="fl-6"/>
      </object_component>
      <object_component id="oc-61">
         <name>.debug_info</name>
         <load_address>0xbbe6</load_address>
         <run_address>0xbbe6</run_address>
         <size>0x5447</size>
         <input_file_ref idref="fl-7"/>
      </object_component>
      <object_component id="oc-66">
         <name>.debug_info</name>
         <load_address>0x1102d</load_address>
         <run_address>0x1102d</run_address>
         <size>0x1b094</size>
         <input_file_ref idref="fl-8"/>
      </object_component>
      <object_component id="oc-a1">
         <name>.debug_info</name>
         <load_address>0x2c0c1</load_address>
         <run_address>0x2c0c1</run_address>
         <size>0xcdf</size>
         <input_file_ref idref="fl-9"/>
      </object_component>
      <object_component id="oc-a6">
         <name>.debug_info</name>
         <load_address>0x2cda0</load_address>
         <run_address>0x2cda0</run_address>
         <size>0x2572</size>
         <input_file_ref idref="fl-a"/>
      </object_component>
      <object_component id="oc-ab">
         <name>.debug_info</name>
         <load_address>0x2f312</load_address>
         <run_address>0x2f312</run_address>
         <size>0x1d02</size>
         <input_file_ref idref="fl-b"/>
      </object_component>
      <object_component id="oc-b0">
         <name>.debug_info</name>
         <load_address>0x31014</load_address>
         <run_address>0x31014</run_address>
         <size>0x3076</size>
         <input_file_ref idref="fl-c"/>
      </object_component>
      <object_component id="oc-b7">
         <name>.debug_info</name>
         <load_address>0x3408a</load_address>
         <run_address>0x3408a</run_address>
         <size>0x1a6</size>
         <input_file_ref idref="fl-d"/>
      </object_component>
      <object_component id="oc-ba">
         <name>.debug_info</name>
         <load_address>0x34230</load_address>
         <run_address>0x34230</run_address>
         <size>0x121a</size>
         <input_file_ref idref="fl-e"/>
      </object_component>
      <object_component id="oc-c3">
         <name>.debug_info</name>
         <load_address>0x3544a</load_address>
         <run_address>0x3544a</run_address>
         <size>0x6848</size>
         <input_file_ref idref="fl-f"/>
      </object_component>
      <object_component id="oc-c9">
         <name>.debug_info</name>
         <load_address>0x3bc92</load_address>
         <run_address>0x3bc92</run_address>
         <size>0x18fa</size>
         <input_file_ref idref="fl-10"/>
      </object_component>
      <object_component id="oc-ce">
         <name>.debug_info</name>
         <load_address>0x3d58c</load_address>
         <run_address>0x3d58c</run_address>
         <size>0x51f</size>
         <input_file_ref idref="fl-11"/>
      </object_component>
      <object_component id="oc-d3">
         <name>.debug_info</name>
         <load_address>0x3daab</load_address>
         <run_address>0x3daab</run_address>
         <size>0x9de</size>
         <input_file_ref idref="fl-12"/>
      </object_component>
      <object_component id="oc-d8">
         <name>.debug_info</name>
         <load_address>0x3e489</load_address>
         <run_address>0x3e489</run_address>
         <size>0x1089</size>
         <input_file_ref idref="fl-13"/>
      </object_component>
      <object_component id="oc-de">
         <name>.debug_info</name>
         <load_address>0x3f512</load_address>
         <run_address>0x3f512</run_address>
         <size>0x114</size>
         <input_file_ref idref="fl-1d"/>
      </object_component>
      <object_component id="oc-e5">
         <name>.debug_info</name>
         <load_address>0x3f626</load_address>
         <run_address>0x3f626</run_address>
         <size>0x173</size>
         <input_file_ref idref="fl-1e"/>
      </object_component>
      <object_component id="oc-e9">
         <name>.debug_info</name>
         <load_address>0x3f799</load_address>
         <run_address>0x3f799</run_address>
         <size>0x467</size>
         <input_file_ref idref="fl-1f"/>
      </object_component>
      <object_component id="oc-ee">
         <name>.debug_info</name>
         <load_address>0x3fc00</load_address>
         <run_address>0x3fc00</run_address>
         <size>0x3aa</size>
         <input_file_ref idref="fl-20"/>
      </object_component>
      <object_component id="oc-f3">
         <name>.debug_info</name>
         <load_address>0x3ffaa</load_address>
         <run_address>0x3ffaa</run_address>
         <size>0x3ad</size>
         <input_file_ref idref="fl-21"/>
      </object_component>
      <object_component id="oc-f8">
         <name>.debug_info</name>
         <load_address>0x40357</load_address>
         <run_address>0x40357</run_address>
         <size>0x561</size>
         <input_file_ref idref="fl-22"/>
      </object_component>
      <object_component id="oc-fd">
         <name>.debug_info</name>
         <load_address>0x408b8</load_address>
         <run_address>0x408b8</run_address>
         <size>0x544</size>
         <input_file_ref idref="fl-23"/>
      </object_component>
      <object_component id="oc-104">
         <name>.debug_info</name>
         <load_address>0x40dfc</load_address>
         <run_address>0x40dfc</run_address>
         <size>0x4cc</size>
         <input_file_ref idref="fl-24"/>
      </object_component>
      <object_component id="oc-109">
         <name>.debug_info</name>
         <load_address>0x412c8</load_address>
         <run_address>0x412c8</run_address>
         <size>0xf62</size>
         <input_file_ref idref="fl-25"/>
      </object_component>
      <object_component id="oc-111">
         <name>.debug_info</name>
         <load_address>0x4222a</load_address>
         <run_address>0x4222a</run_address>
         <size>0x43a</size>
         <input_file_ref idref="fl-26"/>
      </object_component>
      <object_component id="oc-116">
         <name>.debug_info</name>
         <load_address>0x42664</load_address>
         <run_address>0x42664</run_address>
         <size>0x502</size>
         <input_file_ref idref="fl-27"/>
      </object_component>
      <object_component id="oc-18e">
         <name>.debug_info</name>
         <load_address>0x42b66</load_address>
         <run_address>0x42b66</run_address>
         <size>0xb4</size>
      </object_component>
      <object_component id="oc-52">
         <name>.debug_frame</name>
         <load_address>0x0</load_address>
         <run_address>0x0</run_address>
         <size>0xb0</size>
         <input_file_ref idref="fl-4"/>
      </object_component>
      <object_component id="oc-5d">
         <name>.debug_frame</name>
         <load_address>0xb0</load_address>
         <run_address>0xb0</run_address>
         <size>0xbc0</size>
         <input_file_ref idref="fl-6"/>
      </object_component>
      <object_component id="oc-62">
         <name>.debug_frame</name>
         <load_address>0xc70</load_address>
         <run_address>0xc70</run_address>
         <size>0x418</size>
         <input_file_ref idref="fl-7"/>
      </object_component>
      <object_component id="oc-a2">
         <name>.debug_frame</name>
         <load_address>0x1088</load_address>
         <run_address>0x1088</run_address>
         <size>0x58</size>
         <input_file_ref idref="fl-9"/>
      </object_component>
      <object_component id="oc-a7">
         <name>.debug_frame</name>
         <load_address>0x10e0</load_address>
         <run_address>0x10e0</run_address>
         <size>0x44</size>
         <input_file_ref idref="fl-a"/>
      </object_component>
      <object_component id="oc-ac">
         <name>.debug_frame</name>
         <load_address>0x1124</load_address>
         <run_address>0x1124</run_address>
         <size>0x88</size>
         <input_file_ref idref="fl-b"/>
      </object_component>
      <object_component id="oc-b1">
         <name>.debug_frame</name>
         <load_address>0x11ac</load_address>
         <run_address>0x11ac</run_address>
         <size>0x13c</size>
         <input_file_ref idref="fl-c"/>
      </object_component>
      <object_component id="oc-bf">
         <name>.debug_frame</name>
         <load_address>0x12e8</load_address>
         <run_address>0x12e8</run_address>
         <size>0x44</size>
         <input_file_ref idref="fl-e"/>
      </object_component>
      <object_component id="oc-c5">
         <name>.debug_frame</name>
         <load_address>0x132c</load_address>
         <run_address>0x132c</run_address>
         <size>0x124</size>
         <input_file_ref idref="fl-f"/>
      </object_component>
      <object_component id="oc-ca">
         <name>.debug_frame</name>
         <load_address>0x1450</load_address>
         <run_address>0x1450</run_address>
         <size>0x40</size>
         <input_file_ref idref="fl-10"/>
      </object_component>
      <object_component id="oc-cf">
         <name>.debug_frame</name>
         <load_address>0x1490</load_address>
         <run_address>0x1490</run_address>
         <size>0x60</size>
         <input_file_ref idref="fl-11"/>
      </object_component>
      <object_component id="oc-d4">
         <name>.debug_frame</name>
         <load_address>0x14f0</load_address>
         <run_address>0x14f0</run_address>
         <size>0xa4</size>
         <input_file_ref idref="fl-12"/>
      </object_component>
      <object_component id="oc-d9">
         <name>.debug_frame</name>
         <load_address>0x1594</load_address>
         <run_address>0x1594</run_address>
         <size>0x8c</size>
         <input_file_ref idref="fl-13"/>
      </object_component>
      <object_component id="oc-ea">
         <name>.debug_frame</name>
         <load_address>0x1620</load_address>
         <run_address>0x1620</run_address>
         <size>0x40</size>
         <input_file_ref idref="fl-1f"/>
      </object_component>
      <object_component id="oc-ef">
         <name>.debug_frame</name>
         <load_address>0x1660</load_address>
         <run_address>0x1660</run_address>
         <size>0x40</size>
         <input_file_ref idref="fl-20"/>
      </object_component>
      <object_component id="oc-f4">
         <name>.debug_frame</name>
         <load_address>0x16a0</load_address>
         <run_address>0x16a0</run_address>
         <size>0x40</size>
         <input_file_ref idref="fl-21"/>
      </object_component>
      <object_component id="oc-f9">
         <name>.debug_frame</name>
         <load_address>0x16e0</load_address>
         <run_address>0x16e0</run_address>
         <size>0x60</size>
         <input_file_ref idref="fl-22"/>
      </object_component>
      <object_component id="oc-100">
         <name>.debug_frame</name>
         <load_address>0x1740</load_address>
         <run_address>0x1740</run_address>
         <size>0x60</size>
         <input_file_ref idref="fl-23"/>
      </object_component>
      <object_component id="oc-105">
         <name>.debug_frame</name>
         <load_address>0x17a0</load_address>
         <run_address>0x17a0</run_address>
         <size>0x70</size>
         <input_file_ref idref="fl-24"/>
      </object_component>
      <object_component id="oc-10d">
         <name>.debug_frame</name>
         <load_address>0x1810</load_address>
         <run_address>0x1810</run_address>
         <size>0x1c0</size>
         <input_file_ref idref="fl-25"/>
      </object_component>
      <object_component id="oc-112">
         <name>.debug_frame</name>
         <load_address>0x19d0</load_address>
         <run_address>0x19d0</run_address>
         <size>0x40</size>
         <input_file_ref idref="fl-26"/>
      </object_component>
      <object_component id="oc-117">
         <name>.debug_frame</name>
         <load_address>0x1a10</load_address>
         <run_address>0x1a10</run_address>
         <size>0x40</size>
         <input_file_ref idref="fl-27"/>
      </object_component>
      <object_component id="oc-53">
         <name>.debug_line</name>
         <load_address>0x0</load_address>
         <run_address>0x0</run_address>
         <size>0x253</size>
         <input_file_ref idref="fl-4"/>
      </object_component>
      <object_component id="oc-57">
         <name>.debug_line</name>
         <load_address>0x253</load_address>
         <run_address>0x253</run_address>
         <size>0xbc</size>
         <input_file_ref idref="fl-5"/>
      </object_component>
      <object_component id="oc-5e">
         <name>.debug_line</name>
         <load_address>0x30f</load_address>
         <run_address>0x30f</run_address>
         <size>0x8d3</size>
         <input_file_ref idref="fl-6"/>
      </object_component>
      <object_component id="oc-63">
         <name>.debug_line</name>
         <load_address>0xbe2</load_address>
         <run_address>0xbe2</run_address>
         <size>0x4e7</size>
         <input_file_ref idref="fl-7"/>
      </object_component>
      <object_component id="oc-a3">
         <name>.debug_line</name>
         <load_address>0x10c9</load_address>
         <run_address>0x10c9</run_address>
         <size>0xdd</size>
         <input_file_ref idref="fl-9"/>
      </object_component>
      <object_component id="oc-a8">
         <name>.debug_line</name>
         <load_address>0x11a6</load_address>
         <run_address>0x11a6</run_address>
         <size>0xbf</size>
         <input_file_ref idref="fl-a"/>
      </object_component>
      <object_component id="oc-ad">
         <name>.debug_line</name>
         <load_address>0x1265</load_address>
         <run_address>0x1265</run_address>
         <size>0xf2</size>
         <input_file_ref idref="fl-b"/>
      </object_component>
      <object_component id="oc-b2">
         <name>.debug_line</name>
         <load_address>0x1357</load_address>
         <run_address>0x1357</run_address>
         <size>0x24d</size>
         <input_file_ref idref="fl-c"/>
      </object_component>
      <object_component id="oc-b6">
         <name>.debug_line</name>
         <load_address>0x15a4</load_address>
         <run_address>0x15a4</run_address>
         <size>0xa0</size>
         <input_file_ref idref="fl-d"/>
      </object_component>
      <object_component id="oc-c0">
         <name>.debug_line</name>
         <load_address>0x1644</load_address>
         <run_address>0x1644</run_address>
         <size>0x5f</size>
         <input_file_ref idref="fl-e"/>
      </object_component>
      <object_component id="oc-c6">
         <name>.debug_line</name>
         <load_address>0x16a3</load_address>
         <run_address>0x16a3</run_address>
         <size>0x104</size>
         <input_file_ref idref="fl-f"/>
      </object_component>
      <object_component id="oc-cb">
         <name>.debug_line</name>
         <load_address>0x17a7</load_address>
         <run_address>0x17a7</run_address>
         <size>0x5b</size>
         <input_file_ref idref="fl-10"/>
      </object_component>
      <object_component id="oc-d0">
         <name>.debug_line</name>
         <load_address>0x1802</load_address>
         <run_address>0x1802</run_address>
         <size>0x99</size>
         <input_file_ref idref="fl-11"/>
      </object_component>
      <object_component id="oc-d5">
         <name>.debug_line</name>
         <load_address>0x189b</load_address>
         <run_address>0x189b</run_address>
         <size>0xdb</size>
         <input_file_ref idref="fl-12"/>
      </object_component>
      <object_component id="oc-da">
         <name>.debug_line</name>
         <load_address>0x1976</load_address>
         <run_address>0x1976</run_address>
         <size>0x9f</size>
         <input_file_ref idref="fl-13"/>
      </object_component>
      <object_component id="oc-df">
         <name>.debug_line</name>
         <load_address>0x1a15</load_address>
         <run_address>0x1a15</run_address>
         <size>0xad</size>
         <input_file_ref idref="fl-1d"/>
      </object_component>
      <object_component id="oc-e6">
         <name>.debug_line</name>
         <load_address>0x1ac2</load_address>
         <run_address>0x1ac2</run_address>
         <size>0x7e</size>
         <input_file_ref idref="fl-1e"/>
      </object_component>
      <object_component id="oc-eb">
         <name>.debug_line</name>
         <load_address>0x1b40</load_address>
         <run_address>0x1b40</run_address>
         <size>0x4f</size>
         <input_file_ref idref="fl-1f"/>
      </object_component>
      <object_component id="oc-f0">
         <name>.debug_line</name>
         <load_address>0x1b8f</load_address>
         <run_address>0x1b8f</run_address>
         <size>0x3a</size>
         <input_file_ref idref="fl-20"/>
      </object_component>
      <object_component id="oc-f5">
         <name>.debug_line</name>
         <load_address>0x1bc9</load_address>
         <run_address>0x1bc9</run_address>
         <size>0x3e</size>
         <input_file_ref idref="fl-21"/>
      </object_component>
      <object_component id="oc-fa">
         <name>.debug_line</name>
         <load_address>0x1c07</load_address>
         <run_address>0x1c07</run_address>
         <size>0x50</size>
         <input_file_ref idref="fl-22"/>
      </object_component>
      <object_component id="oc-101">
         <name>.debug_line</name>
         <load_address>0x1c57</load_address>
         <run_address>0x1c57</run_address>
         <size>0x65</size>
         <input_file_ref idref="fl-23"/>
      </object_component>
      <object_component id="oc-106">
         <name>.debug_line</name>
         <load_address>0x1cbc</load_address>
         <run_address>0x1cbc</run_address>
         <size>0x5e</size>
         <input_file_ref idref="fl-24"/>
      </object_component>
      <object_component id="oc-10e">
         <name>.debug_line</name>
         <load_address>0x1d1a</load_address>
         <run_address>0x1d1a</run_address>
         <size>0x41b</size>
         <input_file_ref idref="fl-25"/>
      </object_component>
      <object_component id="oc-113">
         <name>.debug_line</name>
         <load_address>0x2135</load_address>
         <run_address>0x2135</run_address>
         <size>0x62</size>
         <input_file_ref idref="fl-26"/>
      </object_component>
      <object_component id="oc-118">
         <name>.debug_line</name>
         <load_address>0x2197</load_address>
         <run_address>0x2197</run_address>
         <size>0xae</size>
         <input_file_ref idref="fl-27"/>
      </object_component>
      <object_component id="oc-54">
         <name>.debug_abbrev</name>
         <load_address>0x0</load_address>
         <run_address>0x0</run_address>
         <size>0x155</size>
         <input_file_ref idref="fl-4"/>
      </object_component>
      <object_component id="oc-59">
         <name>.debug_abbrev</name>
         <load_address>0x155</load_address>
         <run_address>0x155</run_address>
         <size>0x21</size>
         <input_file_ref idref="fl-5"/>
      </object_component>
      <object_component id="oc-5f">
         <name>.debug_abbrev</name>
         <load_address>0x176</load_address>
         <run_address>0x176</run_address>
         <size>0x143</size>
         <input_file_ref idref="fl-6"/>
      </object_component>
      <object_component id="oc-64">
         <name>.debug_abbrev</name>
         <load_address>0x2b9</load_address>
         <run_address>0x2b9</run_address>
         <size>0x128</size>
         <input_file_ref idref="fl-7"/>
      </object_component>
      <object_component id="oc-a0">
         <name>.debug_abbrev</name>
         <load_address>0x3e1</load_address>
         <run_address>0x3e1</run_address>
         <size>0xc4</size>
         <input_file_ref idref="fl-8"/>
      </object_component>
      <object_component id="oc-a4">
         <name>.debug_abbrev</name>
         <load_address>0x4a5</load_address>
         <run_address>0x4a5</run_address>
         <size>0xc8</size>
         <input_file_ref idref="fl-9"/>
      </object_component>
      <object_component id="oc-a9">
         <name>.debug_abbrev</name>
         <load_address>0x56d</load_address>
         <run_address>0x56d</run_address>
         <size>0x116</size>
         <input_file_ref idref="fl-a"/>
      </object_component>
      <object_component id="oc-ae">
         <name>.debug_abbrev</name>
         <load_address>0x683</load_address>
         <run_address>0x683</run_address>
         <size>0xea</size>
         <input_file_ref idref="fl-b"/>
      </object_component>
      <object_component id="oc-b3">
         <name>.debug_abbrev</name>
         <load_address>0x76d</load_address>
         <run_address>0x76d</run_address>
         <size>0x1a3</size>
         <input_file_ref idref="fl-c"/>
      </object_component>
      <object_component id="oc-b8">
         <name>.debug_abbrev</name>
         <load_address>0x910</load_address>
         <run_address>0x910</run_address>
         <size>0x2f</size>
         <input_file_ref idref="fl-d"/>
      </object_component>
      <object_component id="oc-c1">
         <name>.debug_abbrev</name>
         <load_address>0x93f</load_address>
         <run_address>0x93f</run_address>
         <size>0x140</size>
         <input_file_ref idref="fl-e"/>
      </object_component>
      <object_component id="oc-c7">
         <name>.debug_abbrev</name>
         <load_address>0xa7f</load_address>
         <run_address>0xa7f</run_address>
         <size>0x170</size>
         <input_file_ref idref="fl-f"/>
      </object_component>
      <object_component id="oc-cc">
         <name>.debug_abbrev</name>
         <load_address>0xbef</load_address>
         <run_address>0xbef</run_address>
         <size>0xdc</size>
         <input_file_ref idref="fl-10"/>
      </object_component>
      <object_component id="oc-d1">
         <name>.debug_abbrev</name>
         <load_address>0xccb</load_address>
         <run_address>0xccb</run_address>
         <size>0xa1</size>
         <input_file_ref idref="fl-11"/>
      </object_component>
      <object_component id="oc-d6">
         <name>.debug_abbrev</name>
         <load_address>0xd6c</load_address>
         <run_address>0xd6c</run_address>
         <size>0xf3</size>
         <input_file_ref idref="fl-12"/>
      </object_component>
      <object_component id="oc-db">
         <name>.debug_abbrev</name>
         <load_address>0xe5f</load_address>
         <run_address>0xe5f</run_address>
         <size>0x110</size>
         <input_file_ref idref="fl-13"/>
      </object_component>
      <object_component id="oc-e0">
         <name>.debug_abbrev</name>
         <load_address>0xf6f</load_address>
         <run_address>0xf6f</run_address>
         <size>0x38</size>
         <input_file_ref idref="fl-1d"/>
      </object_component>
      <object_component id="oc-e7">
         <name>.debug_abbrev</name>
         <load_address>0xfa7</load_address>
         <run_address>0xfa7</run_address>
         <size>0x46</size>
         <input_file_ref idref="fl-1e"/>
      </object_component>
      <object_component id="oc-ec">
         <name>.debug_abbrev</name>
         <load_address>0xfed</load_address>
         <run_address>0xfed</run_address>
         <size>0xee</size>
         <input_file_ref idref="fl-1f"/>
      </object_component>
      <object_component id="oc-f1">
         <name>.debug_abbrev</name>
         <load_address>0x10db</load_address>
         <run_address>0x10db</run_address>
         <size>0x66</size>
         <input_file_ref idref="fl-20"/>
      </object_component>
      <object_component id="oc-f6">
         <name>.debug_abbrev</name>
         <load_address>0x1141</load_address>
         <run_address>0x1141</run_address>
         <size>0x68</size>
         <input_file_ref idref="fl-21"/>
      </object_component>
      <object_component id="oc-fb">
         <name>.debug_abbrev</name>
         <load_address>0x11a9</load_address>
         <run_address>0x11a9</run_address>
         <size>0xe3</size>
         <input_file_ref idref="fl-22"/>
      </object_component>
      <object_component id="oc-102">
         <name>.debug_abbrev</name>
         <load_address>0x128c</load_address>
         <run_address>0x128c</run_address>
         <size>0x130</size>
         <input_file_ref idref="fl-23"/>
      </object_component>
      <object_component id="oc-107">
         <name>.debug_abbrev</name>
         <load_address>0x13bc</load_address>
         <run_address>0x13bc</run_address>
         <size>0xb2</size>
         <input_file_ref idref="fl-24"/>
      </object_component>
      <object_component id="oc-10f">
         <name>.debug_abbrev</name>
         <load_address>0x146e</load_address>
         <run_address>0x146e</run_address>
         <size>0x198</size>
         <input_file_ref idref="fl-25"/>
      </object_component>
      <object_component id="oc-114">
         <name>.debug_abbrev</name>
         <load_address>0x1606</load_address>
         <run_address>0x1606</run_address>
         <size>0xa8</size>
         <input_file_ref idref="fl-26"/>
      </object_component>
      <object_component id="oc-119">
         <name>.debug_abbrev</name>
         <load_address>0x16ae</load_address>
         <run_address>0x16ae</run_address>
         <size>0xa8</size>
         <input_file_ref idref="fl-27"/>
      </object_component>
      <object_component id="oc-18f">
         <name>.debug_abbrev</name>
         <load_address>0x1756</load_address>
         <run_address>0x1756</run_address>
         <size>0xf</size>
      </object_component>
      <object_component id="oc-55">
         <name>.debug_aranges</name>
         <load_address>0x0</load_address>
         <run_address>0x0</run_address>
         <size>0x40</size>
         <input_file_ref idref="fl-4"/>
      </object_component>
      <object_component id="oc-5a">
         <name>.debug_aranges</name>
         <load_address>0x40</load_address>
         <run_address>0x40</run_address>
         <size>0x28</size>
         <input_file_ref idref="fl-5"/>
      </object_component>
      <object_component id="oc-60">
         <name>.debug_aranges</name>
         <load_address>0x68</load_address>
         <run_address>0x68</run_address>
         <size>0x2f8</size>
         <input_file_ref idref="fl-6"/>
      </object_component>
      <object_component id="oc-65">
         <name>.debug_aranges</name>
         <load_address>0x360</load_address>
         <run_address>0x360</run_address>
         <size>0x140</size>
         <input_file_ref idref="fl-7"/>
      </object_component>
      <object_component id="oc-a5">
         <name>.debug_aranges</name>
         <load_address>0x4a0</load_address>
         <run_address>0x4a0</run_address>
         <size>0x28</size>
         <input_file_ref idref="fl-9"/>
      </object_component>
      <object_component id="oc-aa">
         <name>.debug_aranges</name>
         <load_address>0x4c8</load_address>
         <run_address>0x4c8</run_address>
         <size>0x20</size>
         <input_file_ref idref="fl-a"/>
      </object_component>
      <object_component id="oc-af">
         <name>.debug_aranges</name>
         <load_address>0x4e8</load_address>
         <run_address>0x4e8</run_address>
         <size>0x38</size>
         <input_file_ref idref="fl-b"/>
      </object_component>
      <object_component id="oc-b4">
         <name>.debug_aranges</name>
         <load_address>0x520</load_address>
         <run_address>0x520</run_address>
         <size>0x70</size>
         <input_file_ref idref="fl-c"/>
      </object_component>
      <object_component id="oc-b9">
         <name>.debug_aranges</name>
         <load_address>0x590</load_address>
         <run_address>0x590</run_address>
         <size>0x20</size>
         <input_file_ref idref="fl-d"/>
      </object_component>
      <object_component id="oc-c2">
         <name>.debug_aranges</name>
         <load_address>0x5b0</load_address>
         <run_address>0x5b0</run_address>
         <size>0x20</size>
         <input_file_ref idref="fl-e"/>
      </object_component>
      <object_component id="oc-c8">
         <name>.debug_aranges</name>
         <load_address>0x5d0</load_address>
         <run_address>0x5d0</run_address>
         <size>0x40</size>
         <input_file_ref idref="fl-f"/>
      </object_component>
      <object_component id="oc-cd">
         <name>.debug_aranges</name>
         <load_address>0x610</load_address>
         <run_address>0x610</run_address>
         <size>0x20</size>
         <input_file_ref idref="fl-10"/>
      </object_component>
      <object_component id="oc-d2">
         <name>.debug_aranges</name>
         <load_address>0x630</load_address>
         <run_address>0x630</run_address>
         <size>0x28</size>
         <input_file_ref idref="fl-11"/>
      </object_component>
      <object_component id="oc-d7">
         <name>.debug_aranges</name>
         <load_address>0x658</load_address>
         <run_address>0x658</run_address>
         <size>0x38</size>
         <input_file_ref idref="fl-12"/>
      </object_component>
      <object_component id="oc-dc">
         <name>.debug_aranges</name>
         <load_address>0x690</load_address>
         <run_address>0x690</run_address>
         <size>0x38</size>
         <input_file_ref idref="fl-13"/>
      </object_component>
      <object_component id="oc-e1">
         <name>.debug_aranges</name>
         <load_address>0x6c8</load_address>
         <run_address>0x6c8</run_address>
         <size>0x20</size>
         <input_file_ref idref="fl-1d"/>
      </object_component>
      <object_component id="oc-e8">
         <name>.debug_aranges</name>
         <load_address>0x6e8</load_address>
         <run_address>0x6e8</run_address>
         <size>0x20</size>
         <input_file_ref idref="fl-1e"/>
      </object_component>
      <object_component id="oc-ed">
         <name>.debug_aranges</name>
         <load_address>0x708</load_address>
         <run_address>0x708</run_address>
         <size>0x20</size>
         <input_file_ref idref="fl-1f"/>
      </object_component>
      <object_component id="oc-f2">
         <name>.debug_aranges</name>
         <load_address>0x728</load_address>
         <run_address>0x728</run_address>
         <size>0x20</size>
         <input_file_ref idref="fl-20"/>
      </object_component>
      <object_component id="oc-f7">
         <name>.debug_aranges</name>
         <load_address>0x748</load_address>
         <run_address>0x748</run_address>
         <size>0x20</size>
         <input_file_ref idref="fl-21"/>
      </object_component>
      <object_component id="oc-fc">
         <name>.debug_aranges</name>
         <load_address>0x768</load_address>
         <run_address>0x768</run_address>
         <size>0x20</size>
         <input_file_ref idref="fl-22"/>
      </object_component>
      <object_component id="oc-103">
         <name>.debug_aranges</name>
         <load_address>0x788</load_address>
         <run_address>0x788</run_address>
         <size>0x28</size>
         <input_file_ref idref="fl-23"/>
      </object_component>
      <object_component id="oc-108">
         <name>.debug_aranges</name>
         <load_address>0x7b0</load_address>
         <run_address>0x7b0</run_address>
         <size>0x30</size>
         <input_file_ref idref="fl-24"/>
      </object_component>
      <object_component id="oc-110">
         <name>.debug_aranges</name>
         <load_address>0x7e0</load_address>
         <run_address>0x7e0</run_address>
         <size>0x78</size>
         <input_file_ref idref="fl-25"/>
      </object_component>
      <object_component id="oc-115">
         <name>.debug_aranges</name>
         <load_address>0x858</load_address>
         <run_address>0x858</run_address>
         <size>0x20</size>
         <input_file_ref idref="fl-26"/>
      </object_component>
      <object_component id="oc-11a">
         <name>.debug_aranges</name>
         <load_address>0x878</load_address>
         <run_address>0x878</run_address>
         <size>0x20</size>
         <input_file_ref idref="fl-27"/>
      </object_component>
   </object_component_list>
   <logical_group_list>
      <logical_group id="lg-2" display="no" color="cyan">
         <name>codestart</name>
         <load_address>0x0</load_address>
         <run_address>0x0</run_address>
         <size>0x2</size>
         <contents>
            <object_component_ref idref="oc-50"/>
         </contents>
      </logical_group>
      <logical_group id="lg-3" display="no" color="cyan">
         <name>ramfuncs</name>
         <load_address>0x7b</load_address>
         <run_address>0x7b</run_address>
         <size>0x4</size>
         <contents>
            <object_component_ref idref="oc-b5"/>
         </contents>
      </logical_group>
      <logical_group id="lg-4" display="no" color="cyan">
         <name>.text</name>
         <load_address>0x8000</load_address>
         <run_address>0x8000</run_address>
         <size>0x1241</size>
         <contents>
            <object_component_ref idref="oc-5c"/>
            <object_component_ref idref="oc-11b"/>
            <object_component_ref idref="oc-12b"/>
            <object_component_ref idref="oc-131"/>
            <object_component_ref idref="oc-125"/>
            <object_component_ref idref="oc-12c"/>
            <object_component_ref idref="oc-128"/>
            <object_component_ref idref="oc-dd"/>
            <object_component_ref idref="oc-122"/>
            <object_component_ref idref="oc-e2"/>
            <object_component_ref idref="oc-12d"/>
            <object_component_ref idref="oc-c4"/>
            <object_component_ref idref="oc-132"/>
            <object_component_ref idref="oc-12a"/>
            <object_component_ref idref="oc-120"/>
            <object_component_ref idref="oc-126"/>
            <object_component_ref idref="oc-127"/>
            <object_component_ref idref="oc-11d"/>
            <object_component_ref idref="oc-121"/>
            <object_component_ref idref="oc-129"/>
            <object_component_ref idref="oc-11f"/>
            <object_component_ref idref="oc-12e"/>
            <object_component_ref idref="oc-56"/>
            <object_component_ref idref="oc-134"/>
            <object_component_ref idref="oc-11c"/>
            <object_component_ref idref="oc-11e"/>
         </contents>
      </logical_group>
      <logical_group id="lg-5" display="no" color="cyan">
         <name>.cinit</name>
         <load_address>0x50</load_address>
         <run_address>0x50</run_address>
         <size>0x2b</size>
         <contents>
            <object_component_ref idref="oc-fe"/>
            <object_component_ref idref="oc-bb"/>
            <object_component_ref idref="oc-124"/>
            <object_component_ref idref="oc-12f"/>
            <object_component_ref idref="oc-10a"/>
         </contents>
      </logical_group>
      <logical_group id="lg-6" display="no" color="cyan">
         <name>.pinit</name>
         <run_address>0x0</run_address>
         <size>0x0</size>
         <contents>
         </contents>
      </logical_group>
      <logical_group id="lg-7" display="no" color="cyan">
         <name>.switch</name>
         <run_address>0x0</run_address>
         <size>0x0</size>
         <contents>
         </contents>
      </logical_group>
      <logical_group id="lg-8" display="no" color="cyan">
         <name>.reset</name>
         <load_address>0x3fffc0</load_address>
         <run_address>0x3fffc0</run_address>
         <size>0x2</size>
         <contents>
            <object_component_ref idref="oc-e4"/>
         </contents>
      </logical_group>
      <logical_group id="lg-9" display="no" color="cyan">
         <name>.stack</name>
         <run_address>0x400</run_address>
         <size>0x200</size>
         <contents>
            <object_component_ref idref="oc-e3"/>
            <object_component_ref idref="oc-18c"/>
         </contents>
      </logical_group>
      <logical_group id="lg-a" display="no" color="cyan">
         <name>.ebss</name>
         <run_address>0xa500</run_address>
         <size>0x1a</size>
         <contents>
            <object_component_ref idref="oc-bc"/>
            <object_component_ref idref="oc-ff"/>
            <object_component_ref idref="oc-123"/>
            <object_component_ref idref="oc-133"/>
            <object_component_ref idref="oc-10b"/>
         </contents>
      </logical_group>
      <logical_group id="lg-b" display="no" color="cyan">
         <name>.econst</name>
         <load_address>0xa400</load_address>
         <run_address>0xa400</run_address>
         <size>0x100</size>
         <contents>
            <object_component_ref idref="oc-130"/>
         </contents>
      </logical_group>
      <logical_group id="lg-c" display="no" color="cyan">
         <name>.esysmem</name>
         <run_address>0xa000</run_address>
         <size>0x400</size>
         <contents>
            <object_component_ref idref="oc-10c"/>
            <object_component_ref idref="oc-18d"/>
         </contents>
      </logical_group>
      <logical_group id="lg-d" display="no" color="cyan">
         <name>IQmath</name>
         <run_address>0x0</run_address>
         <size>0x0</size>
         <contents>
         </contents>
      </logical_group>
      <logical_group id="lg-e" display="no" color="cyan">
         <name>IQmathTables</name>
         <run_address>0x0</run_address>
         <size>0x0</size>
         <contents>
         </contents>
      </logical_group>
      <logical_group id="lg-f" display="no" color="cyan">
         <name>FPUmathTables</name>
         <run_address>0x0</run_address>
         <size>0x0</size>
         <contents>
         </contents>
      </logical_group>
      <logical_group id="lg-10" display="no" color="cyan">
         <name>DMARAML5</name>
         <run_address>0xc000</run_address>
         <size>0x400</size>
         <contents>
            <object_component_ref idref="oc-bd"/>
         </contents>
      </logical_group>
      <logical_group id="lg-11" display="no" color="cyan">
         <name>DMARAML6</name>
         <run_address>0xe000</run_address>
         <size>0x400</size>
         <contents>
            <object_component_ref idref="oc-be"/>
         </contents>
      </logical_group>
      <logical_group id="lg-12" display="no" color="cyan">
         <name>DMARAML7</name>
         <run_address>0x0</run_address>
         <size>0x0</size>
         <contents>
         </contents>
      </logical_group>
      <logical_group id="lg-13" display="no" color="cyan">
         <name>DMARAML8</name>
         <run_address>0x0</run_address>
         <size>0x0</size>
         <contents>
         </contents>
      </logical_group>
      <logical_group id="lg-15" display="no" color="cyan">
         <name>PieVectTableFile</name>
         <run_address>0xd00</run_address>
         <size>0x100</size>
         <contents>
            <object_component_ref idref="oc-9e"/>
         </contents>
      </logical_group>
      <logical_group id="lg-17" display="no" color="cyan">
         <name>EmuKeyVar</name>
         <run_address>0xd00</run_address>
         <size>0x1</size>
         <contents>
            <object_component_ref idref="oc-68"/>
         </contents>
      </logical_group>
      <logical_group id="lg-18" display="no" color="cyan">
         <name>EmuBModeVar</name>
         <run_address>0xd01</run_address>
         <size>0x1</size>
         <contents>
            <object_component_ref idref="oc-69"/>
         </contents>
      </logical_group>
      <logical_group id="lg-19" display="no" color="cyan">
         <name>FlashCallbackVar</name>
         <run_address>0xd02</run_address>
         <size>0x2</size>
         <contents>
            <object_component_ref idref="oc-6b"/>
         </contents>
      </logical_group>
      <logical_group id="lg-1a" display="no" color="cyan">
         <name>FlashScalingVar</name>
         <run_address>0xd04</run_address>
         <size>0x2</size>
         <contents>
            <object_component_ref idref="oc-6a"/>
         </contents>
      </logical_group>
      <logical_group id="lg-16" display="no" color="cyan">
         <name>GROUP_2</name>
         <run_address>0xd00</run_address>
         <size>0x6</size>
         <contents>
            <logical_group_ref idref="lg-17"/>
            <logical_group_ref idref="lg-18"/>
            <logical_group_ref idref="lg-19"/>
            <logical_group_ref idref="lg-1a"/>
         </contents>
      </logical_group>
      <overlay id="lg-14" display="no" color="cyan">
         <name>UNION_1</name>
         <run_address>0xd00</run_address>
         <size>0x100</size>
         <contents>
            <logical_group_ref idref="lg-15"/>
            <logical_group_ref idref="lg-16"/>
         </contents>
      </overlay>
      <logical_group id="lg-1b" display="no" color="cyan">
         <name>DevEmuRegsFile</name>
         <run_address>0x880</run_address>
         <size>0x4</size>
         <contents>
            <object_component_ref idref="oc-6d"/>
         </contents>
      </logical_group>
      <logical_group id="lg-1c" display="no" color="cyan">
         <name>SysPwrCtrlRegsFile</name>
         <run_address>0x985</run_address>
         <size>0x3</size>
         <contents>
            <object_component_ref idref="oc-6c"/>
         </contents>
      </logical_group>
      <logical_group id="lg-1d" display="no" color="cyan">
         <name>FlashRegsFile</name>
         <run_address>0xa80</run_address>
         <size>0x8</size>
         <contents>
            <object_component_ref idref="oc-72"/>
         </contents>
      </logical_group>
      <logical_group id="lg-1e" display="no" color="cyan">
         <name>CsmRegsFile</name>
         <run_address>0xae0</run_address>
         <size>0x10</size>
         <contents>
            <object_component_ref idref="oc-74"/>
         </contents>
      </logical_group>
      <logical_group id="lg-1f" display="no" color="cyan">
         <name>AdcResultFile</name>
         <run_address>0xb00</run_address>
         <size>0x10</size>
         <contents>
            <object_component_ref idref="oc-73"/>
         </contents>
      </logical_group>
      <logical_group id="lg-20" display="no" color="cyan">
         <name>CpuTimer0RegsFile</name>
         <run_address>0xc00</run_address>
         <size>0x8</size>
         <contents>
            <object_component_ref idref="oc-6e"/>
         </contents>
      </logical_group>
      <logical_group id="lg-21" display="no" color="cyan">
         <name>CpuTimer1RegsFile</name>
         <run_address>0xc08</run_address>
         <size>0x8</size>
         <contents>
            <object_component_ref idref="oc-6f"/>
         </contents>
      </logical_group>
      <logical_group id="lg-22" display="no" color="cyan">
         <name>CpuTimer2RegsFile</name>
         <run_address>0xc10</run_address>
         <size>0x8</size>
         <contents>
            <object_component_ref idref="oc-70"/>
         </contents>
      </logical_group>
      <logical_group id="lg-23" display="no" color="cyan">
         <name>PieCtrlRegsFile</name>
         <run_address>0xce0</run_address>
         <size>0x1a</size>
         <contents>
            <object_component_ref idref="oc-7e"/>
         </contents>
      </logical_group>
      <logical_group id="lg-24" display="no" color="cyan">
         <name>Cla1RegsFile</name>
         <run_address>0x1400</run_address>
         <size>0x40</size>
         <contents>
            <object_component_ref idref="oc-8e"/>
         </contents>
      </logical_group>
      <logical_group id="lg-25" display="no" color="cyan">
         <name>DmaRegsFile</name>
         <run_address>0x1000</run_address>
         <size>0xe0</size>
         <contents>
            <object_component_ref idref="oc-9c"/>
         </contents>
      </logical_group>
      <logical_group id="lg-26" display="no" color="cyan">
         <name>ECanaRegsFile</name>
         <run_address>0x6000</run_address>
         <size>0x34</size>
         <contents>
            <object_component_ref idref="oc-8d"/>
         </contents>
      </logical_group>
      <logical_group id="lg-27" display="no" color="cyan">
         <name>ECanaLAMRegsFile</name>
         <run_address>0x6040</run_address>
         <size>0x40</size>
         <contents>
            <object_component_ref idref="oc-8f"/>
         </contents>
      </logical_group>
      <logical_group id="lg-28" display="no" color="cyan">
         <name>ECanaMboxesFile</name>
         <run_address>0x6100</run_address>
         <size>0x100</size>
         <contents>
            <object_component_ref idref="oc-9d"/>
         </contents>
      </logical_group>
      <logical_group id="lg-29" display="no" color="cyan">
         <name>ECanaMOTSRegsFile</name>
         <run_address>0x6080</run_address>
         <size>0x40</size>
         <contents>
            <object_component_ref idref="oc-90"/>
         </contents>
      </logical_group>
      <logical_group id="lg-2a" display="no" color="cyan">
         <name>ECanaMOTORegsFile</name>
         <run_address>0x60c0</run_address>
         <size>0x40</size>
         <contents>
            <object_component_ref idref="oc-91"/>
         </contents>
      </logical_group>
      <logical_group id="lg-2b" display="no" color="cyan">
         <name>ECap1RegsFile</name>
         <run_address>0x6a00</run_address>
         <size>0x20</size>
         <contents>
            <object_component_ref idref="oc-7f"/>
         </contents>
      </logical_group>
      <logical_group id="lg-2c" display="no" color="cyan">
         <name>ECap2RegsFile</name>
         <run_address>0x6a20</run_address>
         <size>0x20</size>
         <contents>
            <object_component_ref idref="oc-80"/>
         </contents>
      </logical_group>
      <logical_group id="lg-2d" display="no" color="cyan">
         <name>ECap3RegsFile</name>
         <run_address>0x6a40</run_address>
         <size>0x20</size>
         <contents>
            <object_component_ref idref="oc-81"/>
         </contents>
      </logical_group>
      <logical_group id="lg-2e" display="no" color="cyan">
         <name>EQep1RegsFile</name>
         <run_address>0x6b00</run_address>
         <size>0x22</size>
         <contents>
            <object_component_ref idref="oc-88"/>
         </contents>
      </logical_group>
      <logical_group id="lg-2f" display="no" color="cyan">
         <name>EQep2RegsFile</name>
         <run_address>0x6b40</run_address>
         <size>0x22</size>
         <contents>
            <object_component_ref idref="oc-89"/>
         </contents>
      </logical_group>
      <logical_group id="lg-30" display="no" color="cyan">
         <name>GpioCtrlRegsFile</name>
         <run_address>0x6f80</run_address>
         <size>0x40</size>
         <contents>
            <object_component_ref idref="oc-9a"/>
         </contents>
      </logical_group>
      <logical_group id="lg-31" display="no" color="cyan">
         <name>GpioDataRegsFile</name>
         <run_address>0x6fc0</run_address>
         <size>0x20</size>
         <contents>
            <object_component_ref idref="oc-82"/>
         </contents>
      </logical_group>
      <logical_group id="lg-32" display="no" color="cyan">
[...]
         <value>0x6040</value>
         <object_component_ref idref="oc-8f"/>
      </symbol>
      <symbol id="sm-2cd">
         <name>_AdcResult</name>
         <value>0xb00</value>
         <object_component_ref idref="oc-73"/>
      </symbol>
      <symbol id="sm-2ce">
         <name>_EPwm4Regs</name>
         <value>0x68c0</value>
         <object_component_ref idref="oc-95"/>
      </symbol>
      <symbol id="sm-2cf">
         <name>_CpuTimer1Regs</name>
         <value>0xc08</value>
         <object_component_ref idref="oc-6f"/>
      </symbol>
      <symbol id="sm-2d0">
         <name>_SysCtrlRegs</name>
         <value>0x7010</value>
         <object_component_ref idref="oc-8c"/>
      </symbol>
      <symbol id="sm-2d1">
         <name>_HRCap4Regs</name>
         <value>0x6ca0</value>
         <object_component_ref idref="oc-87"/>
      </symbol>
      <symbol id="sm-2d2">
         <name>_EPwm5Regs</name>
         <value>0x6900</value>
         <object_component_ref idref="oc-96"/>
      </symbol>
      <symbol id="sm-2d3">
         <name>_SpiaRegs</name>
         <value>0x7040</value>
         <object_component_ref idref="oc-78"/>
      </symbol>
      <symbol id="sm-2d4">
         <name>_ECanaMOTSRegs</name>
         <value>0x6080</value>
         <object_component_ref idref="oc-90"/>
      </symbol>
      <symbol id="sm-2d5">
         <name>_DmaRegs</name>
         <value>0x1000</value>
         <object_component_ref idref="oc-9c"/>
      </symbol>
      <symbol id="sm-2d6">
         <name>_FlashRegs</name>
         <value>0xa80</value>
         <object_component_ref idref="oc-72"/>
      </symbol>
      <symbol id="sm-2d7">
         <name>_CpuTimer0Regs</name>
         <value>0xc00</value>
         <object_component_ref idref="oc-6e"/>
      </symbol>
      <symbol id="sm-2d8">
         <name>_DevEmuRegs</name>
         <value>0x880</value>
         <object_component_ref idref="oc-6d"/>
      </symbol>
      <symbol id="sm-2d9">
         <name>_EPwm6Regs</name>
         <value>0x6940</value>
         <object_component_ref idref="oc-97"/>
      </symbol>
      <symbol id="sm-2da">
         <name>_Comp1Regs</name>
         <value>0x6400</value>
         <object_component_ref idref="oc-7b"/>
      </symbol>
      <symbol id="sm-2db">
         <name>_SciaRegs</name>
         <value>0x7050</value>
         <object_component_ref idref="oc-76"/>
      </symbol>
      <symbol id="sm-2dc">
         <name>_GpioDataRegs</name>
         <value>0x6fc0</value>
         <object_component_ref idref="oc-82"/>
      </symbol>
      <symbol id="sm-2dd">
         <name>_CsmPwl</name>
         <value>0x3f7ff8</value>
         <object_component_ref idref="oc-71"/>
      </symbol>
      <symbol id="sm-2de">
         <name>_AdcRegs</name>
         <value>0x7100</value>
         <object_component_ref idref="oc-9b"/>
      </symbol>
      <symbol id="sm-2df">
         <name>_EPwm7Regs</name>
         <value>0x6980</value>
         <object_component_ref idref="oc-98"/>
      </symbol>
      <symbol id="sm-2e0">
         <name>_Comp2Regs</name>
         <value>0x6420</value>
         <object_component_ref idref="oc-7c"/>
      </symbol>
      <symbol id="sm-2e1">
         <name>_XIntruptRegs</name>
         <value>0x7070</value>
         <object_component_ref idref="oc-7a"/>
      </symbol>
      <symbol id="sm-2e2">
         <name>_CpuTimer2Regs</name>
         <value>0xc10</value>
         <object_component_ref idref="oc-70"/>
      </symbol>
      <symbol id="sm-2e3">
         <name>_HRCap1Regs</name>
         <value>0x6ac0</value>
         <object_component_ref idref="oc-84"/>
      </symbol>
      <symbol id="sm-2e4">
         <name>_PieCtrlRegs</name>
         <value>0xce0</value>
         <object_component_ref idref="oc-7e"/>
      </symbol>
      <symbol id="sm-2e5">
         <name>_SpibRegs</name>
         <value>0x7740</value>
         <object_component_ref idref="oc-79"/>
      </symbol>
      <symbol id="sm-2e6">
         <name>_ECanaRegs</name>
         <value>0x6000</value>
         <object_component_ref idref="oc-8d"/>
      </symbol>
      <symbol id="sm-2e7">
         <name>_Comp3Regs</name>
         <value>0x6440</value>
         <object_component_ref idref="oc-7d"/>
      </symbol>
      <symbol id="sm-2e8">
         <name>_ECap1Regs</name>
         <value>0x6a00</value>
         <object_component_ref idref="oc-7f"/>
      </symbol>
      <symbol id="sm-2e9">
         <name>_EmuKey</name>
         <value>0xd00</value>
         <object_component_ref idref="oc-68"/>
      </symbol>
      <symbol id="sm-2ea">
         <name>_Cla1Regs</name>
         <value>0x1400</value>
         <object_component_ref idref="oc-8e"/>
      </symbol>
      <symbol id="sm-2eb">
         <name>_EQep1Regs</name>
         <value>0x6b00</value>
         <object_component_ref idref="oc-88"/>
      </symbol>
      <symbol id="sm-2ec">
         <name>_McbspaRegs</name>
         <value>0x5000</value>
         <object_component_ref idref="oc-8b"/>
      </symbol>
      <symbol id="sm-2ed">
         <name>_EPwm1Regs</name>
         <value>0x6800</value>
         <object_component_ref idref="oc-92"/>
      </symbol>
      <symbol id="sm-2ee">
         <name>_ScibRegs</name>
         <value>0x7750</value>
         <object_component_ref idref="oc-77"/>
      </symbol>
      <symbol id="sm-2ef">
         <name>_ECap2Regs</name>
         <value>0x6a20</value>
         <object_component_ref idref="oc-80"/>
      </symbol>
      <symbol id="sm-2f0">
         <name>_GpioIntRegs</name>
         <value>0x6fe0</value>
         <object_component_ref idref="oc-83"/>
      </symbol>
      <symbol id="sm-2f1">
         <name>_EQep2Regs</name>
         <value>0x6b40</value>
         <object_component_ref idref="oc-89"/>
      </symbol>
      <symbol id="sm-2f2">
         <name>_PartIdRegs</name>
         <value>0x3d7e80</value>
         <object_component_ref idref="oc-67"/>
      </symbol>
      <symbol id="sm-2f3">
         <name>_HRCap3Regs</name>
         <value>0x6c80</value>
         <object_component_ref idref="oc-86"/>
      </symbol>
      <symbol id="sm-2f4">
         <name>_EPwm8Regs</name>
         <value>0x69c0</value>
         <object_component_ref idref="oc-99"/>
      </symbol>
      <symbol id="sm-2f5">
         <name>_Flash_CPUScaleFactor</name>
         <value>0xd04</value>
         <object_component_ref idref="oc-6a"/>
      </symbol>
      <symbol id="sm-2f6">
         <name>_EPwm2Regs</name>
         <value>0x6840</value>
         <object_component_ref idref="oc-93"/>
      </symbol>
      <symbol id="sm-2f7">
         <name>_ECanaMboxes</name>
         <value>0x6100</value>
         <object_component_ref idref="oc-9d"/>
      </symbol>
      <symbol id="sm-2f8">
         <name>_ECap3Regs</name>
         <value>0x6a40</value>
         <object_component_ref idref="oc-81"/>
      </symbol>
      <symbol id="sm-2f9">
         <name>_HRCap2Regs</name>
         <value>0x6ae0</value>
         <object_component_ref idref="oc-85"/>
      </symbol>
      <symbol id="sm-2fa">
         <name>_NmiIntruptRegs</name>
         <value>0x7060</value>
         <object_component_ref idref="oc-75"/>
      </symbol>
      <symbol id="sm-2fb">
         <name>_ECanaMOTORegs</name>
         <value>0x60c0</value>
         <object_component_ref idref="oc-91"/>
      </symbol>
      <symbol id="sm-2fc">
         <name>_Flash_CallbackPtr</name>
         <value>0xd02</value>
         <object_component_ref idref="oc-6b"/>
      </symbol>
      <symbol id="sm-2fd">
         <name>_EPwm3Regs</name>
         <value>0x6880</value>
         <object_component_ref idref="oc-94"/>
      </symbol>
      <symbol id="sm-2fe">
         <name>_I2caRegs</name>
         <value>0x7900</value>
         <object_component_ref idref="oc-8a"/>
      </symbol>
      <symbol id="sm-30a">
         <name>_InitPieCtrl</name>
         <value>0x916f</value>
         <object_component_ref idref="oc-126"/>
      </symbol>
      <symbol id="sm-30c">
         <name>_EnableInterrupts</name>
         <value>0x918e</value>
         <object_component_ref idref="oc-126"/>
      </symbol>
      <symbol id="sm-31d">
         <name>_PieVectTableInit</name>
         <value>0xa400</value>
         <object_component_ref idref="oc-130"/>
      </symbol>
      <symbol id="sm-31e">
         <name>_InitPieVectTable</name>
         <value>0x9197</value>
         <object_component_ref idref="oc-127"/>
      </symbol>
      <symbol id="sm-32b">
         <name>_InitScibGpio</name>
         <value>0x9107</value>
         <object_component_ref idref="oc-132"/>
      </symbol>
      <symbol id="sm-32d">
         <name>_InitSciaGpio</name>
         <value>0x90f1</value>
         <object_component_ref idref="oc-132"/>
      </symbol>
      <symbol id="sm-32f">
         <name>_InitSciGpio</name>
         <value>0x90ec</value>
         <object_component_ref idref="oc-132"/>
      </symbol>
      <symbol id="sm-331">
         <name>_InitSci</name>
         <value>0x90eb</value>
         <object_component_ref idref="oc-132"/>
      </symbol>
      <symbol id="sm-349">
         <name>_InitPll</name>
         <value>0x8c21</value>
         <object_component_ref idref="oc-125"/>
      </symbol>
      <symbol id="sm-34b">
         <name>_IntOsc1Sel</name>
         <value>0x8d2a</value>
         <object_component_ref idref="oc-125"/>
      </symbol>
      <symbol id="sm-34d">
         <name>_ExtOscSel</name>
         <value>0x8d6f</value>
         <object_component_ref idref="oc-125"/>
      </symbol>
      <symbol id="sm-34f">
         <name>_DisableDog</name>
         <value>0x8c19</value>
         <object_component_ref idref="oc-125"/>
      </symbol>
      <symbol id="sm-351">
         <name>_InitPeripheralClocks</name>
         <value>0x8ca3</value>
         <object_component_ref idref="oc-125"/>
      </symbol>
      <symbol id="sm-353">
         <name>_IntOsc2Sel</name>
         <value>0x8d3a</value>
         <object_component_ref idref="oc-125"/>
      </symbol>
      <symbol id="sm-355">
         <name>_CsmUnlock</name>
         <value>0x8cf9</value>
         <object_component_ref idref="oc-125"/>
      </symbol>
      <symbol id="sm-357">
         <name>_InitPll2</name>
         <value>0x8c75</value>
         <object_component_ref idref="oc-125"/>
      </symbol>
      <symbol id="sm-359">
         <name>_ServiceDog</name>
         <value>0x8c0f</value>
         <object_component_ref idref="oc-125"/>
      </symbol>
      <symbol id="sm-35b">
         <name>_XtalOscSel</name>
         <value>0x8d54</value>
         <object_component_ref idref="oc-125"/>
      </symbol>
      <symbol id="sm-35d">
         <name>_InitSysCtrl</name>
         <value>0x8bf5</value>
         <object_component_ref idref="oc-125"/>
      </symbol>
      <symbol id="sm-36a">
         <name>_DSP28x_usDelay</name>
         <value>0x7b</value>
         <object_component_ref idref="oc-b5"/>
      </symbol>
      <symbol id="sm-37f">
         <name>_main</name>
         <value>0x8f9e</value>
         <object_component_ref idref="oc-122"/>
      </symbol>
      <symbol id="sm-381">
         <name>_DMASource</name>
         <value>0xa50a</value>
         <object_component_ref idref="oc-bc"/>
      </symbol>
      <symbol id="sm-382">
         <name>_teste</name>
         <value>0xa500</value>
         <object_component_ref idref="oc-bc"/>
      </symbol>
      <symbol id="sm-383">
         <name>_adc_value</name>
         <value>0xa502</value>
         <object_component_ref idref="oc-bc"/>
      </symbol>
      <symbol id="sm-384">
         <name>_DMABuf2</name>
         <value>0xe000</value>
         <object_component_ref idref="oc-be"/>
      </symbol>
      <symbol id="sm-385">
         <name>_DMABuf1</name>
         <value>0xc000</value>
         <object_component_ref idref="oc-bd"/>
      </symbol>
      <symbol id="sm-386">
         <name>_DMADest</name>
         <value>0xa508</value>
         <object_component_ref idref="oc-bc"/>
      </symbol>
      <symbol id="sm-387">
         <name>_adc_buffer_size</name>
         <value>0xa501</value>
         <object_component_ref idref="oc-bc"/>
      </symbol>
      <symbol id="sm-388">
         <name>_mean_adc_value</name>
         <value>0xa504</value>
         <object_component_ref idref="oc-bc"/>
      </symbol>
      <symbol id="sm-389">
         <name>_pid_output</name>
         <value>0xa506</value>
         <object_component_ref idref="oc-bc"/>
      </symbol>
      <symbol id="sm-399">
         <name>_adc_isr</name>
         <value>0x90d2</value>
         <object_component_ref idref="oc-c4"/>
      </symbol>
      <symbol id="sm-39b">
         <name>_local_DINTCH1_ISR</name>
         <value>0x909d</value>
         <object_component_ref idref="oc-c4"/>
      </symbol>
      <symbol id="sm-39d">
         <name>_Config_dma_4_adc</name>
         <value>0x8eb1</value>
         <object_component_ref idref="oc-128"/>
      </symbol>
      <symbol id="sm-39f">
         <name>_config_interrupts</name>
         <value>0x8e50</value>
         <object_component_ref idref="oc-128"/>
      </symbol>
      <symbol id="sm-3a1">
         <name>_Config_adc</name>
         <value>0x8e74</value>
         <object_component_ref idref="oc-128"/>
      </symbol>
      <symbol id="sm-3ae">
         <name>_Config_GPIO</name>
         <value>0x91fe</value>
         <object_component_ref idref="oc-129"/>
      </symbol>
      <symbol id="sm-3c2">
         <name>_insertionSort</name>
         <value>0x904e</value>
         <object_component_ref idref="oc-12d"/>
      </symbol>
      <symbol id="sm-3c4">
         <name>_insertion_rotine</name>
         <value>0x9081</value>
         <object_component_ref idref="oc-12d"/>
      </symbol>
      <symbol id="sm-3d5">
         <name>_initPID</name>
         <value>0x8d85</value>
         <object_component_ref idref="oc-12c"/>
      </symbol>
      <symbol id="sm-3d7">
         <name>_simulateSystem</name>
         <value>0x8df4</value>
         <object_component_ref idref="oc-12c"/>
      </symbol>
      <symbol id="sm-3d9">
         <name>_calculatePIDOutput</name>
         <value>0x8da7</value>
         <object_component_ref idref="oc-12c"/>
      </symbol>
      <symbol id="sm-3db">
         <name>_PID_routine</name>
         <value>0x8dfb</value>
         <object_component_ref idref="oc-12c"/>
      </symbol>
      <symbol id="sm-3e8">
         <name>_scia_xmit</name>
         <value>0x9122</value>
         <object_component_ref idref="oc-12a"/>
      </symbol>
      <symbol id="sm-3ea">
         <name>_scia_loopback_init</name>
         <value>0x912a</value>
         <object_component_ref idref="oc-12a"/>
      </symbol>
      <symbol id="sm-3ec">
         <name>_scia_fifo_init</name>
         <value>0x913e</value>
         <object_component_ref idref="oc-12a"/>
      </symbol>
      <symbol id="sm-3ee">
         <name>_config_sci</name>
         <value>0x911b</value>
         <object_component_ref idref="oc-12a"/>
      </symbol>
      <symbol id="sm-400">
         <name>FS$$DIV</name>
         <value>0x8f16</value>
         <object_component_ref idref="oc-dd"/>
      </symbol>
      <symbol id="sm-41b">
         <name>_c_int00</name>
         <value>0x8ff8</value>
         <object_component_ref idref="oc-e2"/>
      </symbol>
      <symbol id="sm-41c">
         <name>__stack</name>
         <value>0x400</value>
         <object_component_ref idref="oc-e3"/>
      </symbol>
      <symbol id="sm-42b">
         <name>__args_main</name>
         <value>0x9214</value>
         <object_component_ref idref="oc-11f"/>
      </symbol>
      <symbol id="sm-439">
         <name>__system_post_cinit</name>
         <value>0x9240</value>
         <object_component_ref idref="oc-11e"/>
      </symbol>
      <symbol id="sm-446">
         <name>__system_pre_init</name>
         <value>0x923e</value>
         <object_component_ref idref="oc-11c"/>
      </symbol>
      <symbol id="sm-456">
         <name>_copy_in</name>
         <value>0x91bd</value>
         <object_component_ref idref="oc-11d"/>
      </symbol>
      <symbol id="sm-46b">
         <name>C$$EXIT</name>
         <value>0x9146</value>
         <object_component_ref idref="oc-120"/>
      </symbol>
      <symbol id="sm-46c">
         <name>_exit</name>
         <value>0x9148</value>
         <object_component_ref idref="oc-120"/>
      </symbol>
      <symbol id="sm-46e">
         <name>___TI_cleanup_ptr</name>
         <value>0xa50e</value>
         <object_component_ref idref="oc-ff"/>
      </symbol>
      <symbol id="sm-46f">
         <name>___TI_enable_exit_profile_output</name>
         <value>0xa50c</value>
         <object_component_ref idref="oc-ff"/>
      </symbol>
      <symbol id="sm-470">
         <name>_abort</name>
         <value>0x9146</value>
         <object_component_ref idref="oc-120"/>
      </symbol>
      <symbol id="sm-472">
         <name>___TI_dtors_ptr</name>
         <value>0xa510</value>
         <object_component_ref idref="oc-ff"/>
      </symbol>
      <symbol id="sm-486">
         <name>__unlock</name>
         <value>0xa518</value>
         <object_component_ref idref="oc-133"/>
      </symbol>
      <symbol id="sm-487">
         <name>__lock</name>
         <value>0xa516</value>
         <object_component_ref idref="oc-123"/>
      </symbol>
      <symbol id="sm-488">
         <name>__register_lock</name>
         <value>0x922a</value>
         <object_component_ref idref="oc-12e"/>
      </symbol>
      <symbol id="sm-48a">
         <name>__nop</name>
         <value>0x922e</value>
         <object_component_ref idref="oc-12e"/>
      </symbol>
      <symbol id="sm-48c">
         <name>__register_unlock</name>
         <value>0x9226</value>
         <object_component_ref idref="oc-12e"/>
      </symbol>
      <symbol id="sm-4ea">
         <name>__sys_memory</name>
         <value>0xa000</value>
         <object_component_ref idref="oc-10c"/>
      </symbol>
      <symbol id="sm-4eb">
         <name>___TI_heap_total_available</name>
         <value>0x8982</value>
         <object_component_ref idref="oc-12b"/>
      </symbol>
      <symbol id="sm-4ed">
         <name>_realloc</name>
         <value>0x8827</value>
         <object_component_ref idref="oc-12b"/>
      </symbol>
      <symbol id="sm-4ef">
         <name>___TI_heap_check</name>
         <value>0x89bc</value>
         <object_component_ref idref="oc-12b"/>
      </symbol>
      <symbol id="sm-4f1">
         <name>_free</name>
         <value>0x875d</value>
         <object_component_ref idref="oc-12b"/>
      </symbol>
      <symbol id="sm-4f3">
         <name>_memalign</name>
         <value>0x88dc</value>
         <object_component_ref idref="oc-12b"/>
      </symbol>
      <symbol id="sm-4f4">
         <name>_calloc</name>
         <value>0x88af</value>
         <object_component_ref idref="oc-12b"/>
      </symbol>
      <symbol id="sm-4f6">
         <name>_malloc</name>
         <value>0x8732</value>
         <object_component_ref idref="oc-12b"/>
      </symbol>
      <symbol id="sm-4f8">
         <name>_aligned_alloc</name>
         <value>0x88dc</value>
         <object_component_ref idref="oc-12b"/>
      </symbol>
      <symbol id="sm-4fa">
         <name>_minit</name>
         <value>0x88ab</value>
         <object_component_ref idref="oc-12b"/>
      </symbol>
      <symbol id="sm-4fc">
         <name>___TI_heap_largest_available</name>
         <value>0x899f</value>
         <object_component_ref idref="oc-12b"/>
      </symbol>
      <symbol id="sm-50e">
         <name>_memcpy</name>
         <value>0x91e1</value>
         <object_component_ref idref="oc-121"/>
      </symbol>
      <symbol id="sm-51d">
         <name>_memset</name>
         <value>0x9237</value>
         <object_component_ref idref="oc-134"/>
      </symbol>
   </symbol_table>
   <title>Link successful</title>
</link_info>
