******************************************************************************
             TMS320C2000 Linker PC v22.6.0                     
******************************************************************************
>> Linked Thu Mar  7 12:42:41 2024

OUTPUT FILE NAME:   <Example_2806xDMA_ram_to_ram.out>
ENTRY POINT SYMBOL: "code_start"  address: 00000000


MEMORY CONFIGURATION

         name            origin    length      used     unused   attr    fill
----------------------  --------  ---------  --------  --------  ----  --------
PAGE 0:
  BEGIN                 00000000   00000002  00000002  00000000  RWIX
  RAMM0                 00000050   000003b0  0000007f  00000331  RWIX
  RAML0_L3              00008000   00002000  00001fc6  0000003a  RWIX
  FPUTABLES             003fd590   000006a0  00000000  000006a0  RWIX
  IQTABLES              003fdf00   00000b50  00000000  00000b50  RWIX
  IQTABLES2             003fea50   0000008c  00000000  0000008c  RWIX
  IQTABLES3             003feadc   000000aa  00000000  000000aa  RWIX
  BOOTROM               003ff3b0   00000c10  00000000  00000c10  RWIX
  RESET                 003fffc0   00000002  00000000  00000002  RWIX

PAGE 1:
  BOOT_RSVD             00000002   0000004e  00000000  0000004e  RWIX
  RAMM1                 00000400   00000400  00000200  00000200  RWIX
  DEV_EMU               00000880   00000105  00000004  00000101  RWIX
  SYS_PWR_CTL           00000985   00000003  00000003  00000000  RWIX
  FLASH_REGS            00000a80   00000060  00000008  00000058  RWIX
  CSM                   00000ae0   00000020  00000010  00000010  RWIX
  ADC_RESULT            00000b00   00000020  00000010  00000010  RWIX
  CPU_TIMER0            00000c00   00000008  00000008  00000000  RWIX
  CPU_TIMER1            00000c08   00000008  00000008  00000000  RWIX
  CPU_TIMER2            00000c10   00000008  00000008  00000000  RWIX
  PIE_CTRL              00000ce0   00000020  0000001a  00000006  RWIX
  PIE_VECT              00000d00   00000100  00000100  00000000  RWIX
  DMA                   00001000   00000200  000000e0  00000120  RWIX
  CLA1                  00001400   00000080  00000040  00000040  RWIX
  USB0                  00004000   00001000  00000454  00000bac  RWIX
  McBSPA                00005000   00000040  00000024  0000001c  RWIX
  ECANA                 00006000   00000040  00000034  0000000c  RWIX
  ECANA_LAM             00006040   00000040  00000040  00000000  RWIX
  ECANA_MOTS            00006080   00000040  00000040  00000000  RWIX
  ECANA_MOTO            000060c0   00000040  00000040  00000000  RWIX
  ECANA_MBOX            00006100   00000100  00000100  00000000  RWIX
  COMP1                 00006400   00000020  00000014  0000000c  RWIX
  COMP2                 00006420   00000020  00000014  0000000c  RWIX
  COMP3                 00006440   00000020  00000014  0000000c  RWIX
  EPWM1                 00006800   00000040  00000040  00000000  RWIX
  EPWM2                 00006840   00000040  00000040  00000000  RWIX
  EPWM3                 00006880   00000040  00000040  00000000  RWIX
  EPWM4                 000068c0   00000040  00000040  00000000  RWIX
  EPWM5                 00006900   00000040  00000040  00000000  RWIX
  EPWM6                 00006940   00000040  00000040  00000000  RWIX
  EPWM7                 00006980   00000040  00000040  00000000  RWIX
  EPWM8                 000069c0   00000040  00000040  00000000  RWIX
  ECAP1                 00006a00   00000020  00000020  00000000  RWIX
  ECAP2                 00006a20   00000020  00000020  00000000  RWIX
  ECAP3                 00006a40   00000020  00000020  00000000  RWIX
  HRCAP1                00006ac0   00000020  00000020  00000000  RWIX
  HRCAP2                00006ae0   00000020  00000020  00000000  RWIX
  EQEP1                 00006b00   00000040  00000022  0000001e  RWIX
  EQEP2                 00006b40   00000040  00000022  0000001e  RWIX
  HRCAP3                00006c80   00000020  00000020  00000000  RWIX
  HRCAP4                00006ca0   00000020  00000020  00000000  RWIX
  GPIOCTRL              00006f80   00000040  00000040  00000000  RWIX
  GPIODAT               00006fc0   00000020  00000020  00000000  RWIX
  GPIOINT               00006fe0   00000020  00000020  00000000  RWIX
  SYSTEM                00007010   00000030  00000030  00000000  RWIX
  SPIA                  00007040   00000010  00000010  00000000  RWIX
  SCIA                  00007050   00000010  00000010  00000000  RWIX
  NMIINTRUPT            00007060   00000010  00000010  00000000  RWIX
  XINTRUPT              00007070   00000010  00000010  00000000  RWIX
  ADC                   00007100   00000080  00000050  00000030  RWIX
  SPIB                  00007740   00000010  00000010  00000000  RWIX
  SCIB                  00007750   00000010  00000010  00000000  RWIX
  I2CA                  00007900   00000040  00000022  0000001e  RWIX
  RAML4                 0000a000   00002000  000009cf  00001631  RWIX
  RAML5                 0000c000   00002000  00000400  00001c00  RWIX
  RAML6                 0000e000   00002000  00000400  00001c00  RWIX
  RAML7                 00010000   00002000  00000000  00002000  RWIX
  RAML8                 00012000   00002000  00000000  00002000  RWIX
  USB_RAM               00040000   00000800  00000000  00000800  RWIX
  PARTID                003d7e80   00000001  00000001  00000000  RWIX
  CSM_PWL               003f7ff8   00000008  00000008  00000000  RWIX


SECTION ALLOCATION MAP

 output                                  attributes/
section   page    origin      length       input sections
--------  ----  ----------  ----------   ----------------
codestart 
*          0    00000000    00000002     
                  00000000    00000002     F2806x_CodeStartBranch.obj (codestart)

.cinit     0    00000050    0000007b     
                  00000050    00000034     tasks.obj (.cinit)
                  00000084    0000001c     main.obj (.cinit)
                  000000a0    0000000e     rts2800_fpu32.lib : exit.c.obj (.cinit)
                  000000ae    0000000d     port.obj (.cinit)
                  000000bb    00000005     rts2800_fpu32.lib : _lock.c.obj (.cinit:__lock)
                  000000c0    00000005                       : _lock.c.obj (.cinit:__unlock)
                  000000c5    00000004                       : memory.c.obj (.cinit)
                  000000c9    00000002     --HOLE-- [fill = 0]

ramfuncs   0    000000cb    00000004     
                  000000cb    00000004     F2806x_usDelay.obj (ramfuncs)

.text      0    00008000    00001fc6     
                  00008000    0000068c     tasks.obj (.text)
                  0000868c    0000040c     queue.obj (.text)
                  00008a98    000003a9     F2806x_DefaultIsr.obj (.text:retain)
                  00008e41    00000389     F2806x_Dma.obj (.text)
                  000091ca    0000028c     rts2800_fpu32.lib : memory.c.obj (.text)
                  00009456    00000237     F2806x_Adc.obj (.text)
                  0000968d    00000190     F2806x_SysCtrl.obj (.text)
                  0000981d    000000f3     main.obj (.text)
                  00009910    000000d5     port.obj (.text)
                  000099e5    000000c8     pid.obj (.text)
                  00009aad    000000c6     adc.obj (.text)
                  00009b73    00000092     list.obj (.text)
                  00009c05    00000088     rts2800_fpu32.lib : fs_div28.asm.obj (.text)
                  00009c8d    00000083     porASM.obj (.text)
                  00009d10    00000076     F2806x_CpuTimers.obj (.text)
                  00009d86    00000056     rts2800_fpu32.lib : boot28.asm.obj (.text)
                  00009ddc    0000004f     insertion.obj (.text)
                  00009e2b    0000004e     adc.obj (.text:retain)
                  00009e79    0000003f     main.obj (.text:retain)
                  00009eb8    00000029     rts2800_fpu32.lib : exit.c.obj (.text)
                  00009ee1    00000028     F2806x_PieCtrl.obj (.text)
                  00009f09    00000026     F2806x_PieVect.obj (.text)
                  00009f2f    00000024     rts2800_fpu32.lib : cpy_tbl.c.obj (.text)
                  00009f53    0000001d                       : memcpy.c.obj (.text)
                  00009f70    00000016     gpio.obj (.text)
                  00009f86    00000013     rts2800_fpu32.lib : memcmp.c.obj (.text)
                  00009f99    00000012                       : args_main.c.obj (.text)
                  00009fab    00000009                       : _lock.c.obj (.text)
                  00009fb4    00000008     F2806x_CodeStartBranch.obj (.text)
                  00009fbc    00000007     rts2800_fpu32.lib : memset.c.obj (.text)
                  00009fc3    00000002                       : pre_init.c.obj (.text)
                  00009fc5    00000001                       : startup.c.obj (.text)

.pinit     0    00000050    00000000     UNINITIALIZED

.reset     0    003fffc0    00000002     DSECT
                  003fffc0    00000002     rts2800_fpu32.lib : boot28.asm.obj (.reset)

.stack     1    00000400    00000200     UNINITIALIZED
                  00000400    00000200     --HOLE--

DevEmuRegsFile 
*          1    00000880    00000004     UNINITIALIZED
                  00000880    00000004     F2806x_GlobalVariableDefs.obj (DevEmuRegsFile)

SysPwrCtrlRegsFile 
*          1    00000985    00000003     UNINITIALIZED
                  00000985    00000003     F2806x_GlobalVariableDefs.obj (SysPwrCtrlRegsFile)

FlashRegsFile 
*          1    00000a80    00000008     UNINITIALIZED
                  00000a80    00000008     F2806x_GlobalVariableDefs.obj (FlashRegsFile)

CsmRegsFile 
*          1    00000ae0    00000010     UNINITIALIZED
                  00000ae0    00000010     F2806x_GlobalVariableDefs.obj (CsmRegsFile)

AdcResultFile 
*          1    00000b00    00000010     UNINITIALIZED
                  00000b00    00000010     F2806x_GlobalVariableDefs.obj (AdcResultFile)

CpuTimer0RegsFile 
*          1    00000c00    00000008     UNINITIALIZED
                  00000c00    00000008     F2806x_GlobalVariableDefs.obj (CpuTimer0RegsFile)

CpuTimer1RegsFile 
*          1    00000c08    00000008     UNINITIALIZED
                  00000c08    00000008     F2806x_GlobalVariableDefs.obj (CpuTimer1RegsFile)

CpuTimer2RegsFile 
*          1    00000c10    00000008     UNINITIALIZED
                  00000c10    00000008     F2806x_GlobalVariableDefs.obj (CpuTimer2RegsFile)

PieCtrlRegsFile 
*          1    00000ce0    0000001a     UNINITIALIZED
                  00000ce0    0000001a     F2806x_GlobalVariableDefs.obj (PieCtrlRegsFile)

DmaRegsFile 
*          1    00001000    000000e0     UNINITIALIZED
                  00001000    000000e0     F2806x_GlobalVariableDefs.obj (DmaRegsFile)

Usb0RegsFile 
*          1    00004000    00000454     UNINITIALIZED
                  00004000    00000454     F2806x_GlobalVariableDefs.obj (Usb0RegsFile)

McbspaRegsFile 
*          1    00005000    00000024     UNINITIALIZED
                  00005000    00000024     F2806x_GlobalVariableDefs.obj (McbspaRegsFile)

ECanaMOTSRegsFile 
*          1    00006080    00000040     UNINITIALIZED
                  00006080    00000040     F2806x_GlobalVariableDefs.obj (ECanaMOTSRegsFile)

ECanaMOTORegsFile 
*          1    000060c0    00000040     UNINITIALIZED
                  000060c0    00000040     F2806x_GlobalVariableDefs.obj (ECanaMOTORegsFile)

Comp1RegsFile 
*          1    00006400    00000014     UNINITIALIZED
                  00006400    00000014     F2806x_GlobalVariableDefs.obj (Comp1RegsFile)

Comp2RegsFile 
*          1    00006420    00000014     UNINITIALIZED
                  00006420    00000014     F2806x_GlobalVariableDefs.obj (Comp2RegsFile)

Comp3RegsFile 
*          1    00006440    00000014     UNINITIALIZED
                  00006440    00000014     F2806x_GlobalVariableDefs.obj (Comp3RegsFile)

EPwm1RegsFile 
*          1    00006800    00000040     UNINITIALIZED
                  00006800    00000040     F2806x_GlobalVariableDefs.obj (EPwm1RegsFile)

EPwm2RegsFile 
*          1    00006840    00000040     UNINITIALIZED
                  00006840    00000040     F2806x_GlobalVariableDefs.obj (EPwm2RegsFile)

EPwm3RegsFile 
*          1    00006880    00000040     UNINITIALIZED
                  00006880    00000040     F2806x_GlobalVariableDefs.obj (EPwm3RegsFile)

EPwm4RegsFile 
*          1    000068c0    00000040     UNINITIALIZED
                  000068c0    00000040     F2806x_GlobalVariableDefs.obj (EPwm4RegsFile)

EPwm5RegsFile 
*          1    00006900    00000040     UNINITIALIZED
                  00006900    00000040     F2806x_GlobalVariableDefs.obj (EPwm5RegsFile)

EPwm6RegsFile 
*          1    00006940    00000040     UNINITIALIZED
                  00006940    00000040     F2806x_GlobalVariableDefs.obj (EPwm6RegsFile)

EPwm7RegsFile 
*          1    00006980    00000040     UNINITIALIZED
                  00006980    00000040     F2806x_GlobalVariableDefs.obj (EPwm7RegsFile)

EPwm8RegsFile 
*          1    000069c0    00000040     UNINITIALIZED
                  000069c0    00000040     F2806x_GlobalVariableDefs.obj (EPwm8RegsFile)

HRCap1RegsFile 
*          1    00006ac0    00000020     UNINITIALIZED
                  00006ac0    00000020     F2806x_GlobalVariableDefs.obj (HRCap1RegsFile)

HRCap2RegsFile 
*          1    00006ae0    00000020     UNINITIALIZED
                  00006ae0    00000020     F2806x_GlobalVariableDefs.obj (HRCap2RegsFile)

HRCap3RegsFile 
*          1    00006c80    00000020     UNINITIALIZED
                  00006c80    00000020     F2806x_GlobalVariableDefs.obj (HRCap3RegsFile)

HRCap4RegsFile 
*          1    00006ca0    00000020     UNINITIALIZED
                  00006ca0    00000020     F2806x_GlobalVariableDefs.obj (HRCap4RegsFile)

SciaRegsFile 
*          1    00007050    00000010     UNINITIALIZED
                  00007050    00000010     F2806x_GlobalVariableDefs.obj (SciaRegsFile)

NmiIntruptRegsFile 
*          1    00007060    00000010     UNINITIALIZED
                  00007060    00000010     F2806x_GlobalVariableDefs.obj (NmiIntruptRegsFile)

XIntruptRegsFile 
*          1    00007070    00000010     UNINITIALIZED
                  00007070    00000010     F2806x_GlobalVariableDefs.obj (XIntruptRegsFile)

AdcRegsFile 
*          1    00007100    00000050     UNINITIALIZED
                  00007100    00000050     F2806x_GlobalVariableDefs.obj (AdcRegsFile)

.ebss      1    0000a000    00000498     UNINITIALIZED
                  0000a000    00000100     main.obj (.ebss:_controlTaskStack)
                  0000a100    00000100     main.obj (.ebss:_idleTaskStack)
                  0000a200    00000100     main.obj (.ebss:_insertionTaskStack)
                  0000a300    000000f0     main.obj (.ebss)
                  0000a3f0    00000006     rts2800_fpu32.lib : exit.c.obj (.ebss)
                  0000a3f6    00000004     port.obj (.ebss)
                  0000a3fa    00000004     rts2800_fpu32.lib : memory.c.obj (.ebss)
                  0000a3fe    00000002                       : _lock.c.obj (.ebss:__lock)
                  0000a400    00000032     tasks.obj (.ebss:_pxReadyTasksLists)
                  0000a432    00000002     rts2800_fpu32.lib : _lock.c.obj (.ebss:__unlock)
                  0000a434    0000000c     --HOLE--
                  0000a440    00000032     tasks.obj (.ebss)
                  0000a472    0000000e     --HOLE--
                  0000a480    00000018     F2806x_CpuTimers.obj (.ebss)

.esysmem   1    0000a498    00000400     UNINITIALIZED
                  0000a498    00000004     rts2800_fpu32.lib : memory.c.obj (.esysmem)
                  0000a49c    000003fc     --HOLE--

.econst    1    0000a898    00000137     
                  0000a898    00000100     F2806x_PieVect.obj (.econst:_PieVectTableInit)
                  0000a998    0000001d     main.obj (.econst:.string)
                  0000a9b5    00000014     tasks.obj (.econst:_ucExpectedStackBytes$1)
                  0000a9c9    00000001     --HOLE-- [fill = 0]
                  0000a9ca    00000005     tasks.obj (.econst:.string)

DMARAML5   1    0000c000    00000400     UNINITIALIZED
                  0000c000    00000400     main.obj (DMARAML5)

DMARAML6   1    0000e000    00000400     UNINITIALIZED
                  0000e000    00000400     main.obj (DMARAML6)

PieVectTableFile 
*          1    00000d00    00000100     UNINITIALIZED
                  00000d00    00000100     F2806x_GlobalVariableDefs.obj (PieVectTableFile)

EmuKeyVar 
*          1    00000d00    00000001     UNINITIALIZED
                  00000d00    00000001     F2806x_GlobalVariableDefs.obj (EmuKeyVar)

EmuBModeVar 
*          1    00000d01    00000001     UNINITIALIZED
                  00000d01    00000001     F2806x_GlobalVariableDefs.obj (EmuBModeVar)

FlashCallbackVar 
*          1    00000d02    00000002     UNINITIALIZED
                  00000d02    00000002     F2806x_GlobalVariableDefs.obj (FlashCallbackVar)

FlashScalingVar 
*          1    00000d04    00000002     UNINITIALIZED
                  00000d04    00000002     F2806x_GlobalVariableDefs.obj (FlashScalingVar)

Cla1RegsFile 
*          1    00001400    00000040     UNINITIALIZED
                  00001400    00000040     F2806x_GlobalVariableDefs.obj (Cla1RegsFile)

ECanaRegsFile 
*          1    00006000    00000034     UNINITIALIZED
                  00006000    00000034     F2806x_GlobalVariableDefs.obj (ECanaRegsFile)

ECanaLAMRegsFile 
*          1    00006040    00000040     UNINITIALIZED
                  00006040    00000040     F2806x_GlobalVariableDefs.obj (ECanaLAMRegsFile)

ECanaMboxesFile 
*          1    00006100    00000100     UNINITIALIZED
                  00006100    00000100     F2806x_GlobalVariableDefs.obj (ECanaMboxesFile)

ECap1RegsFile 
*          1    00006a00    00000020     UNINITIALIZED
                  00006a00    00000020     F2806x_GlobalVariableDefs.obj (ECap1RegsFile)

ECap2RegsFile 
*          1    00006a20    00000020     UNINITIALIZED
                  00006a20    00000020     F2806x_GlobalVariableDefs.obj (ECap2RegsFile)

ECap3RegsFile 
*          1    00006a40    00000020     UNINITIALIZED
                  00006a40    00000020     F2806x_GlobalVariableDefs.obj (ECap3RegsFile)

EQep1RegsFile 
*          1    00006b00    00000022     UNINITIALIZED
                  00006b00    00000022     F2806x_GlobalVariableDefs.obj (EQep1RegsFile)

EQep2RegsFile 
*          1    00006b40    00000022     UNINITIALIZED
                  00006b40    00000022     F2806x_GlobalVariableDefs.obj (EQep2RegsFile)

GpioCtrlRegsFile 
*          1    00006f80    00000040     UNINITIALIZED
                  00006f80    00000040     F2806x_GlobalVariableDefs.obj (GpioCtrlRegsFile)

GpioDataRegsFile 
*          1    00006fc0    00000020     UNINITIALIZED
                  00006fc0    00000020     F2806x_GlobalVariableDefs.obj (GpioDataRegsFile)

GpioIntRegsFile 
*          1    00006fe0    00000020     UNINITIALIZED
                  00006fe0    00000020     F2806x_GlobalVariableDefs.obj (GpioIntRegsFile)

SysCtrlRegsFile 
*          1    00007010    00000030     UNINITIALIZED
                  00007010    00000030     F2806x_GlobalVariableDefs.obj (SysCtrlRegsFile)

SpiaRegsFile 
*          1    00007040    00000010     UNINITIALIZED
                  00007040    00000010     F2806x_GlobalVariableDefs.obj (SpiaRegsFile)

SpibRegsFile 
*          1    00007740    00000010     UNINITIALIZED
                  00007740    00000010     F2806x_GlobalVariableDefs.obj (SpibRegsFile)

ScibRegsFile 
*          1    00007750    00000010     UNINITIALIZED
                  00007750    00000010     F2806x_GlobalVariableDefs.obj (ScibRegsFile)

I2caRegsFile 
*          1    00007900    00000022     UNINITIALIZED
                  00007900    00000022     F2806x_GlobalVariableDefs.obj (I2caRegsFile)

PartIdRegsFile 
*          1    003d7e80    00000001     UNINITIALIZED
                  003d7e80    00000001     F2806x_GlobalVariableDefs.obj (PartIdRegsFile)

CsmPwlFile 
*          1    003f7ff8    00000008     UNINITIALIZED
                  003f7ff8    00000008     F2806x_GlobalVariableDefs.obj (CsmPwlFile)

MODULE SUMMARY

       Module                          code   initialized data   uninitialized data
       ------                          ----   ----------------   ------------------
    .\
       F2806x_GlobalVariableDefs.obj   0      0                  3550              
       main.obj                        306    57                 3056              
       F2806x_DefaultIsr.obj           937    0                  0                 
       F2806x_Dma.obj                  905    0                  0                 
       F2806x_Adc.obj                  567    0                  0                 
       F2806x_SysCtrl.obj              400    0                  0                 
       F2806x_PieVect.obj              38     256                0                 
       F2806x_CpuTimers.obj            118    0                  24                
       F2806x_PieCtrl.obj              40     0                  0                 
       F2806x_CodeStartBranch.obj      10     0                  0                 
       F2806x_usDelay.obj              4      0                  0                 
    +--+-------------------------------+------+------------------+--------------------+
       Total:                          3325   313                6630              
                                                                                   
    .\FreeRTOS\
       tasks.obj                       1676   77                 100               
       queue.obj                       1036   0                  0                 
       list.obj                        146    0                  0                 
    +--+-------------------------------+------+------------------+--------------------+
       Total:                          2858   77                 100               
                                                                                   
    .\FreeRTOS\port\
       port.obj                        213    13                 4                 
       porASM.obj                      131    0                  0                 
    +--+-------------------------------+------+------------------+--------------------+
       Total:                          344    13                 4                 
                                                                                   
    .\Methods\functions\
       adc.obj                         276    0                  0                 
       pid.obj                         200    0                  0                 
       insertion.obj                   79     0                  0                 
       gpio.obj                        22     0                  0                 
    +--+-------------------------------+------+------------------+--------------------+
       Total:                          577    0                  0                 
                                                                                   
    C:/ti/ccs1240/ccs/tools/compiler/ti-cgt-c2000_22.6.0.LTS/lib/rts2800_fpu32.lib
       memory.c.obj                    652    4                  4                 
       fs_div28.asm.obj                136    0                  0                 
       boot28.asm.obj                  86     0                  0                 
       exit.c.obj                      41     14                 6                 
       cpy_tbl.c.obj                   36     0                  0                 
       memcpy.c.obj                    29     0                  0                 
       _lock.c.obj                     9      10                 4                 
       memcmp.c.obj                    19     0                  0                 
       args_main.c.obj                 18     0                  0                 
       memset.c.obj                    7      0                  0                 
       pre_init.c.obj                  2      0                  0                 
       startup.c.obj                   1      0                  0                 
    +--+-------------------------------+------+------------------+--------------------+
       Total:                          1036   28                 14                
                                                                                   
       Heap:                           0      0                  1024              
       Stack:                          0      0                  512               
    +--+-------------------------------+------+------------------+--------------------+
       Grand Total:                    8140   431                8284              


GLOBAL DATA SYMBOLS: SORTED BY DATA PAGE

address     data page           name
--------    ----------------    ----
00000400      10 (00000400)     __stack

00000880      22 (00000880)     _DevEmuRegs

00000985      26 (00000980)     _SysPwrCtrlRegs

00000a80      2a (00000a80)     _FlashRegs

00000ae0      2b (00000ac0)     _CsmRegs

00000b00      2c (00000b00)     _AdcResult

00000c00      30 (00000c00)     _CpuTimer0Regs
00000c08      30 (00000c00)     _CpuTimer1Regs
00000c10      30 (00000c00)     _CpuTimer2Regs

00000ce0      33 (00000cc0)     _PieCtrlRegs

00000d00      34 (00000d00)     _EmuKey
00000d00      34 (00000d00)     _PieVectTable
00000d01      34 (00000d00)     _EmuBMode
00000d02      34 (00000d00)     _Flash_CallbackPtr
00000d04      34 (00000d00)     _Flash_CPUScaleFactor

00001000      40 (00001000)     _DmaRegs

00001400      50 (00001400)     _Cla1Regs

00004000     100 (00004000)     _Usb0Regs

00005000     140 (00005000)     _McbspaRegs

00006000     180 (00006000)     _ECanaRegs

00006040     181 (00006040)     _ECanaLAMRegs

00006080     182 (00006080)     _ECanaMOTSRegs

000060c0     183 (000060c0)     _ECanaMOTORegs

00006100     184 (00006100)     _ECanaMboxes

00006400     190 (00006400)     _Comp1Regs
00006420     190 (00006400)     _Comp2Regs

00006440     191 (00006440)     _Comp3Regs

00006800     1a0 (00006800)     _EPwm1Regs

00006840     1a1 (00006840)     _EPwm2Regs

00006880     1a2 (00006880)     _EPwm3Regs

000068c0     1a3 (000068c0)     _EPwm4Regs

00006900     1a4 (00006900)     _EPwm5Regs

00006940     1a5 (00006940)     _EPwm6Regs

00006980     1a6 (00006980)     _EPwm7Regs

000069c0     1a7 (000069c0)     _EPwm8Regs

00006a00     1a8 (00006a00)     _ECap1Regs
00006a20     1a8 (00006a00)     _ECap2Regs

00006a40     1a9 (00006a40)     _ECap3Regs

00006ac0     1ab (00006ac0)     _HRCap1Regs
00006ae0     1ab (00006ac0)     _HRCap2Regs

00006b00     1ac (00006b00)     _EQep1Regs

00006b40     1ad (00006b40)     _EQep2Regs

00006c80     1b2 (00006c80)     _HRCap3Regs
00006ca0     1b2 (00006c80)     _HRCap4Regs

00006f80     1be (00006f80)     _GpioCtrlRegs

00006fc0     1bf (00006fc0)     _GpioDataRegs
00006fe0     1bf (00006fc0)     _GpioIntRegs

00007010     1c0 (00007000)     _SysCtrlRegs

00007040     1c1 (00007040)     _SpiaRegs
00007050     1c1 (00007040)     _SciaRegs
00007060     1c1 (00007040)     _NmiIntruptRegs
00007070     1c1 (00007040)     _XIntruptRegs

00007100     1c4 (00007100)     _AdcRegs

00007740     1dd (00007740)     _SpibRegs
00007750     1dd (00007740)     _ScibRegs

00007900     1e4 (00007900)     _I2caRegs

0000a300     28c (0000a300)     _teste
0000a301     28c (0000a300)     _adc_buffer_size
0000a302     28c (0000a300)     _adc_value
0000a304     28c (0000a300)     _mean_adc_value
0000a306     28c (0000a300)     _pid_output
0000a308     28c (0000a300)     _DMADest
0000a30a     28c (0000a300)     _DMASource

0000a3f0     28f (0000a3c0)     ___TI_enable_exit_profile_output
0000a3f2     28f (0000a3c0)     ___TI_cleanup_ptr
0000a3f4     28f (0000a3c0)     ___TI_dtors_ptr
0000a3f6     28f (0000a3c0)     _bYield
0000a3f7     28f (0000a3c0)     _bPreemptive
0000a3f8     28f (0000a3c0)     _ulCriticalNesting
0000a3fe     28f (0000a3c0)     __lock

0000a432     290 (0000a400)     __unlock

0000a448     291 (0000a440)     _pxCurrentTCB

0000a480     292 (0000a480)     _CpuTimer0
0000a488     292 (0000a480)     _CpuTimer1
0000a490     292 (0000a480)     _CpuTimer2
0000a498     292 (0000a480)     __sys_memory

0000a898     2a2 (0000a880)     _PieVectTableInit

0000c000     300 (0000c000)     _DMABuf1

0000e000     380 (0000e000)     _DMABuf2

003d7e80    f5fa (003d7e80)     _PartIdRegs

003f7ff8    fdff (003f7fc0)     _CsmPwl


GLOBAL SYMBOLS: SORTED ALPHABETICALLY BY Name 

page  address   name                              
----  -------   ----                              
0     00008000  .text                             
0     00009eb8  C$$EXIT                           
0     00009c05  FS$$DIV                           
0     00008b56  _ADCINT1_ISR                      
0     00008b67  _ADCINT2_ISR                      
0     00008d76  _ADCINT3_ISR                      
0     00008d80  _ADCINT4_ISR                      
0     00008d8a  _ADCINT5_ISR                      
0     00008d94  _ADCINT6_ISR                      
0     00008d9e  _ADCINT7_ISR                      
0     00008da8  _ADCINT8_ISR                      
0     00008b85  _ADCINT9_ISR                      
0     000094c8  _AdcChanSelect                    
0     0000953d  _AdcConversion                    
0     000094a1  _AdcOffsetSelfCal                 
1     00007100  _AdcRegs                          
1     00000b00  _AdcResult                        
0     00008db2  _CLA1_INT1_ISR                    
0     00008dbc  _CLA1_INT2_ISR                    
0     00008dc6  _CLA1_INT3_ISR                    
0     00008dd0  _CLA1_INT4_ISR                    
0     00008dda  _CLA1_INT5_ISR                    
0     00008de4  _CLA1_INT6_ISR                    
0     00008dee  _CLA1_INT7_ISR                    
0     00008df8  _CLA1_INT8_ISR                    
1     00001400  _Cla1Regs                         
1     00006400  _Comp1Regs                        
1     00006420  _Comp2Regs                        
1     00006440  _Comp3Regs                        
0     00009d4b  _ConfigCpuTimer                   
0     00009f70  _Config_GPIO                      
0     00009ad1  _Config_adc                       
0     00009b0e  _Config_dma_4_adc                 
1     0000a480  _CpuTimer0                        
1     00000c00  _CpuTimer0Regs                    
1     0000a488  _CpuTimer1                        
1     00000c08  _CpuTimer1Regs                    
1     0000a490  _CpuTimer2                        
1     00000c10  _CpuTimer2Regs                    
1     003f7ff8  _CsmPwl                           
1     00000ae0  _CsmRegs                          
0     00009791  _CsmUnlock                        
0     00008aac  _DATALOG_ISR                      
0     00008ce3  _DINTCH1_ISR                      
0     00008cf4  _DINTCH2_ISR                      
0     00008cfe  _DINTCH3_ISR                      
0     00008d08  _DINTCH4_ISR                      
0     00008d12  _DINTCH5_ISR                      
0     00008d1c  _DINTCH6_ISR                      
1     0000c000  _DMABuf1                          
1     0000e000  _DMABuf2                          
0     00008e4c  _DMACH1AddrConfig                 
0     00008e5c  _DMACH1BurstConfig                
0     00008e8f  _DMACH1ModeConfig                 
0     00008e6c  _DMACH1TransferConfig             
0     00008e7c  _DMACH1WrapConfig                 
0     00008ee1  _DMACH2AddrConfig                 
0     00008ef1  _DMACH2BurstConfig                
0     00008f24  _DMACH2ModeConfig                 
0     00008f01  _DMACH2TransferConfig             
0     00008f11  _DMACH2WrapConfig                 
0     00008f76  _DMACH3AddrConfig                 
0     00008f86  _DMACH3BurstConfig                
0     00008fb9  _DMACH3ModeConfig                 
0     00008f96  _DMACH3TransferConfig             
0     00008fa6  _DMACH3WrapConfig                 
0     0000900b  _DMACH4AddrConfig                 
0     0000901b  _DMACH4BurstConfig                
0     0000904e  _DMACH4ModeConfig                 
0     0000902b  _DMACH4TransferConfig             
0     0000903b  _DMACH4WrapConfig                 
0     000090a0  _DMACH5AddrConfig                 
0     000090b0  _DMACH5BurstConfig                
0     000090e3  _DMACH5ModeConfig                 
0     000090c0  _DMACH5TransferConfig             
0     000090d0  _DMACH5WrapConfig                 
0     00009135  _DMACH6AddrConfig                 
0     00009145  _DMACH6BurstConfig                
0     00009178  _DMACH6ModeConfig                 
0     00009155  _DMACH6TransferConfig             
0     00009165  _DMACH6WrapConfig                 
1     0000a308  _DMADest                          
0     00008e41  _DMAInitialize                    
1     0000a30a  _DMASource                        
0     000000cb  _DSP28x_usDelay                   
1     00000880  _DevEmuRegs                       
0     000096b1  _DisableDog                       
1     00001000  _DmaRegs                          
0     00008d62  _ECAN0INTA_ISR                    
0     00008d6c  _ECAN1INTA_ISR                    
0     00008c43  _ECAP1_INT_ISR                    
0     00008c4d  _ECAP2_INT_ISR                    
0     00008c57  _ECAP3_INT_ISR                    
1     00006040  _ECanaLAMRegs                     
1     000060c0  _ECanaMOTORegs                    
1     00006080  _ECanaMOTSRegs                    
1     00006100  _ECanaMboxes                      
1     00006000  _ECanaRegs                        
1     00006a00  _ECap1Regs                        
1     00006a20  _ECap2Regs                        
1     00006a40  _ECap3Regs                        
0     00008e20  _EMPTY_ISR                        
0     00008ac0  _EMUINT_ISR                       
0     00008bf3  _EPWM1_INT_ISR                    
0     00008ba3  _EPWM1_TZINT_ISR                  
0     00008bfd  _EPWM2_INT_ISR                    
0     00008bad  _EPWM2_TZINT_ISR                  
0     00008c07  _EPWM3_INT_ISR                    
0     00008bb7  _EPWM3_TZINT_ISR                  
0     00008c11  _EPWM4_INT_ISR                    
0     00008bc1  _EPWM4_TZINT_ISR                  
0     00008c1b  _EPWM5_INT_ISR                    
0     00008bcb  _EPWM5_TZINT_ISR                  
0     00008c25  _EPWM6_INT_ISR                    
0     00008bd5  _EPWM6_TZINT_ISR                  
0     00008c2f  _EPWM7_INT_ISR                    
0     00008bdf  _EPWM7_TZINT_ISR                  
0     00008c39  _EPWM8_INT_ISR                    
0     00008be9  _EPWM8_TZINT_ISR                  
1     00006800  _EPwm1Regs                        
1     00006840  _EPwm2Regs                        
1     00006880  _EPwm3Regs                        
1     000068c0  _EPwm4Regs                        
1     00006900  _EPwm5Regs                        
1     00006940  _EPwm6Regs                        
1     00006980  _EPwm7Regs                        
1     000069c0  _EPwm8Regs                        
0     00008c75  _EQEP1_INT_ISR                    
0     00008c7f  _EQEP2_INT_ISR                    
1     00006b00  _EQep1Regs                        
1     00006b40  _EQep2Regs                        
1     00000d01  _EmuBMode                         
1     00000d00  _EmuKey                           
0     00009f00  _EnableInterrupts                 
0     00009807  _ExtOscSel                        
1     00000a80  _FlashRegs                        
1     00000d04  _Flash_CPUScaleFactor             
1     00000d02  _Flash_CallbackPtr                
1     00006f80  _GpioCtrlRegs                     
1     00006fc0  _GpioDataRegs                     
1     00006fe0  _GpioIntRegs                      
0     00008c61  _HRCAP1_INT_ISR                   
0     00008c6b  _HRCAP2_INT_ISR                   
0     00008c89  _HRCAP3_INT_ISR                   
0     00008c93  _HRCAP4_INT_ISR                   
1     00006ac0  _HRCap1Regs                       
1     00006ae0  _HRCap2Regs                       
1     00006c80  _HRCap3Regs                       
1     00006ca0  _HRCap4Regs                       
0     00008d26  _I2CINT1A_ISR                     
0     00008d30  _I2CINT2A_ISR                     
1     00007900  _I2caRegs                         
0     00008ad4  _ILLEGAL_ISR                      
0     00008a98  _INT13_ISR                        
0     00008aa2  _INT14_ISR                        
0     00009456  _InitAdc                          
0     0000947f  _InitAdcAio                       
0     00009d10  _InitCpuTimers                    
0     0000973b  _InitPeripheralClocks             
0     00009ee1  _InitPieCtrl                      
0     00009f09  _InitPieVectTable                 
0     000096b9  _InitPll                          
0     0000970d  _InitPll2                         
0     0000968d  _InitSysCtrl                      
0     000097c2  _IntOsc1Sel                       
0     000097d2  _IntOsc2Sel                       
0     00008e16  _LUF_ISR                          
0     00008e0c  _LVF_ISR                          
0     00008ccf  _MRINTA_ISR                       
0     00008cd9  _MXINTA_ISR                       
1     00005000  _McbspaRegs                       
0     00008aca  _NMI_ISR                          
1     00007060  _NmiIntruptRegs                   
0     00009a5b  _PID_routine                      
0     00008e2d  _PIE_RESERVED                     
1     003d7e80  _PartIdRegs                       
1     00000ce0  _PieCtrlRegs                      
1     00000d00  _PieVectTable                     
1     0000a898  _PieVectTableInit                 
0     00008ab6  _RTOSINT_ISR                      
0     00008d3a  _SCIRXINTA_ISR                    
0     00008d4e  _SCIRXINTB_ISR                    
0     00008d44  _SCITXINTA_ISR                    
0     00008d58  _SCITXINTB_ISR                    
0     00008ca7  _SPIRXINTA_ISR                    
0     00008cbb  _SPIRXINTB_ISR                    
0     00008cb1  _SPITXINTA_ISR                    
0     00008cc5  _SPITXINTB_ISR                    
1     00007050  _SciaRegs                         
1     00007750  _ScibRegs                         
0     000096a7  _ServiceDog                       
1     00007040  _SpiaRegs                         
1     00007740  _SpibRegs                         
0     00008ed9  _StartDMACH1                      
0     00008f6e  _StartDMACH2                      
0     00009003  _StartDMACH3                      
0     00009098  _StartDMACH4                      
0     0000912d  _StartDMACH5                      
0     000091c2  _StartDMACH6                      
1     00007010  _SysCtrlRegs                      
1     00000985  _SysPwrCtrlRegs                   
0     00008b8f  _TINT0_ISR                        
0     00008c9d  _USB0_INT_ISR                     
0     00008b38  _USER10_ISR                       
0     00008b42  _USER11_ISR                       
0     00008b4c  _USER12_ISR                       
0     00008ade  _USER1_ISR                        
0     00008ae8  _USER2_ISR                        
0     00008af2  _USER3_ISR                        
0     00008afc  _USER4_ISR                        
0     00008b06  _USER5_ISR                        
0     00008b10  _USER6_ISR                        
0     00008b1a  _USER7_ISR                        
0     00008b24  _USER8_ISR                        
0     00008b2e  _USER9_ISR                        
1     00004000  _Usb0Regs                         
0     00008b99  _WAKEINT_ISR                      
0     00008b71  _XINT1_ISR                        
0     00008b7b  _XINT2_ISR                        
0     00008e02  _XINT3_ISR                        
1     00007070  _XIntruptRegs                     
0     000097ec  _XtalOscSel                       
1     00000600  __STACK_END                       
abs   00000200  __STACK_SIZE                      
abs   00000400  __SYSMEM_SIZE                     
1     0000a3f2  ___TI_cleanup_ptr                 
1     0000a3f4  ___TI_dtors_ptr                   
1     0000a3f0  ___TI_enable_exit_profile_output  
0     00009454  ___TI_heap_check                  
0     00009437  ___TI_heap_largest_available      
0     0000941a  ___TI_heap_total_available        
abs   ffffffff  ___TI_pprof_out_hndl              
abs   ffffffff  ___TI_prof_data_size              
abs   ffffffff  ___TI_prof_data_start             
abs   ffffffff  ___binit__                        
abs   ffffffff  ___c_args__                       
0     00000050  ___cinit__                        
0     00009fc6  ___etext__                        
abs   ffffffff  ___pinit__                        
0     00008000  ___text__                         
0     00009f99  __args_main                       
1     0000a3fe  __lock                            
0     00009fb3  __nop                             
0     00009faf  __register_lock                   
0     00009fab  __register_unlock                 
1     00000400  __stack                           
1     0000a498  __sys_memory                      
0     00009fc5  __system_post_cinit               
0     00009fc3  __system_pre_init                 
1     0000a432  __unlock                          
0     00009eb8  _abort                            
1     0000a301  _adc_buffer_size                  
0     00009e60  _adc_isr                          
1     0000a302  _adc_value                        
0     00009374  _aligned_alloc                    
1     0000a3f7  _bPreemptive                      
1     0000a3f6  _bYield                           
0     00009d86  _c_int00                          
0     00009a07  _calculatePIDOutput               
0     00009347  _calloc                           
0     00009aad  _config_interrupts                
0     00009872  _controlTask                      
0     00009f2f  _copy_in                          
0     00009eba  _exit                             
0     000091f5  _free                             
0     00009c8d  _getSTF                           
0     000099e5  _initPID                          
0     00009ddc  _insertionSort                    
0     0000984d  _insertionTask                    
0     00009e0f  _insertion_rotine                 
0     00009e2b  _local_DINTCH1_ISR                
0     000098c7  _main                             
0     000091ca  _malloc                           
1     0000a304  _mean_adc_value                   
0     00009374  _memalign                         
0     00009f86  _memcmp                           
0     00009f53  _memcpy                           
0     00009fbc  _memset                           
0     00009343  _minit                            
0     00008211  _pcTaskGetName                    
1     0000a306  _pid_output                       
0     00009c91  _portRESTORE_FIRST_CONTEXT        
0     00009c9c  _portTICK_ISR                     
1     0000a448  _pxCurrentTCB                     
0     00009910  _pxPortInitialiseStack            
0     000092bf  _realloc                          
0     00008e37  _rsvd_ISR                         
0     00009a54  _simulateSystem                   
1     0000a300  _teste                            
0     00009e79  _timer1_ISR                       
1     0000a3f8  _ulCriticalNesting                
0     0000843f  _ulTaskNotifyTake                 
0     00009be1  _uxListRemove                     
0     00008956  _uxQueueMessagesWaiting           
0     00008979  _uxQueueMessagesWaitingFromISR    
0     00008964  _uxQueueSpacesAvailable           
0     0000820d  _uxTaskGetNumberOfTasks           
0     0000842a  _uxTaskResetEventItemValue        
0     000098b2  _vApplicationGetIdleTaskMemory    
0     0000981d  _vApplicationSetupTimerInterrupt  
0     000098c3  _vApplicationStackOverflowHook    
0     00009b73  _vListInitialise                  
0     00009b8b  _vListInitialiseItem              
0     00009baf  _vListInsert                      
0     00009b94  _vListInsertEnd                   
0     000099c4  _vPortEndScheduler                
0     000099d3  _vPortEnterCritical               
0     000099db  _vPortExitCritical                
0     00008982  _vQueueDelete                     
0     00008129  _vTaskDelay                       
0     000080f0  _vTaskDelayUntil                  
0     0000817b  _vTaskEndScheduler                
0     000083df  _vTaskMissedYield                 
0     000085e3  _vTaskNotifyGiveFromISR           
0     000082f5  _vTaskPlaceOnEventList            
0     00008305  _vTaskPlaceOnUnorderedEventList   
0     000083aa  _vTaskSetTimeOutState             
0     00008142  _vTaskStartScheduler              
0     00008183  _vTaskSuspendAll                  
0     000082a4  _vTaskSwitchContext               
0     000099c5  _xPortStartScheduler              
0     000086ec  _xQueueGenericCreateStatic        
0     00008843  _xQueueGenericReceive             
0     0000868c  _xQueueGenericReset               
0     0000871e  _xQueueGenericSend                
0     000087bc  _xQueueGenericSendFromISR         
0     00008800  _xQueueGiveFromISR                
0     00008a5e  _xQueueIsQueueEmptyFromISR        
0     00008a84  _xQueueIsQueueFullFromISR         
0     0000893c  _xQueuePeekFromISR                
0     000088fb  _xQueueReceiveFromISR             
0     000083b6  _xTaskCheckForTimeOut             
0     00008000  _xTaskCreateStatic                
0     000084cf  _xTaskGenericNotify               
0     00008554  _xTaskGenericNotifyFromISR        
0     000081f9  _xTaskGetTickCount                
0     00008205  _xTaskGetTickCountFromISR         
0     00008220  _xTaskIncrementTick               
0     00008640  _xTaskNotifyStateClear            
0     00008480  _xTaskNotifyWait                  
0     0000831d  _xTaskRemoveFromEventList         
0     00008369  _xTaskRemoveFromUnorderedEventList
0     00008187  _xTaskResumeAll                   
abs   ffffffff  binit                             
0     00000050  cinit                             
0     00000000  code_start                        
0     00009fc6  etext                             
abs   ffffffff  pinit                             


GLOBAL SYMBOLS: SORTED BY Symbol Address 

page  address   name                              
----  -------   ----                              
0     00000000  code_start                        
0     00000050  ___cinit__                        
0     00000050  cinit                             
0     000000cb  _DSP28x_usDelay                   
0     00008000  .text                             
0     00008000  ___text__                         
0     00008000  _xTaskCreateStatic                
0     000080f0  _vTaskDelayUntil                  
0     00008129  _vTaskDelay                       
0     00008142  _vTaskStartScheduler              
0     0000817b  _vTaskEndScheduler                
0     00008183  _vTaskSuspendAll                  
0     00008187  _xTaskResumeAll                   
0     000081f9  _xTaskGetTickCount                
0     00008205  _xTaskGetTickCountFromISR         
0     0000820d  _uxTaskGetNumberOfTasks           
0     00008211  _pcTaskGetName                    
0     00008220  _xTaskIncrementTick               
0     000082a4  _vTaskSwitchContext               
0     000082f5  _vTaskPlaceOnEventList            
0     00008305  _vTaskPlaceOnUnorderedEventList   
0     0000831d  _xTaskRemoveFromEventList         
0     00008369  _xTaskRemoveFromUnorderedEventList
0     000083aa  _vTaskSetTimeOutState             
0     000083b6  _xTaskCheckForTimeOut             
0     000083df  _vTaskMissedYield                 
0     0000842a  _uxTaskResetEventItemValue        
0     0000843f  _ulTaskNotifyTake                 
0     00008480  _xTaskNotifyWait                  
0     000084cf  _xTaskGenericNotify               
0     00008554  _xTaskGenericNotifyFromISR        
0     000085e3  _vTaskNotifyGiveFromISR           
0     00008640  _xTaskNotifyStateClear            
0     0000868c  _xQueueGenericReset               
0     000086ec  _xQueueGenericCreateStatic        
0     0000871e  _xQueueGenericSend                
0     000087bc  _xQueueGenericSendFromISR         
0     00008800  _xQueueGiveFromISR                
0     00008843  _xQueueGenericReceive             
0     000088fb  _xQueueReceiveFromISR             
0     0000893c  _xQueuePeekFromISR                
0     00008956  _uxQueueMessagesWaiting           
0     00008964  _uxQueueSpacesAvailable           
0     00008979  _uxQueueMessagesWaitingFromISR    
0     00008982  _vQueueDelete                     
0     00008a5e  _xQueueIsQueueEmptyFromISR        
0     00008a84  _xQueueIsQueueFullFromISR         
0     00008a98  _INT13_ISR                        
0     00008aa2  _INT14_ISR                        
0     00008aac  _DATALOG_ISR                      
0     00008ab6  _RTOSINT_ISR                      
0     00008ac0  _EMUINT_ISR                       
0     00008aca  _NMI_ISR                          
0     00008ad4  _ILLEGAL_ISR                      
0     00008ade  _USER1_ISR                        
0     00008ae8  _USER2_ISR                        
0     00008af2  _USER3_ISR                        
0     00008afc  _USER4_ISR                        
0     00008b06  _USER5_ISR                        
0     00008b10  _USER6_ISR                        
0     00008b1a  _USER7_ISR                        
0     00008b24  _USER8_ISR                        
0     00008b2e  _USER9_ISR                        
0     00008b38  _USER10_ISR                       
0     00008b42  _USER11_ISR                       
0     00008b4c  _USER12_ISR                       
0     00008b56  _ADCINT1_ISR                      
0     00008b67  _ADCINT2_ISR                      
0     00008b71  _XINT1_ISR                        
0     00008b7b  _XINT2_ISR                        
0     00008b85  _ADCINT9_ISR                      
0     00008b8f  _TINT0_ISR                        
0     00008b99  _WAKEINT_ISR                      
0     00008ba3  _EPWM1_TZINT_ISR                  
0     00008bad  _EPWM2_TZINT_ISR                  
0     00008bb7  _EPWM3_TZINT_ISR                  
0     00008bc1  _EPWM4_TZINT_ISR                  
0     00008bcb  _EPWM5_TZINT_ISR                  
0     00008bd5  _EPWM6_TZINT_ISR                  
0     00008bdf  _EPWM7_TZINT_ISR                  
0     00008be9  _EPWM8_TZINT_ISR                  
0     00008bf3  _EPWM1_INT_ISR                    
0     00008bfd  _EPWM2_INT_ISR                    
0     00008c07  _EPWM3_INT_ISR                    
0     00008c11  _EPWM4_INT_ISR                    
0     00008c1b  _EPWM5_INT_ISR                    
0     00008c25  _EPWM6_INT_ISR                    
0     00008c2f  _EPWM7_INT_ISR                    
0     00008c39  _EPWM8_INT_ISR                    
0     00008c43  _ECAP1_INT_ISR                    
0     00008c4d  _ECAP2_INT_ISR                    
0     00008c57  _ECAP3_INT_ISR                    
0     00008c61  _HRCAP1_INT_ISR                   
0     00008c6b  _HRCAP2_INT_ISR                   
0     00008c75  _EQEP1_INT_ISR                    
0     00008c7f  _EQEP2_INT_ISR                    
0     00008c89  _HRCAP3_INT_ISR                   
0     00008c93  _HRCAP4_INT_ISR                   
0     00008c9d  _USB0_INT_ISR                     
0     00008ca7  _SPIRXINTA_ISR                    
0     00008cb1  _SPITXINTA_ISR                    
0     00008cbb  _SPIRXINTB_ISR                    
0     00008cc5  _SPITXINTB_ISR                    
0     00008ccf  _MRINTA_ISR                       
0     00008cd9  _MXINTA_ISR                       
0     00008ce3  _DINTCH1_ISR                      
0     00008cf4  _DINTCH2_ISR                      
0     00008cfe  _DINTCH3_ISR                      
0     00008d08  _DINTCH4_ISR                      
0     00008d12  _DINTCH5_ISR                      
0     00008d1c  _DINTCH6_ISR                      
0     00008d26  _I2CINT1A_ISR                     
0     00008d30  _I2CINT2A_ISR                     
0     00008d3a  _SCIRXINTA_ISR                    
0     00008d44  _SCITXINTA_ISR                    
0     00008d4e  _SCIRXINTB_ISR                    
0     00008d58  _SCITXINTB_ISR                    
0     00008d62  _ECAN0INTA_ISR                    
0     00008d6c  _ECAN1INTA_ISR                    
0     00008d76  _ADCINT3_ISR                      
0     00008d80  _ADCINT4_ISR                      
0     00008d8a  _ADCINT5_ISR                      
0     00008d94  _ADCINT6_ISR                      
0     00008d9e  _ADCINT7_ISR                      
0     00008da8  _ADCINT8_ISR                      
0     00008db2  _CLA1_INT1_ISR                    
0     00008dbc  _CLA1_INT2_ISR                    
0     00008dc6  _CLA1_INT3_ISR                    
0     00008dd0  _CLA1_INT4_ISR                    
0     00008dda  _CLA1_INT5_ISR                    
0     00008de4  _CLA1_INT6_ISR                    
0     00008dee  _CLA1_INT7_ISR                    
0     00008df8  _CLA1_INT8_ISR                    
0     00008e02  _XINT3_ISR                        
0     00008e0c  _LVF_ISR                          
0     00008e16  _LUF_ISR                          
0     00008e20  _EMPTY_ISR                        
0     00008e2d  _PIE_RESERVED                     
0     00008e37  _rsvd_ISR                         
0     00008e41  _DMAInitialize                    
0     00008e4c  _DMACH1AddrConfig                 
0     00008e5c  _DMACH1BurstConfig                
0     00008e6c  _DMACH1TransferConfig             
0     00008e7c  _DMACH1WrapConfig                 
0     00008e8f  _DMACH1ModeConfig                 
0     00008ed9  _StartDMACH1                      
0     00008ee1  _DMACH2AddrConfig                 
0     00008ef1  _DMACH2BurstConfig                
0     00008f01  _DMACH2TransferConfig             
0     00008f11  _DMACH2WrapConfig                 
0     00008f24  _DMACH2ModeConfig                 
0     00008f6e  _StartDMACH2                      
0     00008f76  _DMACH3AddrConfig                 
0     00008f86  _DMACH3BurstConfig                
0     00008f96  _DMACH3TransferConfig             
0     00008fa6  _DMACH3WrapConfig                 
0     00008fb9  _DMACH3ModeConfig                 
0     00009003  _StartDMACH3                      
0     0000900b  _DMACH4AddrConfig                 
0     0000901b  _DMACH4BurstConfig                
0     0000902b  _DMACH4TransferConfig             
0     0000903b  _DMACH4WrapConfig                 
0     0000904e  _DMACH4ModeConfig                 
0     00009098  _StartDMACH4                      
0     000090a0  _DMACH5AddrConfig                 
0     000090b0  _DMACH5BurstConfig                
0     000090c0  _DMACH5TransferConfig             
0     000090d0  _DMACH5WrapConfig                 
0     000090e3  _DMACH5ModeConfig                 
0     0000912d  _StartDMACH5                      
0     00009135  _DMACH6AddrConfig                 
0     00009145  _DMACH6BurstConfig                
0     00009155  _DMACH6TransferConfig             
0     00009165  _DMACH6WrapConfig                 
0     00009178  _DMACH6ModeConfig                 
0     000091c2  _StartDMACH6                      
0     000091ca  _malloc                           
0     000091f5  _free                             
0     000092bf  _realloc                          
0     00009343  _minit                            
0     00009347  _calloc                           
0     00009374  _aligned_alloc                    
0     00009374  _memalign                         
0     0000941a  ___TI_heap_total_available        
0     00009437  ___TI_heap_largest_available      
0     00009454  ___TI_heap_check                  
0     00009456  _InitAdc                          
0     0000947f  _InitAdcAio                       
0     000094a1  _AdcOffsetSelfCal                 
0     000094c8  _AdcChanSelect                    
0     0000953d  _AdcConversion                    
0     0000968d  _InitSysCtrl                      
0     000096a7  _ServiceDog                       
0     000096b1  _DisableDog                       
0     000096b9  _InitPll                          
0     0000970d  _InitPll2                         
0     0000973b  _InitPeripheralClocks             
0     00009791  _CsmUnlock                        
0     000097c2  _IntOsc1Sel                       
0     000097d2  _IntOsc2Sel                       
0     000097ec  _XtalOscSel                       
0     00009807  _ExtOscSel                        
0     0000981d  _vApplicationSetupTimerInterrupt  
0     0000984d  _insertionTask                    
0     00009872  _controlTask                      
0     000098b2  _vApplicationGetIdleTaskMemory    
0     000098c3  _vApplicationStackOverflowHook    
0     000098c7  _main                             
0     00009910  _pxPortInitialiseStack            
0     000099c4  _vPortEndScheduler                
0     000099c5  _xPortStartScheduler              
0     000099d3  _vPortEnterCritical               
0     000099db  _vPortExitCritical                
0     000099e5  _initPID                          
0     00009a07  _calculatePIDOutput               
0     00009a54  _simulateSystem                   
0     00009a5b  _PID_routine                      
0     00009aad  _config_interrupts                
0     00009ad1  _Config_adc                       
0     00009b0e  _Config_dma_4_adc                 
0     00009b73  _vListInitialise                  
0     00009b8b  _vListInitialiseItem              
0     00009b94  _vListInsertEnd                   
0     00009baf  _vListInsert                      
0     00009be1  _uxListRemove                     
0     00009c05  FS$$DIV                           
0     00009c8d  _getSTF                           
0     00009c91  _portRESTORE_FIRST_CONTEXT        
0     00009c9c  _portTICK_ISR                     
0     00009d10  _InitCpuTimers                    
0     00009d4b  _ConfigCpuTimer                   
0     00009d86  _c_int00                          
0     00009ddc  _insertionSort                    
0     00009e0f  _insertion_rotine                 
0     00009e2b  _local_DINTCH1_ISR                
0     00009e60  _adc_isr                          
0     00009e79  _timer1_ISR                       
0     00009eb8  C$$EXIT                           
0     00009eb8  _abort                            
0     00009eba  _exit                             
0     00009ee1  _InitPieCtrl                      
0     00009f00  _EnableInterrupts                 
0     00009f09  _InitPieVectTable                 
0     00009f2f  _copy_in                          
0     00009f53  _memcpy                           
0     00009f70  _Config_GPIO                      
0     00009f86  _memcmp                           
0     00009f99  __args_main                       
0     00009fab  __register_unlock                 
0     00009faf  __register_lock                   
0     00009fb3  __nop                             
0     00009fbc  _memset                           
0     00009fc3  __system_pre_init                 
0     00009fc5  __system_post_cinit               
0     00009fc6  ___etext__                        
0     00009fc6  etext                             
1     00000400  __stack                           
1     00000600  __STACK_END                       
1     00000880  _DevEmuRegs                       
1     00000985  _SysPwrCtrlRegs                   
1     00000a80  _FlashRegs                        
1     00000ae0  _CsmRegs                          
1     00000b00  _AdcResult                        
1     00000c00  _CpuTimer0Regs                    
1     00000c08  _CpuTimer1Regs                    
1     00000c10  _CpuTimer2Regs                    
1     00000ce0  _PieCtrlRegs                      
1     00000d00  _EmuKey                           
1     00000d00  _PieVectTable                     
1     00000d01  _EmuBMode                         
1     00000d02  _Flash_CallbackPtr                
1     00000d04  _Flash_CPUScaleFactor             
1     00001000  _DmaRegs                          
1     00001400  _Cla1Regs                         
1     00004000  _Usb0Regs                         
1     00005000  _McbspaRegs                       
1     00006000  _ECanaRegs                        
1     00006040  _ECanaLAMRegs                     
1     00006080  _ECanaMOTSRegs                    
1     000060c0  _ECanaMOTORegs                    
1     00006100  _ECanaMboxes                      
1     00006400  _Comp1Regs                        
1     00006420  _Comp2Regs                        
1     00006440  _Comp3Regs                        
1     00006800  _EPwm1Regs                        
1     00006840  _EPwm2Regs                        
1     00006880  _EPwm3Regs                        
1     000068c0  _EPwm4Regs                        
1     00006900  _EPwm5Regs                        
1     00006940  _EPwm6Regs                        
1     00006980  _EPwm7Regs                        
1     000069c0  _EPwm8Regs                        
1     00006a00  _ECap1Regs                        
1     00006a20  _ECap2Regs                        
1     00006a40  _ECap3Regs                        
1     00006ac0  _HRCap1Regs                       
1     00006ae0  _HRCap2Regs                       
1     00006b00  _EQep1Regs                        
1     00006b40  _EQep2Regs                        
1     00006c80  _HRCap3Regs                       
1     00006ca0  _HRCap4Regs                       
1     00006f80  _GpioCtrlRegs                     
1     00006fc0  _GpioDataRegs                     
1     00006fe0  _GpioIntRegs                      
1     00007010  _SysCtrlRegs                      
1     00007040  _SpiaRegs                         
1     00007050  _SciaRegs                         
1     00007060  _NmiIntruptRegs                   
1     00007070  _XIntruptRegs                     
1     00007100  _AdcRegs                          
1     00007740  _SpibRegs                         
1     00007750  _ScibRegs                         
1     00007900  _I2caRegs                         
1     0000a300  _teste                            
1     0000a301  _adc_buffer_size                  
1     0000a302  _adc_value                        
1     0000a304  _mean_adc_value                   
1     0000a306  _pid_output                       
1     0000a308  _DMADest                          
1     0000a30a  _DMASource                        
1     0000a3f0  ___TI_enable_exit_profile_output  
1     0000a3f2  ___TI_cleanup_ptr                 
1     0000a3f4  ___TI_dtors_ptr                   
1     0000a3f6  _bYield                           
1     0000a3f7  _bPreemptive                      
1     0000a3f8  _ulCriticalNesting                
1     0000a3fe  __lock                            
1     0000a432  __unlock                          
1     0000a448  _pxCurrentTCB                     
1     0000a480  _CpuTimer0                        
1     0000a488  _CpuTimer1                        
1     0000a490  _CpuTimer2                        
1     0000a498  __sys_memory                      
1     0000a898  _PieVectTableInit                 
1     0000c000  _DMABuf1                          
1     0000e000  _DMABuf2                          
1     003d7e80  _PartIdRegs                       
1     003f7ff8  _CsmPwl                           
abs   00000200  __STACK_SIZE                      
abs   00000400  __SYSMEM_SIZE                     
abs   ffffffff  ___TI_pprof_out_hndl              
abs   ffffffff  ___TI_prof_data_size              
abs   ffffffff  ___TI_prof_data_start             
abs   ffffffff  ___binit__                        
abs   ffffffff  ___c_args__                       
abs   ffffffff  ___pinit__                        
abs   ffffffff  binit                             
abs   ffffffff  pinit                             

[348 symbols]
