<?xml version="1.0" encoding="ISO-8859-1" ?>
<link_info>
   <banner>TMS320C2000 Linker PC v22.6.0.LTS</banner>
   <copyright>Copyright (c) 1996-2018 Texas Instruments Incorporated</copyright>
   <link_time>0x65e9e071</link_time>
   <link_errors>0x0</link_errors>
   <output_file>Example_2806xDMA_ram_to_ram.out</output_file>
   <entry_point>
      <name>code_start</name>
      <address>0x0</address>
   </entry_point>
   <input_file_list>
      <input_file id="fl-4">
         <path>.\</path>
         <kind>object</kind>
         <file>F2806x_Adc.obj</file>
         <name>F2806x_Adc.obj</name>
      </input_file>
      <input_file id="fl-5">
         <path>.\</path>
         <kind>object</kind>
         <file>F2806x_CodeStartBranch.obj</file>
         <name>F2806x_CodeStartBranch.obj</name>
      </input_file>
      <input_file id="fl-6">
         <path>.\</path>
         <kind>object</kind>
         <file>F2806x_CpuTimers.obj</file>
         <name>F2806x_CpuTimers.obj</name>
      </input_file>
      <input_file id="fl-7">
         <path>.\</path>
         <kind>object</kind>
         <file>F2806x_DefaultIsr.obj</file>
         <name>F2806x_DefaultIsr.obj</name>
      </input_file>
      <input_file id="fl-8">
         <path>.\</path>
         <kind>object</kind>
         <file>F2806x_Dma.obj</file>
         <name>F2806x_Dma.obj</name>
      </input_file>
      <input_file id="fl-9">
         <path>.\</path>
         <kind>object</kind>
         <file>F2806x_GlobalVariableDefs.obj</file>
         <name>F2806x_GlobalVariableDefs.obj</name>
      </input_file>
      <input_file id="fl-a">
         <path>.\</path>
         <kind>object</kind>
         <file>F2806x_PieCtrl.obj</file>
         <name>F2806x_PieCtrl.obj</name>
      </input_file>
      <input_file id="fl-b">
         <path>.\</path>
         <kind>object</kind>
         <file>F2806x_PieVect.obj</file>
         <name>F2806x_PieVect.obj</name>
      </input_file>
      <input_file id="fl-c">
         <path>.\</path>
         <kind>object</kind>
         <file>F2806x_Sci.obj</file>
         <name>F2806x_Sci.obj</name>
      </input_file>
      <input_file id="fl-d">
         <path>.\</path>
         <kind>object</kind>
         <file>F2806x_SysCtrl.obj</file>
         <name>F2806x_SysCtrl.obj</name>
      </input_file>
      <input_file id="fl-e">
         <path>.\</path>
         <kind>object</kind>
         <file>F2806x_usDelay.obj</file>
         <name>F2806x_usDelay.obj</name>
      </input_file>
      <input_file id="fl-f">
         <path>.\</path>
         <kind>object</kind>
         <file>main.obj</file>
         <name>main.obj</name>
      </input_file>
      <input_file id="fl-10">
         <path>.\FreeRTOS\</path>
         <kind>object</kind>
         <file>list.obj</file>
         <name>list.obj</name>
      </input_file>
      <input_file id="fl-11">
         <path>.\FreeRTOS\</path>
         <kind>object</kind>
         <file>queue.obj</file>
         <name>queue.obj</name>
      </input_file>
      <input_file id="fl-12">
         <path>.\FreeRTOS\</path>
         <kind>object</kind>
         <file>tasks.obj</file>
         <name>tasks.obj</name>
      </input_file>
      <input_file id="fl-13">
         <path>.\FreeRTOS\port\</path>
         <kind>object</kind>
         <file>porASM.obj</file>
         <name>porASM.obj</name>
      </input_file>
      <input_file id="fl-14">
         <path>.\FreeRTOS\port\</path>
         <kind>object</kind>
         <file>port.obj</file>
         <name>port.obj</name>
      </input_file>
      <input_file id="fl-15">
         <path>.\Methods\functions\</path>
         <kind>object</kind>
         <file>adc.obj</file>
         <name>adc.obj</name>
      </input_file>
      <input_file id="fl-16">
         <path>.\Methods\functions\</path>
         <kind>object</kind>
         <file>gpio.obj</file>
         <name>gpio.obj</name>
      </input_file>
      <input_file id="fl-17">
         <path>.\Methods\functions\</path>
         <kind>object</kind>
         <file>insertion.obj</file>
         <name>insertion.obj</name>
      </input_file>
      <input_file id="fl-18">
         <path>.\Methods\functions\</path>
         <kind>object</kind>
         <file>pid.obj</file>
         <name>pid.obj</name>
      </input_file>
      <input_file id="fl-19">
         <path>.\Methods\functions\</path>
         <kind>object</kind>
         <file>sci.obj</file>
         <name>sci.obj</name>
      </input_file>
      <input_file id="fl-1f">
         <kind>object</kind>
         <file>&lt;internal&gt;</file>
         <name>&lt;internal&gt;</name>
      </input_file>
      <input_file id="fl-23">
         <path>C:\ti\ccs1240\ccs\tools\compiler\ti-cgt-c2000_22.6.0.LTS\lib\</path>
         <kind>archive</kind>
         <file>rts2800_fpu32.lib</file>
         <name>fs_div28.asm.obj</name>
      </input_file>
      <input_file id="fl-24">
         <path>C:\ti\ccs1240\ccs\tools\compiler\ti-cgt-c2000_22.6.0.LTS\lib\</path>
         <kind>archive</kind>
         <file>rts2800_fpu32.lib</file>
         <name>boot28.asm.obj</name>
      </input_file>
      <input_file id="fl-25">
         <path>C:\ti\ccs1240\ccs\tools\compiler\ti-cgt-c2000_22.6.0.LTS\lib\</path>
         <kind>archive</kind>
         <file>rts2800_fpu32.lib</file>
         <name>args_main.c.obj</name>
      </input_file>
      <input_file id="fl-26">
         <path>C:\ti\ccs1240\ccs\tools\compiler\ti-cgt-c2000_22.6.0.LTS\lib\</path>
         <kind>archive</kind>
         <file>rts2800_fpu32.lib</file>
         <name>startup.c.obj</name>
      </input_file>
      <input_file id="fl-27">
         <path>C:\ti\ccs1240\ccs\tools\compiler\ti-cgt-c2000_22.6.0.LTS\lib\</path>
         <kind>archive</kind>
         <file>rts2800_fpu32.lib</file>
         <name>pre_init.c.obj</name>
      </input_file>
      <input_file id="fl-28">
         <path>C:\ti\ccs1240\ccs\tools\compiler\ti-cgt-c2000_22.6.0.LTS\lib\</path>
         <kind>archive</kind>
         <file>rts2800_fpu32.lib</file>
         <name>cpy_tbl.c.obj</name>
      </input_file>
      <input_file id="fl-29">
         <path>C:\ti\ccs1240\ccs\tools\compiler\ti-cgt-c2000_22.6.0.LTS\lib\</path>
         <kind>archive</kind>
         <file>rts2800_fpu32.lib</file>
         <name>exit.c.obj</name>
      </input_file>
      <input_file id="fl-2a">
         <path>C:\ti\ccs1240\ccs\tools\compiler\ti-cgt-c2000_22.6.0.LTS\lib\</path>
         <kind>archive</kind>
         <file>rts2800_fpu32.lib</file>
         <name>_lock.c.obj</name>
      </input_file>
      <input_file id="fl-2b">
         <path>C:\ti\ccs1240\ccs\tools\compiler\ti-cgt-c2000_22.6.0.LTS\lib\</path>
         <kind>archive</kind>
         <file>rts2800_fpu32.lib</file>
         <name>memory.c.obj</name>
      </input_file>
      <input_file id="fl-2c">
         <path>C:\ti\ccs1240\ccs\tools\compiler\ti-cgt-c2000_22.6.0.LTS\lib\</path>
         <kind>archive</kind>
         <file>rts2800_fpu32.lib</file>
         <name>memcmp.c.obj</name>
      </input_file>
      <input_file id="fl-2d">
         <path>C:\ti\ccs1240\ccs\tools\compiler\ti-cgt-c2000_22.6.0.LTS\lib\</path>
         <kind>archive</kind>
         <file>rts2800_fpu32.lib</file>
         <name>memcpy.c.obj</name>
      </input_file>
      <input_file id="fl-2e">
         <path>C:\ti\ccs1240\ccs\tools\compiler\ti-cgt-c2000_22.6.0.LTS\lib\</path>
         <kind>archive</kind>
         <file>rts2800_fpu32.lib</file>
         <name>memset.c.obj</name>
      </input_file>
   </input_file_list>
   <object_component_list>
      <object_component id="oc-50">
         <name>codestart</name>
         <load_address>0x0</load_address>
         <run_address>0x0</run_address>
         <size>0x2</size>
         <input_file_ref idref="fl-5"/>
      </object_component>
      <object_component id="oc-bb">
         <name>ramfuncs</name>
         <load_address>0xcb</load_address>
         <run_address>0xcb</run_address>
         <size>0x4</size>
         <input_file_ref idref="fl-e"/>
      </object_component>
      <object_component id="oc-147">
         <name>.text</name>
         <load_address>0x8000</load_address>
         <run_address>0x8000</run_address>
         <size>0x68c</size>
         <input_file_ref idref="fl-12"/>
      </object_component>
      <object_component id="oc-146">
         <name>.text</name>
         <load_address>0x868c</load_address>
         <run_address>0x868c</run_address>
         <size>0x40c</size>
         <input_file_ref idref="fl-11"/>
      </object_component>
      <object_component id="oc-62">
         <name>.text:retain</name>
         <load_address>0x8a98</load_address>
         <run_address>0x8a98</run_address>
         <size>0x3a9</size>
         <input_file_ref idref="fl-7"/>
      </object_component>
      <object_component id="oc-148">
         <name>.text</name>
         <load_address>0x8e41</load_address>
         <run_address>0x8e41</run_address>
         <size>0x389</size>
         <input_file_ref idref="fl-8"/>
      </object_component>
      <object_component id="oc-159">
         <name>.text</name>
         <load_address>0x91ca</load_address>
         <run_address>0x91ca</run_address>
         <size>0x28c</size>
         <input_file_ref idref="fl-2b"/>
      </object_component>
      <object_component id="oc-168">
         <name>.text</name>
         <load_address>0x9456</load_address>
         <run_address>0x9456</run_address>
         <size>0x237</size>
         <input_file_ref idref="fl-4"/>
      </object_component>
      <object_component id="oc-15d">
         <name>.text</name>
         <load_address>0x968d</load_address>
         <run_address>0x968d</run_address>
         <size>0x190</size>
         <input_file_ref idref="fl-d"/>
      </object_component>
      <object_component id="oc-153">
         <name>.text</name>
         <load_address>0x981d</load_address>
         <run_address>0x981d</run_address>
         <size>0xf3</size>
         <input_file_ref idref="fl-f"/>
      </object_component>
      <object_component id="oc-14e">
         <name>.text</name>
         <load_address>0x9910</load_address>
         <run_address>0x9910</run_address>
         <size>0xd5</size>
         <input_file_ref idref="fl-14"/>
      </object_component>
      <object_component id="oc-15b">
         <name>.text</name>
         <load_address>0x99e5</load_address>
         <run_address>0x99e5</run_address>
         <size>0xc8</size>
         <input_file_ref idref="fl-18"/>
      </object_component>
      <object_component id="oc-160">
         <name>.text</name>
         <load_address>0x9aad</load_address>
         <run_address>0x9aad</run_address>
         <size>0xc6</size>
         <input_file_ref idref="fl-15"/>
      </object_component>
      <object_component id="oc-14f">
         <name>.text</name>
         <load_address>0x9b73</load_address>
         <run_address>0x9b73</run_address>
         <size>0x92</size>
         <input_file_ref idref="fl-10"/>
      </object_component>
      <object_component id="oc-103">
         <name>.text</name>
         <load_address>0x9c05</load_address>
         <run_address>0x9c05</run_address>
         <size>0x88</size>
         <input_file_ref idref="fl-23"/>
      </object_component>
      <object_component id="oc-dd">
         <name>.text</name>
         <load_address>0x9c8d</load_address>
         <run_address>0x9c8d</run_address>
         <size>0x83</size>
         <input_file_ref idref="fl-13"/>
      </object_component>
      <object_component id="oc-158">
         <name>.text</name>
         <load_address>0x9d10</load_address>
         <run_address>0x9d10</run_address>
         <size>0x76</size>
         <input_file_ref idref="fl-6"/>
      </object_component>
      <object_component id="oc-108">
         <name>.text</name>
         <load_address>0x9d86</load_address>
         <run_address>0x9d86</run_address>
         <size>0x56</size>
         <input_file_ref idref="fl-24"/>
      </object_component>
      <object_component id="oc-15a">
         <name>.text</name>
         <load_address>0x9ddc</load_address>
         <run_address>0x9ddc</run_address>
         <size>0x4f</size>
         <input_file_ref idref="fl-17"/>
      </object_component>
      <object_component id="oc-ea">
         <name>.text:retain</name>
         <load_address>0x9e2b</load_address>
         <run_address>0x9e2b</run_address>
         <size>0x4e</size>
         <input_file_ref idref="fl-15"/>
      </object_component>
      <object_component id="oc-c5">
         <name>.text:retain</name>
         <load_address>0x9e79</load_address>
         <run_address>0x9e79</run_address>
         <size>0x3f</size>
         <input_file_ref idref="fl-f"/>
      </object_component>
      <object_component id="oc-14d">
         <name>.text</name>
         <load_address>0x9eb8</load_address>
         <run_address>0x9eb8</run_address>
         <size>0x29</size>
         <input_file_ref idref="fl-29"/>
      </object_component>
      <object_component id="oc-15e">
         <name>.text</name>
         <load_address>0x9ee1</load_address>
         <run_address>0x9ee1</run_address>
         <size>0x28</size>
         <input_file_ref idref="fl-a"/>
      </object_component>
      <object_component id="oc-15f">
         <name>.text</name>
         <load_address>0x9f09</load_address>
         <run_address>0x9f09</run_address>
         <size>0x26</size>
         <input_file_ref idref="fl-b"/>
      </object_component>
      <object_component id="oc-14a">
         <name>.text</name>
         <load_address>0x9f2f</load_address>
         <run_address>0x9f2f</run_address>
         <size>0x24</size>
         <input_file_ref idref="fl-28"/>
      </object_component>
      <object_component id="oc-150">
         <name>.text</name>
         <load_address>0x9f53</load_address>
         <run_address>0x9f53</run_address>
         <size>0x1d</size>
         <input_file_ref idref="fl-2d"/>
      </object_component>
      <object_component id="oc-161">
         <name>.text</name>
         <load_address>0x9f70</load_address>
         <run_address>0x9f70</run_address>
         <size>0x16</size>
         <input_file_ref idref="fl-16"/>
      </object_component>
      <object_component id="oc-155">
         <name>.text</name>
         <load_address>0x9f86</load_address>
         <run_address>0x9f86</run_address>
         <size>0x13</size>
         <input_file_ref idref="fl-2c"/>
      </object_component>
      <object_component id="oc-14c">
         <name>.text</name>
         <load_address>0x9f99</load_address>
         <run_address>0x9f99</run_address>
         <size>0x12</size>
         <input_file_ref idref="fl-25"/>
      </object_component>
      <object_component id="oc-164">
         <name>.text</name>
         <load_address>0x9fab</load_address>
         <run_address>0x9fab</run_address>
         <size>0x9</size>
         <input_file_ref idref="fl-2a"/>
      </object_component>
      <object_component id="oc-56">
         <name>.text</name>
         <load_address>0x9fb4</load_address>
         <run_address>0x9fb4</run_address>
         <size>0x8</size>
         <input_file_ref idref="fl-5"/>
      </object_component>
      <object_component id="oc-151">
         <name>.text</name>
         <load_address>0x9fbc</load_address>
         <run_address>0x9fbc</run_address>
         <size>0x7</size>
         <input_file_ref idref="fl-2e"/>
      </object_component>
      <object_component id="oc-149">
         <name>.text</name>
         <load_address>0x9fc3</load_address>
         <run_address>0x9fc3</run_address>
         <size>0x2</size>
         <input_file_ref idref="fl-27"/>
      </object_component>
      <object_component id="oc-14b">
         <name>.text</name>
         <load_address>0x9fc5</load_address>
         <run_address>0x9fc5</run_address>
         <size>0x1</size>
         <input_file_ref idref="fl-26"/>
      </object_component>
      <object_component id="oc-d6">
         <name>.cinit</name>
         <load_address>0x50</load_address>
         <run_address>0x50</run_address>
         <size>0x34</size>
         <input_file_ref idref="fl-12"/>
      </object_component>
      <object_component id="oc-c1">
         <name>.cinit</name>
         <load_address>0x84</load_address>
         <run_address>0x84</run_address>
         <size>0x1c</size>
         <input_file_ref idref="fl-f"/>
      </object_component>
      <object_component id="oc-124">
         <name>.cinit</name>
         <load_address>0xa0</load_address>
         <run_address>0xa0</run_address>
         <size>0xe</size>
         <input_file_ref idref="fl-29"/>
      </object_component>
      <object_component id="oc-e3">
         <name>.cinit</name>
         <load_address>0xae</load_address>
         <run_address>0xae</run_address>
         <size>0xd</size>
         <input_file_ref idref="fl-14"/>
      </object_component>
      <object_component id="oc-157">
         <name>.cinit:__lock</name>
         <load_address>0xbb</load_address>
         <run_address>0xbb</run_address>
         <size>0x5</size>
         <input_file_ref idref="fl-2a"/>
      </object_component>
      <object_component id="oc-165">
         <name>.cinit:__unlock</name>
         <load_address>0xc0</load_address>
         <run_address>0xc0</run_address>
         <size>0x5</size>
         <input_file_ref idref="fl-2a"/>
      </object_component>
      <object_component id="oc-130">
         <name>.cinit</name>
         <load_address>0xc5</load_address>
         <run_address>0xc5</run_address>
         <size>0x4</size>
         <input_file_ref idref="fl-2b"/>
      </object_component>
      <object_component id="oc-10a">
         <name>.reset</name>
         <load_address>0x3fffc0</load_address>
         <run_address>0x3fffc0</run_address>
         <size>0x2</size>
         <input_file_ref idref="fl-24"/>
      </object_component>
      <object_component id="oc-109">
         <name>.stack</name>
         <uninitialized>true</uninitialized>
         <run_address>0x400</run_address>
         <size>0x0</size>
         <input_file_ref idref="fl-24"/>
      </object_component>
      <object_component id="oc-1c0">
         <name>.stack</name>
         <uninitialized>true</uninitialized>
         <run_address>0x400</run_address>
         <size>0x0</size>
      </object_component>
      <object_component id="oc-5c">
         <name>.ebss</name>
         <uninitialized>true</uninitialized>
         <run_address>0xa480</run_address>
         <size>0x18</size>
         <input_file_ref idref="fl-6"/>
      </object_component>
      <object_component id="oc-c2">
         <name>.ebss</name>
         <uninitialized>true</uninitialized>
         <run_address>0xa300</run_address>
         <size>0xf0</size>
         <input_file_ref idref="fl-f"/>
      </object_component>
      <object_component id="oc-162">
         <name>.ebss:_insertionTaskStack</name>
         <uninitialized>true</uninitialized>
         <run_address>0xa200</run_address>
         <size>0x100</size>
         <input_file_ref idref="fl-f"/>
      </object_component>
      <object_component id="oc-163">
         <name>.ebss:_controlTaskStack</name>
         <uninitialized>true</uninitialized>
         <run_address>0xa000</run_address>
         <size>0x100</size>
         <input_file_ref idref="fl-f"/>
      </object_component>
      <object_component id="oc-15c">
         <name>.ebss:_idleTaskStack</name>
         <uninitialized>true</uninitialized>
         <run_address>0xa100</run_address>
         <size>0x100</size>
         <input_file_ref idref="fl-f"/>
      </object_component>
      <object_component id="oc-d7">
         <name>.ebss</name>
         <uninitialized>true</uninitialized>
         <run_address>0xa440</run_address>
         <size>0x32</size>
         <input_file_ref idref="fl-12"/>
      </object_component>
      <object_component id="oc-152">
         <name>.ebss:_pxReadyTasksLists</name>
         <uninitialized>true</uninitialized>
         <run_address>0xa400</run_address>
         <size>0x32</size>
         <input_file_ref idref="fl-12"/>
      </object_component>
      <object_component id="oc-e4">
         <name>.ebss</name>
         <uninitialized>true</uninitialized>
         <run_address>0xa3f6</run_address>
         <size>0x4</size>
         <input_file_ref idref="fl-14"/>
      </object_component>
      <object_component id="oc-125">
         <name>.ebss</name>
         <uninitialized>true</uninitialized>
         <run_address>0xa3f0</run_address>
         <size>0x6</size>
         <input_file_ref idref="fl-29"/>
      </object_component>
      <object_component id="oc-156">
         <name>.ebss:__lock</name>
         <uninitialized>true</uninitialized>
         <run_address>0xa3fe</run_address>
         <size>0x2</size>
         <input_file_ref idref="fl-2a"/>
      </object_component>
      <object_component id="oc-166">
         <name>.ebss:__unlock</name>
         <uninitialized>true</uninitialized>
         <run_address>0xa432</run_address>
         <size>0x2</size>
         <input_file_ref idref="fl-2a"/>
      </object_component>
      <object_component id="oc-131">
         <name>.ebss</name>
         <uninitialized>true</uninitialized>
         <run_address>0xa3fa</run_address>
         <size>0x4</size>
         <input_file_ref idref="fl-2b"/>
      </object_component>
      <object_component id="oc-167">
         <name>.econst:_PieVectTableInit</name>
         <load_address>0xa898</load_address>
         <run_address>0xa898</run_address>
         <size>0x100</size>
         <input_file_ref idref="fl-b"/>
      </object_component>
      <object_component id="oc-c6">
         <name>.econst:.string</name>
         <load_address>0xa998</load_address>
         <run_address>0xa998</run_address>
         <size>0x1d</size>
         <input_file_ref idref="fl-f"/>
      </object_component>
      <object_component id="oc-154">
         <name>.econst:_ucExpectedStackBytes$1</name>
         <load_address>0xa9b5</load_address>
         <run_address>0xa9b5</run_address>
         <size>0x14</size>
         <input_file_ref idref="fl-12"/>
      </object_component>
      <object_component id="oc-d8">
         <name>.econst:.string</name>
         <load_address>0xa9ca</load_address>
         <run_address>0xa9ca</run_address>
         <size>0x5</size>
         <input_file_ref idref="fl-12"/>
      </object_component>
      <object_component id="oc-132">
         <name>.esysmem</name>
         <uninitialized>true</uninitialized>
         <run_address>0xa498</run_address>
         <size>0x4</size>
         <input_file_ref idref="fl-2b"/>
      </object_component>
      <object_component id="oc-1c1">
         <name>.esysmem</name>
         <uninitialized>true</uninitialized>
         <run_address>0xa498</run_address>
         <size>0x0</size>
      </object_component>
      <object_component id="oc-c3">
         <name>DMARAML5</name>
         <uninitialized>true</uninitialized>
         <run_address>0xc000</run_address>
         <size>0x400</size>
         <input_file_ref idref="fl-f"/>
      </object_component>
      <object_component id="oc-c4">
         <name>DMARAML6</name>
         <uninitialized>true</uninitialized>
         <run_address>0xe000</run_address>
         <size>0x400</size>
         <input_file_ref idref="fl-f"/>
      </object_component>
      <object_component id="oc-a4">
         <name>PieVectTableFile</name>
         <uninitialized>true</uninitialized>
         <run_address>0xd00</run_address>
         <size>0x100</size>
         <input_file_ref idref="fl-9"/>
      </object_component>
      <object_component id="oc-6e">
         <name>EmuKeyVar</name>
         <uninitialized>true</uninitialized>
         <run_address>0xd00</run_address>
         <size>0x1</size>
         <input_file_ref idref="fl-9"/>
      </object_component>
      <object_component id="oc-6f">
         <name>EmuBModeVar</name>
         <uninitialized>true</uninitialized>
         <run_address>0xd01</run_address>
         <size>0x1</size>
         <input_file_ref idref="fl-9"/>
      </object_component>
      <object_component id="oc-71">
         <name>FlashCallbackVar</name>
         <uninitialized>true</uninitialized>
         <run_address>0xd02</run_address>
         <size>0x2</size>
         <input_file_ref idref="fl-9"/>
      </object_component>
      <object_component id="oc-70">
         <name>FlashScalingVar</name>
         <uninitialized>true</uninitialized>
         <run_address>0xd04</run_address>
         <size>0x2</size>
         <input_file_ref idref="fl-9"/>
      </object_component>
      <object_component id="oc-73">
         <name>DevEmuRegsFile</name>
         <uninitialized>true</uninitialized>
         <run_address>0x880</run_address>
         <size>0x4</size>
         <input_file_ref idref="fl-9"/>
      </object_component>
      <object_component id="oc-72">
         <name>SysPwrCtrlRegsFile</name>
         <uninitialized>true</uninitialized>
         <run_address>0x985</run_address>
         <size>0x3</size>
         <input_file_ref idref="fl-9"/>
      </object_component>
      <object_component id="oc-78">
         <name>FlashRegsFile</name>
         <uninitialized>true</uninitialized>
         <run_address>0xa80</run_address>
         <size>0x8</size>
         <input_file_ref idref="fl-9"/>
      </object_component>
      <object_component id="oc-7a">
         <name>CsmRegsFile</name>
         <uninitialized>true</uninitialized>
         <run_address>0xae0</run_address>
         <size>0x10</size>
         <input_file_ref idref="fl-9"/>
      </object_component>
      <object_component id="oc-79">
         <name>AdcResultFile</name>
         <uninitialized>true</uninitialized>
         <run_address>0xb00</run_address>
         <size>0x10</size>
         <input_file_ref idref="fl-9"/>
      </object_component>
      <object_component id="oc-74">
         <name>CpuTimer0RegsFile</name>
         <uninitialized>true</uninitialized>
         <run_address>0xc00</run_address>
         <size>0x8</size>
         <input_file_ref idref="fl-9"/>
      </object_component>
      <object_component id="oc-75">
         <name>CpuTimer1RegsFile</name>
         <uninitialized>true</uninitialized>
         <run_address>0xc08</run_address>
         <size>0x8</size>
         <input_file_ref idref="fl-9"/>
      </object_component>
      <object_component id="oc-76">
         <name>CpuTimer2RegsFile</name>
         <uninitialized>true</uninitialized>
         <run_address>0xc10</run_address>
         <size>0x8</size>
         <input_file_ref idref="fl-9"/>
      </object_component>
      <object_component id="oc-84">
         <name>PieCtrlRegsFile</name>
         <uninitialized>true</uninitialized>
         <run_address>0xce0</run_address>
         <size>0x1a</size>
         <input_file_ref idref="fl-9"/>
      </object_component>
      <object_component id="oc-94">
         <name>Cla1RegsFile</name>
         <uninitialized>true</uninitialized>
         <run_address>0x1400</run_address>
         <size>0x40</size>
         <input_file_ref idref="fl-9"/>
      </object_component>
      <object_component id="oc-a2">
         <name>DmaRegsFile</name>
         <uninitialized>true</uninitialized>
         <run_address>0x1000</run_address>
         <size>0xe0</size>
         <input_file_ref idref="fl-9"/>
      </object_component>
      <object_component id="oc-93">
         <name>ECanaRegsFile</name>
         <uninitialized>true</uninitialized>
         <run_address>0x6000</run_address>
         <size>0x34</size>
         <input_file_ref idref="fl-9"/>
      </object_component>
      <object_component id="oc-95">
         <name>ECanaLAMRegsFile</name>
         <uninitialized>true</uninitialized>
         <run_address>0x6040</run_address>
         <size>0x40</size>
         <input_file_ref idref="fl-9"/>
      </object_component>
      <object_component id="oc-a3">
         <name>ECanaMboxesFile</name>
         <uninitialized>true</uninitialized>
         <run_address>0x6100</run_address>
         <size>0x100</size>
         <input_file_ref idref="fl-9"/>
      </object_component>
      <object_component id="oc-96">
         <name>ECanaMOTSRegsFile</name>
         <uninitialized>true</uninitialized>
         <run_address>0x6080</run_address>
         <size>0x40</size>
         <input_file_ref idref="fl-9"/>
      </object_component>
      <object_component id="oc-97">
         <name>ECanaMOTORegsFile</name>
         <uninitialized>true</uninitialized>
         <run_address>0x60c0</run_address>
         <size>0x40</size>
         <input_file_ref idref="fl-9"/>
      </object_component>
      <object_component id="oc-85">
         <name>ECap1RegsFile</name>
         <uninitialized>true</uninitialized>
         <run_address>0x6a00</run_address>
         <size>0x20</size>
         <input_file_ref idref="fl-9"/>
      </object_component>
      <object_component id="oc-86">
         <name>ECap2RegsFile</name>
         <uninitialized>true</uninitialized>
         <run_address>0x6a20</run_address>
         <size>0x20</size>
         <input_file_ref idref="fl-9"/>
      </object_component>
      <object_component id="oc-87">
         <name>ECap3RegsFile</name>
         <uninitialized>true</uninitialized>
         <run_address>0x6a40</run_address>
         <size>0x20</size>
         <input_file_ref idref="fl-9"/>
      </object_component>
      <object_component id="oc-8e">
         <name>EQep1RegsFile</name>
         <uninitialized>true</uninitialized>
         <run_address>0x6b00</run_address>
         <size>0x22</size>
         <input_file_ref idref="fl-9"/>
      </object_component>
      <object_component id="oc-8f">
         <name>EQep2RegsFile</name>
         <uninitialized>true</uninitialized>
         <run_address>0x6b40</run_address>
         <size>0x22</size>
         <input_file_ref idref="fl-9"/>
      </object_component>
      <object_component id="oc-a0">
         <name>GpioCtrlRegsFile</name>
         <uninitialized>true</uninitialized>
         <run_address>0x6f80</run_address>
         <size>0x40</size>
         <input_file_ref idref="fl-9"/>
      </object_component>
      <object_component id="oc-88">
         <name>GpioDataRegsFile</name>
         <uninitialized>true</uninitialized>
         <run_address>0x6fc0</run_address>
         <size>0x20</size>
         <input_file_ref idref="fl-9"/>
      </object_component>
      <object_component id="oc-89">
         <name>GpioIntRegsFile</name>
         <uninitialized>true</uninitialized>
         <run_address>0x6fe0</run_address>
         <size>0x20</size>
         <input_file_ref idref="fl-9"/>
      </object_component>
      <object_component id="oc-8a">
         <name>HRCap1RegsFile</name>
         <uninitialized>true</uninitialized>
         <run_address>0x6ac0</run_address>
         <size>0x20</size>
         <input_file_ref idref="fl-9"/>
      </object_component>
      <object_component id="oc-8b">
         <name>HRCap2RegsFile</name>
         <uninitialized>true</uninitialized>
         <run_address>0x6ae0</run_address>
         <size>0x20</size>
         <input_file_ref idref="fl-9"/>
      </object_component>
      <object_component id="oc-8c">
         <name>HRCap3RegsFile</name>
         <uninitialized>true</uninitialized>
         <run_address>0x6c80</run_address>
         <size>0x20</size>
         <input_file_ref idref="fl-9"/>
      </object_component>
      <object_component id="oc-8d">
         <name>HRCap4RegsFile</name>
         <uninitialized>true</uninitialized>
         <run_address>0x6ca0</run_address>
         <size>0x20</size>
         <input_file_ref idref="fl-9"/>
      </object_component>
      <object_component id="oc-92">
         <name>SysCtrlRegsFile</name>
         <uninitialized>true</uninitialized>
         <run_address>0x7010</run_address>
         <size>0x30</size>
         <input_file_ref idref="fl-9"/>
      </object_component>
      <object_component id="oc-7e">
         <name>SpiaRegsFile</name>
         <uninitialized>true</uninitialized>
         <run_address>0x7040</run_address>
         <size>0x10</size>
         <input_file_ref idref="fl-9"/>
      </object_component>
      <object_component id="oc-7f">
         <name>SpibRegsFile</name>
         <uninitialized>true</uninitialized>
         <run_address>0x7740</run_address>
         <size>0x10</size>
         <input_file_ref idref="fl-9"/>
      </object_component>
      <object_component id="oc-7c">
         <name>SciaRegsFile</name>
         <uninitialized>true</uninitialized>
         <run_address>0x7050</run_address>
         <size>0x10</size>
         <input_file_ref idref="fl-9"/>
      </object_component>
      <object_component id="oc-7d">
         <name>ScibRegsFile</name>
         <uninitialized>true</uninitialized>
         <run_address>0x7750</run_address>
         <size>0x10</size>
         <input_file_ref idref="fl-9"/>
      </object_component>
      <object_component id="oc-7b">
         <name>NmiIntruptRegsFile</name>
         <uninitialized>true</uninitialized>
         <run_address>0x7060</run_address>
         <size>0x10</size>
         <input_file_ref idref="fl-9"/>
      </object_component>
      <object_component id="oc-80">
         <name>XIntruptRegsFile</name>
         <uninitialized>true</uninitialized>
         <run_address>0x7070</run_address>
         <size>0x10</size>
         <input_file_ref idref="fl-9"/>
      </object_component>
      <object_component id="oc-a1">
         <name>AdcRegsFile</name>
         <uninitialized>true</uninitialized>
         <run_address>0x7100</run_address>
         <size>0x50</size>
         <input_file_ref idref="fl-9"/>
      </object_component>
      <object_component id="oc-90">
         <name>I2caRegsFile</name>
         <uninitialized>true</uninitialized>
         <run_address>0x7900</run_address>
         <size>0x22</size>
         <input_file_ref idref="fl-9"/>
      </object_component>
      <object_component id="oc-81">
         <name>Comp1RegsFile</name>
         <uninitialized>true</uninitialized>
         <run_address>0x6400</run_address>
         <size>0x14</size>
         <input_file_ref idref="fl-9"/>
      </object_component>
      <object_component id="oc-82">
         <name>Comp2RegsFile</name>
         <uninitialized>true</uninitialized>
         <run_address>0x6420</run_address>
         <size>0x14</size>
         <input_file_ref idref="fl-9"/>
      </object_component>
      <object_component id="oc-83">
         <name>Comp3RegsFile</name>
         <uninitialized>true</uninitialized>
         <run_address>0x6440</run_address>
         <size>0x14</size>
         <input_file_ref idref="fl-9"/>
      </object_component>
      <object_component id="oc-98">
         <name>EPwm1RegsFile</name>
         <uninitialized>true</uninitialized>
         <run_address>0x6800</run_address>
         <size>0x40</size>
         <input_file_ref idref="fl-9"/>
      </object_component>
      <object_component id="oc-99">
         <name>EPwm2RegsFile</name>
         <uninitialized>true</uninitialized>
         <run_address>0x6840</run_address>
         <size>0x40</size>
         <input_file_ref idref="fl-9"/>
      </object_component>
      <object_component id="oc-9a">
         <name>EPwm3RegsFile</name>
         <uninitialized>true</uninitialized>
         <run_address>0x6880</run_address>
         <size>0x40</size>
         <input_file_ref idref="fl-9"/>
      </object_component>
      <object_component id="oc-9b">
         <name>EPwm4RegsFile</name>
         <uninitialized>true</uninitialized>
         <run_address>0x68c0</run_address>
         <size>0x40</size>
         <input_file_ref idref="fl-9"/>
      </object_component>
      <object_component id="oc-9c">
         <name>EPwm5RegsFile</name>
         <uninitialized>true</uninitialized>
         <run_address>0x6900</run_address>
         <size>0x40</size>
         <input_file_ref idref="fl-9"/>
      </object_component>
      <object_component id="oc-9d">
         <name>EPwm6RegsFile</name>
         <uninitialized>true</uninitialized>
         <run_address>0x6940</run_address>
         <size>0x40</size>
         <input_file_ref idref="fl-9"/>
      </object_component>
      <object_component id="oc-9e">
         <name>EPwm7RegsFile</name>
         <uninitialized>true</uninitialized>
         <run_address>0x6980</run_address>
         <size>0x40</size>
         <input_file_ref idref="fl-9"/>
      </object_component>
      <object_component id="oc-9f">
         <name>EPwm8RegsFile</name>
         <uninitialized>true</uninitialized>
         <run_address>0x69c0</run_address>
         <size>0x40</size>
         <input_file_ref idref="fl-9"/>
      </object_component>
      <object_component id="oc-91">
         <name>McbspaRegsFile</name>
         <uninitialized>true</uninitialized>
         <run_address>0x5000</run_address>
         <size>0x24</size>
         <input_file_ref idref="fl-9"/>
      </object_component>
      <object_component id="oc-a5">
         <name>Usb0RegsFile</name>
         <uninitialized>true</uninitialized>
         <run_address>0x4000</run_address>
         <size>0x454</size>
         <input_file_ref idref="fl-9"/>
      </object_component>
      <object_component id="oc-77">
         <name>CsmPwlFile</name>
         <uninitialized>true</uninitialized>
         <run_address>0x3f7ff8</run_address>
         <size>0x8</size>
         <input_file_ref idref="fl-9"/>
      </object_component>
      <object_component id="oc-6d">
         <name>PartIdRegsFile</name>
         <uninitialized>true</uninitialized>
         <run_address>0x3d7e80</run_address>
         <size>0x1</size>
         <input_file_ref idref="fl-9"/>
      </object_component>
      <object_component id="oc-51">
         <name>.debug_info</name>
         <load_address>0x0</load_address>
         <run_address>0x0</run_address>
         <size>0x4fe9</size>
         <input_file_ref idref="fl-4"/>
      </object_component>
      <object_component id="oc-58">
         <name>.debug_info</name>
         <load_address>0x4fe9</load_address>
         <run_address>0x4fe9</run_address>
         <size>0x22f</size>
         <input_file_ref idref="fl-5"/>
      </object_component>
      <object_component id="oc-5b">
         <name>.debug_info</name>
         <load_address>0x5218</load_address>
         <run_address>0x5218</run_address>
         <size>0xacf</size>
         <input_file_ref idref="fl-6"/>
      </object_component>
      <object_component id="oc-61">
         <name>.debug_info</name>
         <load_address>0x5ce7</load_address>
         <run_address>0x5ce7</run_address>
         <size>0x69c5</size>
         <input_file_ref idref="fl-7"/>
      </object_component>
      <object_component id="oc-67">
         <name>.debug_info</name>
         <load_address>0xc6ac</load_address>
         <run_address>0xc6ac</run_address>
         <size>0x5444</size>
         <input_file_ref idref="fl-8"/>
      </object_component>
      <object_component id="oc-6c">
         <name>.debug_info</name>
         <load_address>0x11af0</load_address>
         <run_address>0x11af0</run_address>
         <size>0x1b091</size>
         <input_file_ref idref="fl-9"/>
      </object_component>
      <object_component id="oc-a7">
         <name>.debug_info</name>
         <load_address>0x2cb81</load_address>
         <run_address>0x2cb81</run_address>
         <size>0xcdc</size>
         <input_file_ref idref="fl-a"/>
      </object_component>
      <object_component id="oc-ac">
         <name>.debug_info</name>
         <load_address>0x2d85d</load_address>
         <run_address>0x2d85d</run_address>
         <size>0x256f</size>
         <input_file_ref idref="fl-b"/>
      </object_component>
      <object_component id="oc-b1">
         <name>.debug_info</name>
         <load_address>0x2fdcc</load_address>
         <run_address>0x2fdcc</run_address>
         <size>0x18d7</size>
         <input_file_ref idref="fl-c"/>
      </object_component>
      <object_component id="oc-b6">
         <name>.debug_info</name>
         <load_address>0x316a3</load_address>
         <run_address>0x316a3</run_address>
         <size>0x3073</size>
         <input_file_ref idref="fl-d"/>
      </object_component>
      <object_component id="oc-bd">
         <name>.debug_info</name>
         <load_address>0x34716</load_address>
         <run_address>0x34716</run_address>
         <size>0x1a3</size>
         <input_file_ref idref="fl-e"/>
      </object_component>
      <object_component id="oc-c0">
         <name>.debug_info</name>
         <load_address>0x348b9</load_address>
         <run_address>0x348b9</run_address>
         <size>0x31b7</size>
         <input_file_ref idref="fl-f"/>
      </object_component>
      <object_component id="oc-cb">
         <name>.debug_info</name>
         <load_address>0x37a70</load_address>
         <run_address>0x37a70</run_address>
         <size>0xb4a</size>
         <input_file_ref idref="fl-10"/>
      </object_component>
      <object_component id="oc-d0">
         <name>.debug_info</name>
         <load_address>0x385ba</load_address>
         <run_address>0x385ba</run_address>
         <size>0x33b2</size>
         <input_file_ref idref="fl-11"/>
      </object_component>
      <object_component id="oc-d5">
         <name>.debug_info</name>
         <load_address>0x3b96c</load_address>
         <run_address>0x3b96c</run_address>
         <size>0x4923</size>
         <input_file_ref idref="fl-12"/>
      </object_component>
      <object_component id="oc-df">
         <name>.debug_info</name>
         <load_address>0x4028f</load_address>
         <run_address>0x4028f</run_address>
         <size>0x18f</size>
         <input_file_ref idref="fl-13"/>
      </object_component>
      <object_component id="oc-e2">
         <name>.debug_info</name>
         <load_address>0x4041e</load_address>
         <run_address>0x4041e</run_address>
         <size>0xa79</size>
         <input_file_ref idref="fl-14"/>
      </object_component>
      <object_component id="oc-e9">
         <name>.debug_info</name>
         <load_address>0x40e97</load_address>
         <run_address>0x40e97</run_address>
         <size>0x6845</size>
         <input_file_ref idref="fl-15"/>
      </object_component>
      <object_component id="oc-ef">
         <name>.debug_info</name>
         <load_address>0x476dc</load_address>
         <run_address>0x476dc</run_address>
         <size>0x18f7</size>
         <input_file_ref idref="fl-16"/>
      </object_component>
      <object_component id="oc-f4">
         <name>.debug_info</name>
         <load_address>0x48fd3</load_address>
         <run_address>0x48fd3</run_address>
         <size>0x51c</size>
         <input_file_ref idref="fl-17"/>
      </object_component>
      <object_component id="oc-f9">
         <name>.debug_info</name>
         <load_address>0x494ef</load_address>
         <run_address>0x494ef</run_address>
         <size>0x9ae</size>
         <input_file_ref idref="fl-18"/>
      </object_component>
      <object_component id="oc-fe">
         <name>.debug_info</name>
         <load_address>0x49e9d</load_address>
         <run_address>0x49e9d</run_address>
         <size>0xe78</size>
         <input_file_ref idref="fl-19"/>
      </object_component>
      <object_component id="oc-104">
         <name>.debug_info</name>
         <load_address>0x4ad15</load_address>
         <run_address>0x4ad15</run_address>
         <size>0x114</size>
         <input_file_ref idref="fl-23"/>
      </object_component>
      <object_component id="oc-10b">
         <name>.debug_info</name>
         <load_address>0x4ae29</load_address>
         <run_address>0x4ae29</run_address>
         <size>0x173</size>
         <input_file_ref idref="fl-24"/>
      </object_component>
      <object_component id="oc-10f">
         <name>.debug_info</name>
         <load_address>0x4af9c</load_address>
         <run_address>0x4af9c</run_address>
         <size>0x467</size>
         <input_file_ref idref="fl-25"/>
      </object_component>
      <object_component id="oc-114">
         <name>.debug_info</name>
         <load_address>0x4b403</load_address>
         <run_address>0x4b403</run_address>
         <size>0x3aa</size>
         <input_file_ref idref="fl-26"/>
      </object_component>
      <object_component id="oc-119">
         <name>.debug_info</name>
         <load_address>0x4b7ad</load_address>
         <run_address>0x4b7ad</run_address>
         <size>0x3ad</size>
         <input_file_ref idref="fl-27"/>
      </object_component>
      <object_component id="oc-11e">
         <name>.debug_info</name>
         <load_address>0x4bb5a</load_address>
         <run_address>0x4bb5a</run_address>
         <size>0x561</size>
         <input_file_ref idref="fl-28"/>
      </object_component>
      <object_component id="oc-123">
         <name>.debug_info</name>
         <load_address>0x4c0bb</load_address>
         <run_address>0x4c0bb</run_address>
         <size>0x544</size>
         <input_file_ref idref="fl-29"/>
      </object_component>
      <object_component id="oc-12a">
         <name>.debug_info</name>
         <load_address>0x4c5ff</load_address>
         <run_address>0x4c5ff</run_address>
         <size>0x4cc</size>
         <input_file_ref idref="fl-2a"/>
      </object_component>
      <object_component id="oc-12f">
         <name>.debug_info</name>
         <load_address>0x4cacb</load_address>
         <run_address>0x4cacb</run_address>
         <size>0xf62</size>
         <input_file_ref idref="fl-2b"/>
      </object_component>
      <object_component id="oc-137">
         <name>.debug_info</name>
         <load_address>0x4da2d</load_address>
         <run_address>0x4da2d</run_address>
         <size>0x50c</size>
         <input_file_ref idref="fl-2c"/>
      </object_component>
      <object_component id="oc-13c">
         <name>.debug_info</name>
         <load_address>0x4df39</load_address>
         <run_address>0x4df39</run_address>
         <size>0x43a</size>
         <input_file_ref idref="fl-2d"/>
      </object_component>
      <object_component id="oc-141">
         <name>.debug_info</name>
         <load_address>0x4e373</load_address>
         <run_address>0x4e373</run_address>
         <size>0x502</size>
         <input_file_ref idref="fl-2e"/>
      </object_component>
      <object_component id="oc-1c2">
         <name>.debug_info</name>
         <load_address>0x4e875</load_address>
         <run_address>0x4e875</run_address>
         <size>0xb1</size>
      </object_component>
      <object_component id="oc-52">
         <name>.debug_frame</name>
         <load_address>0x0</load_address>
         <run_address>0x0</run_address>
         <size>0xb0</size>
         <input_file_ref idref="fl-4"/>
      </object_component>
      <object_component id="oc-5d">
         <name>.debug_frame</name>
         <load_address>0xb0</load_address>
         <run_address>0xb0</run_address>
         <size>0x5c</size>
         <input_file_ref idref="fl-6"/>
      </object_component>
      <object_component id="oc-63">
         <name>.debug_frame</name>
         <load_address>0x10c</load_address>
         <run_address>0x10c</run_address>
         <size>0xbc0</size>
         <input_file_ref idref="fl-7"/>
      </object_component>
      <object_component id="oc-68">
         <name>.debug_frame</name>
         <load_address>0xccc</load_address>
         <run_address>0xccc</run_address>
         <size>0x418</size>
         <input_file_ref idref="fl-8"/>
      </object_component>
      <object_component id="oc-a8">
         <name>.debug_frame</name>
         <load_address>0x10e4</load_address>
         <run_address>0x10e4</run_address>
         <size>0x58</size>
         <input_file_ref idref="fl-a"/>
      </object_component>
      <object_component id="oc-ad">
         <name>.debug_frame</name>
         <load_address>0x113c</load_address>
         <run_address>0x113c</run_address>
         <size>0x44</size>
         <input_file_ref idref="fl-b"/>
      </object_component>
      <object_component id="oc-b2">
         <name>.debug_frame</name>
         <load_address>0x1180</load_address>
         <run_address>0x1180</run_address>
         <size>0x28</size>
         <input_file_ref idref="fl-c"/>
      </object_component>
      <object_component id="oc-b7">
         <name>.debug_frame</name>
         <load_address>0x11a8</load_address>
         <run_address>0x11a8</run_address>
         <size>0x13c</size>
         <input_file_ref idref="fl-d"/>
      </object_component>
      <object_component id="oc-c7">
         <name>.debug_frame</name>
         <load_address>0x12e4</load_address>
         <run_address>0x12e4</run_address>
         <size>0x164</size>
         <input_file_ref idref="fl-f"/>
      </object_component>
      <object_component id="oc-cc">
         <name>.debug_frame</name>
         <load_address>0x1448</load_address>
         <run_address>0x1448</run_address>
         <size>0xb4</size>
         <input_file_ref idref="fl-10"/>
      </object_component>
      <object_component id="oc-d1">
         <name>.debug_frame</name>
         <load_address>0x14fc</load_address>
         <run_address>0x14fc</run_address>
         <size>0x258</size>
         <input_file_ref idref="fl-11"/>
      </object_component>
      <object_component id="oc-d9">
         <name>.debug_frame</name>
         <load_address>0x1754</load_address>
         <run_address>0x1754</run_address>
         <size>0x3c8</size>
         <input_file_ref idref="fl-12"/>
      </object_component>
      <object_component id="oc-e5">
         <name>.debug_frame</name>
         <load_address>0x1b1c</load_address>
         <run_address>0x1b1c</run_address>
         <size>0xa4</size>
         <input_file_ref idref="fl-14"/>
      </object_component>
      <object_component id="oc-eb">
         <name>.debug_frame</name>
         <load_address>0x1bc0</load_address>
         <run_address>0x1bc0</run_address>
         <size>0x124</size>
         <input_file_ref idref="fl-15"/>
      </object_component>
      <object_component id="oc-f0">
         <name>.debug_frame</name>
         <load_address>0x1ce4</load_address>
         <run_address>0x1ce4</run_address>
         <size>0x40</size>
         <input_file_ref idref="fl-16"/>
      </object_component>
      <object_component id="oc-f5">
         <name>.debug_frame</name>
         <load_address>0x1d24</load_address>
         <run_address>0x1d24</run_address>
         <size>0x60</size>
         <input_file_ref idref="fl-17"/>
      </object_component>
      <object_component id="oc-fa">
         <name>.debug_frame</name>
         <load_address>0x1d84</load_address>
         <run_address>0x1d84</run_address>
         <size>0xa4</size>
         <input_file_ref idref="fl-18"/>
      </object_component>
      <object_component id="oc-ff">
         <name>.debug_frame</name>
         <load_address>0x1e28</load_address>
         <run_address>0x1e28</run_address>
         <size>0x28</size>
         <input_file_ref idref="fl-19"/>
      </object_component>
      <object_component id="oc-110">
         <name>.debug_frame</name>
         <load_address>0x1e50</load_address>
         <run_address>0x1e50</run_address>
         <size>0x40</size>
         <input_file_ref idref="fl-25"/>
      </object_component>
      <object_component id="oc-115">
         <name>.debug_frame</name>
         <load_address>0x1e90</load_address>
         <run_address>0x1e90</run_address>
         <size>0x40</size>
         <input_file_ref idref="fl-26"/>
      </object_component>
      <object_component id="oc-11a">
         <name>.debug_frame</name>
         <load_address>0x1ed0</load_address>
         <run_address>0x1ed0</run_address>
         <size>0x40</size>
         <input_file_ref idref="fl-27"/>
      </object_component>
      <object_component id="oc-11f">
         <name>.debug_frame</name>
         <load_address>0x1f10</load_address>
         <run_address>0x1f10</run_address>
         <size>0x60</size>
         <input_file_ref idref="fl-28"/>
      </object_component>
      <object_component id="oc-126">
         <name>.debug_frame</name>
         <load_address>0x1f70</load_address>
         <run_address>0x1f70</run_address>
         <size>0x60</size>
         <input_file_ref idref="fl-29"/>
      </object_component>
      <object_component id="oc-12b">
         <name>.debug_frame</name>
         <load_address>0x1fd0</load_address>
         <run_address>0x1fd0</run_address>
         <size>0x70</size>
         <input_file_ref idref="fl-2a"/>
      </object_component>
      <object_component id="oc-133">
         <name>.debug_frame</name>
         <load_address>0x2040</load_address>
         <run_address>0x2040</run_address>
         <size>0x1c0</size>
         <input_file_ref idref="fl-2b"/>
      </object_component>
      <object_component id="oc-138">
         <name>.debug_frame</name>
         <load_address>0x2200</load_address>
         <run_address>0x2200</run_address>
         <size>0x44</size>
         <input_file_ref idref="fl-2c"/>
      </object_component>
      <object_component id="oc-13d">
         <name>.debug_frame</name>
         <load_address>0x2244</load_address>
         <run_address>0x2244</run_address>
         <size>0x40</size>
         <input_file_ref idref="fl-2d"/>
      </object_component>
      <object_component id="oc-142">
         <name>.debug_frame</name>
         <load_address>0x2284</load_address>
         <run_address>0x2284</run_address>
         <size>0x40</size>
         <input_file_ref idref="fl-2e"/>
      </object_component>
      <object_component id="oc-53">
         <name>.debug_line</name>
         <load_address>0x0</load_address>
         <run_address>0x0</run_address>
         <size>0x253</size>
         <input_file_ref idref="fl-4"/>
      </object_component>
      <object_component id="oc-57">
         <name>.debug_line</name>
         <load_address>0x253</load_address>
         <run_address>0x253</run_address>
         <size>0xbc</size>
         <input_file_ref idref="fl-5"/>
      </object_component>
      <object_component id="oc-5e">
         <name>.debug_line</name>
         <load_address>0x30f</load_address>
         <run_address>0x30f</run_address>
         <size>0xc3</size>
         <input_file_ref idref="fl-6"/>
      </object_component>
      <object_component id="oc-64">
         <name>.debug_line</name>
         <load_address>0x3d2</load_address>
         <run_address>0x3d2</run_address>
         <size>0x8d3</size>
         <input_file_ref idref="fl-7"/>
      </object_component>
      <object_component id="oc-69">
         <name>.debug_line</name>
         <load_address>0xca5</load_address>
         <run_address>0xca5</run_address>
         <size>0x4e7</size>
         <input_file_ref idref="fl-8"/>
      </object_component>
      <object_component id="oc-a9">
         <name>.debug_line</name>
         <load_address>0x118c</load_address>
         <run_address>0x118c</run_address>
         <size>0xdd</size>
         <input_file_ref idref="fl-a"/>
      </object_component>
      <object_component id="oc-ae">
         <name>.debug_line</name>
         <load_address>0x1269</load_address>
         <run_address>0x1269</run_address>
         <size>0xbf</size>
         <input_file_ref idref="fl-b"/>
      </object_component>
      <object_component id="oc-b3">
         <name>.debug_line</name>
         <load_address>0x1328</load_address>
         <run_address>0x1328</run_address>
         <size>0x87</size>
         <input_file_ref idref="fl-c"/>
      </object_component>
      <object_component id="oc-b8">
         <name>.debug_line</name>
         <load_address>0x13af</load_address>
         <run_address>0x13af</run_address>
         <size>0x24d</size>
         <input_file_ref idref="fl-d"/>
      </object_component>
      <object_component id="oc-bc">
         <name>.debug_line</name>
         <load_address>0x15fc</load_address>
         <run_address>0x15fc</run_address>
         <size>0xa0</size>
         <input_file_ref idref="fl-e"/>
      </object_component>
      <object_component id="oc-c8">
         <name>.debug_line</name>
         <load_address>0x169c</load_address>
         <run_address>0x169c</run_address>
         <size>0x131</size>
         <input_file_ref idref="fl-f"/>
      </object_component>
      <object_component id="oc-cd">
         <name>.debug_line</name>
         <load_address>0x17cd</load_address>
         <run_address>0x17cd</run_address>
         <size>0x10a</size>
         <input_file_ref idref="fl-10"/>
      </object_component>
      <object_component id="oc-d2">
         <name>.debug_line</name>
         <load_address>0x18d7</load_address>
         <run_address>0x18d7</run_address>
         <size>0x512</size>
         <input_file_ref idref="fl-11"/>
      </object_component>
      <object_component id="oc-da">
         <name>.debug_line</name>
         <load_address>0x1de9</load_address>
         <run_address>0x1de9</run_address>
         <size>0x769</size>
         <input_file_ref idref="fl-12"/>
      </object_component>
      <object_component id="oc-de">
         <name>.debug_line</name>
         <load_address>0x2552</load_address>
         <run_address>0x2552</run_address>
         <size>0xd9</size>
         <input_file_ref idref="fl-13"/>
      </object_component>
      <object_component id="oc-e6">
         <name>.debug_line</name>
         <load_address>0x262b</load_address>
         <run_address>0x262b</run_address>
         <size>0x13a</size>
         <input_file_ref idref="fl-14"/>
      </object_component>
      <object_component id="oc-ec">
         <name>.debug_line</name>
         <load_address>0x2765</load_address>
         <run_address>0x2765</run_address>
         <size>0x104</size>
         <input_file_ref idref="fl-15"/>
      </object_component>
      <object_component id="oc-f1">
         <name>.debug_line</name>
         <load_address>0x2869</load_address>
         <run_address>0x2869</run_address>
         <size>0x5b</size>
         <input_file_ref idref="fl-16"/>
      </object_component>
      <object_component id="oc-f6">
         <name>.debug_line</name>
         <load_address>0x28c4</load_address>
         <run_address>0x28c4</run_address>
         <size>0x99</size>
         <input_file_ref idref="fl-17"/>
      </object_component>
      <object_component id="oc-fb">
         <name>.debug_line</name>
         <load_address>0x295d</load_address>
         <run_address>0x295d</run_address>
         <size>0xda</size>
         <input_file_ref idref="fl-18"/>
      </object_component>
      <object_component id="oc-100">
         <name>.debug_line</name>
         <load_address>0x2a37</load_address>
         <run_address>0x2a37</run_address>
         <size>0x3b</size>
         <input_file_ref idref="fl-19"/>
      </object_component>
      <object_component id="oc-105">
         <name>.debug_line</name>
         <load_address>0x2a72</load_address>
         <run_address>0x2a72</run_address>
         <size>0xad</size>
         <input_file_ref idref="fl-23"/>
      </object_component>
      <object_component id="oc-10c">
         <name>.debug_line</name>
         <load_address>0x2b1f</load_address>
         <run_address>0x2b1f</run_address>
         <size>0x7e</size>
         <input_file_ref idref="fl-24"/>
      </object_component>
      <object_component id="oc-111">
         <name>.debug_line</name>
         <load_address>0x2b9d</load_address>
         <run_address>0x2b9d</run_address>
         <size>0x4f</size>
         <input_file_ref idref="fl-25"/>
      </object_component>
      <object_component id="oc-116">
         <name>.debug_line</name>
         <load_address>0x2bec</load_address>
         <run_address>0x2bec</run_address>
         <size>0x3a</size>
         <input_file_ref idref="fl-26"/>
      </object_component>
      <object_component id="oc-11b">
         <name>.debug_line</name>
         <load_address>0x2c26</load_address>
         <run_address>0x2c26</run_address>
         <size>0x3e</size>
         <input_file_ref idref="fl-27"/>
      </object_component>
      <object_component id="oc-120">
         <name>.debug_line</name>
         <load_address>0x2c64</load_address>
         <run_address>0x2c64</run_address>
         <size>0x50</size>
         <input_file_ref idref="fl-28"/>
      </object_component>
      <object_component id="oc-127">
         <name>.debug_line</name>
         <load_address>0x2cb4</load_address>
         <run_address>0x2cb4</run_address>
         <size>0x65</size>
         <input_file_ref idref="fl-29"/>
      </object_component>
      <object_component id="oc-12c">
         <name>.debug_line</name>
         <load_address>0x2d19</load_address>
         <run_address>0x2d19</run_address>
         <size>0x5e</size>
         <input_file_ref idref="fl-2a"/>
      </object_component>
      <object_component id="oc-134">
         <name>.debug_line</name>
         <load_address>0x2d77</load_address>
         <run_address>0x2d77</run_address>
         <size>0x41b</size>
         <input_file_ref idref="fl-2b"/>
      </object_component>
      <object_component id="oc-139">
         <name>.debug_line</name>
         <load_address>0x3192</load_address>
         <run_address>0x3192</run_address>
         <size>0xb2</size>
         <input_file_ref idref="fl-2c"/>
      </object_component>
      <object_component id="oc-13e">
         <name>.debug_line</name>
         <load_address>0x3244</load_address>
         <run_address>0x3244</run_address>
         <size>0x62</size>
         <input_file_ref idref="fl-2d"/>
      </object_component>
      <object_component id="oc-143">
         <name>.debug_line</name>
         <load_address>0x32a6</load_address>
         <run_address>0x32a6</run_address>
         <size>0xae</size>
         <input_file_ref idref="fl-2e"/>
      </object_component>
      <object_component id="oc-54">
         <name>.debug_abbrev</name>
         <load_address>0x0</load_address>
         <run_address>0x0</run_address>
         <size>0x155</size>
         <input_file_ref idref="fl-4"/>
      </object_component>
      <object_component id="oc-59">
         <name>.debug_abbrev</name>
         <load_address>0x155</load_address>
         <run_address>0x155</run_address>
         <size>0x21</size>
         <input_file_ref idref="fl-5"/>
      </object_component>
      <object_component id="oc-5f">
         <name>.debug_abbrev</name>
         <load_address>0x176</load_address>
         <run_address>0x176</run_address>
         <size>0xfd</size>
         <input_file_ref idref="fl-6"/>
      </object_component>
      <object_component id="oc-65">
         <name>.debug_abbrev</name>
         <load_address>0x273</load_address>
         <run_address>0x273</run_address>
         <size>0x143</size>
         <input_file_ref idref="fl-7"/>
      </object_component>
      <object_component id="oc-6a">
         <name>.debug_abbrev</name>
         <load_address>0x3b6</load_address>
         <run_address>0x3b6</run_address>
         <size>0x128</size>
         <input_file_ref idref="fl-8"/>
      </object_component>
      <object_component id="oc-a6">
         <name>.debug_abbrev</name>
         <load_address>0x4de</load_address>
         <run_address>0x4de</run_address>
         <size>0xc4</size>
         <input_file_ref idref="fl-9"/>
      </object_component>
      <object_component id="oc-aa">
         <name>.debug_abbrev</name>
         <load_address>0x5a2</load_address>
         <run_address>0x5a2</run_address>
         <size>0xc8</size>
         <input_file_ref idref="fl-a"/>
      </object_component>
      <object_component id="oc-af">
         <name>.debug_abbrev</name>
         <load_address>0x66a</load_address>
         <run_address>0x66a</run_address>
         <size>0x116</size>
         <input_file_ref idref="fl-b"/>
      </object_component>
      <object_component id="oc-b4">
         <name>.debug_abbrev</name>
         <load_address>0x780</load_address>
         <run_address>0x780</run_address>
         <size>0xea</size>
         <input_file_ref idref="fl-c"/>
      </object_component>
      <object_component id="oc-b9">
         <name>.debug_abbrev</name>
         <load_address>0x86a</load_address>
         <run_address>0x86a</run_address>
         <size>0x1a3</size>
         <input_file_ref idref="fl-d"/>
      </object_component>
      <object_component id="oc-be">
         <name>.debug_abbrev</name>
         <load_address>0xa0d</load_address>
         <run_address>0xa0d</run_address>
         <size>0x2f</size>
         <input_file_ref idref="fl-e"/>
      </object_component>
      <object_component id="oc-c9">
         <name>.debug_abbrev</name>
         <load_address>0xa3c</load_address>
         <run_address>0xa3c</run_address>
         <size>0x21b</size>
         <input_file_ref idref="fl-f"/>
      </object_component>
      <object_component id="oc-ce">
         <name>.debug_abbrev</name>
         <load_address>0xc57</load_address>
         <run_address>0xc57</run_address>
         <size>0xe7</size>
         <input_file_ref idref="fl-10"/>
      </object_component>
      <object_component id="oc-d3">
         <name>.debug_abbrev</name>
         <load_address>0xd3e</load_address>
         <run_address>0xd3e</run_address>
         <size>0x1c7</size>
         <input_file_ref idref="fl-11"/>
      </object_component>
      <object_component id="oc-db">
         <name>.debug_abbrev</name>
         <load_address>0xf05</load_address>
         <run_address>0xf05</run_address>
         <size>0x1c2</size>
         <input_file_ref idref="fl-12"/>
      </object_component>
      <object_component id="oc-e0">
         <name>.debug_abbrev</name>
         <load_address>0x10c7</load_address>
         <run_address>0x10c7</run_address>
         <size>0x3d</size>
         <input_file_ref idref="fl-13"/>
      </object_component>
      <object_component id="oc-e7">
         <name>.debug_abbrev</name>
         <load_address>0x1104</load_address>
         <run_address>0x1104</run_address>
         <size>0x123</size>
         <input_file_ref idref="fl-14"/>
      </object_component>
      <object_component id="oc-ed">
         <name>.debug_abbrev</name>
         <load_address>0x1227</load_address>
         <run_address>0x1227</run_address>
         <size>0x170</size>
         <input_file_ref idref="fl-15"/>
      </object_component>
      <object_component id="oc-f2">
         <name>.debug_abbrev</name>
         <load_address>0x1397</load_address>
         <run_address>0x1397</run_address>
         <size>0xdc</size>
         <input_file_ref idref="fl-16"/>
      </object_component>
      <object_component id="oc-f7">
         <name>.debug_abbrev</name>
         <load_address>0x1473</load_address>
         <run_address>0x1473</run_address>
         <size>0xa1</size>
         <input_file_ref idref="fl-17"/>
      </object_component>
      <object_component id="oc-fc">
         <name>.debug_abbrev</name>
         <load_address>0x1514</load_address>
         <run_address>0x1514</run_address>
         <size>0xe3</size>
         <input_file_ref idref="fl-18"/>
      </object_component>
      <object_component id="oc-101">
         <name>.debug_abbrev</name>
         <load_address>0x15f7</load_address>
         <run_address>0x15f7</run_address>
         <size>0x110</size>
         <input_file_ref idref="fl-19"/>
      </object_component>
      <object_component id="oc-106">
         <name>.debug_abbrev</name>
         <load_address>0x1707</load_address>
         <run_address>0x1707</run_address>
         <size>0x38</size>
         <input_file_ref idref="fl-23"/>
      </object_component>
      <object_component id="oc-10d">
         <name>.debug_abbrev</name>
         <load_address>0x173f</load_address>
         <run_address>0x173f</run_address>
         <size>0x46</size>
         <input_file_ref idref="fl-24"/>
      </object_component>
      <object_component id="oc-112">
         <name>.debug_abbrev</name>
         <load_address>0x1785</load_address>
         <run_address>0x1785</run_address>
         <size>0xee</size>
         <input_file_ref idref="fl-25"/>
      </object_component>
      <object_component id="oc-117">
         <name>.debug_abbrev</name>
         <load_address>0x1873</load_address>
         <run_address>0x1873</run_address>
         <size>0x66</size>
         <input_file_ref idref="fl-26"/>
      </object_component>
      <object_component id="oc-11c">
         <name>.debug_abbrev</name>
         <load_address>0x18d9</load_address>
         <run_address>0x18d9</run_address>
         <size>0x68</size>
         <input_file_ref idref="fl-27"/>
      </object_component>
      <object_component id="oc-121">
         <name>.debug_abbrev</name>
         <load_address>0x1941</load_address>
         <run_address>0x1941</run_address>
         <size>0xe3</size>
         <input_file_ref idref="fl-28"/>
      </object_component>
      <object_component id="oc-128">
         <name>.debug_abbrev</name>
         <load_address>0x1a24</load_address>
         <run_address>0x1a24</run_address>
         <size>0x130</size>
         <input_file_ref idref="fl-29"/>
      </object_component>
      <object_component id="oc-12d">
         <name>.debug_abbrev</name>
         <load_address>0x1b54</load_address>
         <run_address>0x1b54</run_address>
         <size>0xb2</size>
         <input_file_ref idref="fl-2a"/>
      </object_component>
      <object_component id="oc-135">
         <name>.debug_abbrev</name>
         <load_address>0x1c06</load_address>
         <run_address>0x1c06</run_address>
         <size>0x198</size>
         <input_file_ref idref="fl-2b"/>
      </object_component>
      <object_component id="oc-13a">
         <name>.debug_abbrev</name>
         <load_address>0x1d9e</load_address>
         <run_address>0x1d9e</run_address>
         <size>0xa8</size>
         <input_file_ref idref="fl-2c"/>
      </object_component>
      <object_component id="oc-13f">
         <name>.debug_abbrev</name>
         <load_address>0x1e46</load_address>
         <run_address>0x1e46</run_address>
         <size>0xa8</size>
         <input_file_ref idref="fl-2d"/>
      </object_component>
      <object_component id="oc-144">
         <name>.debug_abbrev</name>
         <load_address>0x1eee</load_address>
         <run_address>0x1eee</run_address>
         <size>0xa8</size>
         <input_file_ref idref="fl-2e"/>
      </object_component>
      <object_component id="oc-1c3">
         <name>.debug_abbrev</name>
         <load_address>0x1f96</load_address>
         <run_address>0x1f96</run_address>
         <size>0xf</size>
      </object_component>
      <object_component id="oc-55">
         <name>.debug_aranges</name>
         <load_address>0x0</load_address>
         <run_address>0x0</run_address>
         <size>0x40</size>
         <input_file_ref idref="fl-4"/>
      </object_component>
      <object_component id="oc-5a">
         <name>.debug_aranges</name>
         <load_address>0x40</load_address>
         <run_address>0x40</run_address>
         <size>0x28</size>
         <input_file_ref idref="fl-5"/>
      </object_component>
      <object_component id="oc-60">
         <name>.debug_aranges</name>
         <load_address>0x68</load_address>
         <run_address>0x68</run_address>
         <size>0x28</size>
         <input_file_ref idref="fl-6"/>
      </object_component>
      <object_component id="oc-66">
         <name>.debug_aranges</name>
         <load_address>0x90</load_address>
         <run_address>0x90</run_address>
         <size>0x2f8</size>
         <input_file_ref idref="fl-7"/>
      </object_component>
      <object_component id="oc-6b">
         <name>.debug_aranges</name>
         <load_address>0x388</load_address>
         <run_address>0x388</run_address>
         <size>0x140</size>
         <input_file_ref idref="fl-8"/>
      </object_component>
      <object_component id="oc-ab">
         <name>.debug_aranges</name>
         <load_address>0x4c8</load_address>
         <run_address>0x4c8</run_address>
         <size>0x28</size>
         <input_file_ref idref="fl-a"/>
      </object_component>
      <object_component id="oc-b0">
         <name>.debug_aranges</name>
         <load_address>0x4f0</load_address>
         <run_address>0x4f0</run_address>
         <size>0x20</size>
         <input_file_ref idref="fl-b"/>
      </object_component>
      <object_component id="oc-b5">
         <name>.debug_aranges</name>
         <load_address>0x510</load_address>
         <run_address>0x510</run_address>
         <size>0x18</size>
         <input_file_ref idref="fl-c"/>
      </object_component>
      <object_component id="oc-ba">
         <name>.debug_aranges</name>
         <load_address>0x528</load_address>
         <run_address>0x528</run_address>
         <size>0x70</size>
         <input_file_ref idref="fl-d"/>
      </object_component>
      <object_component id="oc-bf">
         <name>.debug_aranges</name>
         <load_address>0x598</load_address>
         <run_address>0x598</run_address>
         <size>0x20</size>
         <input_file_ref idref="fl-e"/>
      </object_component>
      <object_component id="oc-ca">
         <name>.debug_aranges</name>
         <load_address>0x5b8</load_address>
         <run_address>0x5b8</run_address>
         <size>0x58</size>
         <input_file_ref idref="fl-f"/>
      </object_component>
      <object_component id="oc-cf">
         <name>.debug_aranges</name>
         <load_address>0x610</load_address>
         <run_address>0x610</run_address>
         <size>0x40</size>
         <input_file_ref idref="fl-10"/>
      </object_component>
      <object_component id="oc-d4">
         <name>.debug_aranges</name>
         <load_address>0x650</load_address>
         <run_address>0x650</run_address>
         <size>0xb8</size>
         <input_file_ref idref="fl-11"/>
      </object_component>
      <object_component id="oc-dc">
         <name>.debug_aranges</name>
         <load_address>0x708</load_address>
         <run_address>0x708</run_address>
         <size>0x128</size>
         <input_file_ref idref="fl-12"/>
      </object_component>
      <object_component id="oc-e1">
         <name>.debug_aranges</name>
         <load_address>0x830</load_address>
         <run_address>0x830</run_address>
         <size>0x20</size>
         <input_file_ref idref="fl-13"/>
      </object_component>
      <object_component id="oc-e8">
         <name>.debug_aranges</name>
         <load_address>0x850</load_address>
         <run_address>0x850</run_address>
         <size>0x40</size>
         <input_file_ref idref="fl-14"/>
      </object_component>
      <object_component id="oc-ee">
         <name>.debug_aranges</name>
         <load_address>0x890</load_address>
         <run_address>0x890</run_address>
         <size>0x40</size>
         <input_file_ref idref="fl-15"/>
      </object_component>
      <object_component id="oc-f3">
         <name>.debug_aranges</name>
         <load_address>0x8d0</load_address>
         <run_address>0x8d0</run_address>
         <size>0x20</size>
         <input_file_ref idref="fl-16"/>
      </object_component>
      <object_component id="oc-f8">
         <name>.debug_aranges</name>
         <load_address>0x8f0</load_address>
         <run_address>0x8f0</run_address>
         <size>0x28</size>
         <input_file_ref idref="fl-17"/>
      </object_component>
      <object_component id="oc-fd">
         <name>.debug_aranges</name>
         <load_address>0x918</load_address>
         <run_address>0x918</run_address>
         <size>0x38</size>
         <input_file_ref idref="fl-18"/>
      </object_component>
      <object_component id="oc-102">
         <name>.debug_aranges</name>
         <load_address>0x950</load_address>
         <run_address>0x950</run_address>
         <size>0x18</size>
         <input_file_ref idref="fl-19"/>
      </object_component>
      <object_component id="oc-107">
         <name>.debug_aranges</name>
         <load_address>0x968</load_address>
         <run_address>0x968</run_address>
         <size>0x20</size>
         <input_file_ref idref="fl-23"/>
      </object_component>
      <object_component id="oc-10e">
         <name>.debug_aranges</name>
         <load_address>0x988</load_address>
         <run_address>0x988</run_address>
         <size>0x20</size>
         <input_file_ref idref="fl-24"/>
      </object_component>
      <object_component id="oc-113">
         <name>.debug_aranges</name>
         <load_address>0x9a8</load_address>
         <run_address>0x9a8</run_address>
         <size>0x20</size>
         <input_file_ref idref="fl-25"/>
      </object_component>
      <object_component id="oc-118">
         <name>.debug_aranges</name>
         <load_address>0x9c8</load_address>
         <run_address>0x9c8</run_address>
         <size>0x20</size>
         <input_file_ref idref="fl-26"/>
      </object_component>
      <object_component id="oc-11d">
         <name>.debug_aranges</name>
         <load_address>0x9e8</load_address>
         <run_address>0x9e8</run_address>
         <size>0x20</size>
         <input_file_ref idref="fl-27"/>
      </object_component>
      <object_component id="oc-122">
         <name>.debug_aranges</name>
         <load_address>0xa08</load_address>
         <run_address>0xa08</run_address>
         <size>0x20</size>
         <input_file_ref idref="fl-28"/>
      </object_component>
      <object_component id="oc-129">
         <name>.debug_aranges</name>
         <load_address>0xa28</load_address>
         <run_address>0xa28</run_address>
         <size>0x28</size>
         <input_file_ref idref="fl-29"/>
      </object_component>
      <object_component id="oc-12e">
         <name>.debug_aranges</name>
         <load_address>0xa50</load_address>
         <run_address>0xa50</run_address>
         <size>0x30</size>
         <input_file_ref idref="fl-2a"/>
      </object_component>
      <object_component id="oc-136">
         <name>.debug_aranges</name>
         <load_address>0xa80</load_address>
         <run_address>0xa80</run_address>
         <size>0x78</size>
         <input_file_ref idref="fl-2b"/>
      </object_component>
      <object_component id="oc-13b">
         <name>.debug_aranges</name>
         <load_address>0xaf8</load_address>
         <run_address>0xaf8</run_address>
         <size>0x20</size>
         <input_file_ref idref="fl-2c"/>
      </object_component>
      <object_component id="oc-140">
         <name>.debug_aranges</name>
         <load_address>0xb18</load_address>
         <run_address>0xb18</run_address>
         <size>0x20</size>
         <input_file_ref idref="fl-2d"/>
      </object_component>
      <object_component id="oc-145">
         <name>.debug_aranges</name>
         <load_address>0xb38</load_address>
         <run_address>0xb38</run_address>
         <size>0x20</size>
         <input_file_ref idref="fl-2e"/>
      </object_component>
   </object_component_list>
   <logical_group_list>
      <logical_group id="lg-2" display="no" color="cyan">
         <name>codestart</name>
         <load_address>0x0</load_address>
         <run_address>0x0</run_address>
         <size>0x2</size>
         <contents>
            <object_component_ref idref="oc-50"/>
         </contents>
      </logical_group>
      <logical_group id="lg-3" display="no" color="cyan">
         <name>ramfuncs</name>
         <load_address>0xcb</load_address>
         <run_address>0xcb</run_address>
         <size>0x4</size>
         <contents>
            <object_component_ref idref="oc-bb"/>
         </contents>
      </logical_group>
[...]
      </symbol>
      <symbol id="sm-35f">
         <name>_CsmUnlock</name>
         <value>0x9791</value>
         <object_component_ref idref="oc-15d"/>
      </symbol>
      <symbol id="sm-361">
         <name>_InitPll2</name>
         <value>0x970d</value>
         <object_component_ref idref="oc-15d"/>
      </symbol>
      <symbol id="sm-363">
         <name>_ServiceDog</name>
         <value>0x96a7</value>
         <object_component_ref idref="oc-15d"/>
      </symbol>
      <symbol id="sm-365">
         <name>_XtalOscSel</name>
         <value>0x97ec</value>
         <object_component_ref idref="oc-15d"/>
      </symbol>
      <symbol id="sm-367">
         <name>_InitSysCtrl</name>
         <value>0x968d</value>
         <object_component_ref idref="oc-15d"/>
      </symbol>
      <symbol id="sm-374">
         <name>_DSP28x_usDelay</name>
         <value>0xcb</value>
         <object_component_ref idref="oc-bb"/>
      </symbol>
      <symbol id="sm-3a3">
         <name>_main</name>
         <value>0x98c7</value>
         <object_component_ref idref="oc-153"/>
      </symbol>
      <symbol id="sm-3a5">
         <name>_vApplicationGetIdleTaskMemory</name>
         <value>0x98b2</value>
         <object_component_ref idref="oc-153"/>
      </symbol>
      <symbol id="sm-3a7">
         <name>_vApplicationStackOverflowHook</name>
         <value>0x98c3</value>
         <object_component_ref idref="oc-153"/>
      </symbol>
      <symbol id="sm-3a9">
         <name>_DMASource</name>
         <value>0xa30a</value>
         <object_component_ref idref="oc-c2"/>
      </symbol>
      <symbol id="sm-3aa">
         <name>_timer1_ISR</name>
         <value>0x9e79</value>
         <object_component_ref idref="oc-c5"/>
      </symbol>
      <symbol id="sm-3ac">
         <name>_teste</name>
         <value>0xa300</value>
         <object_component_ref idref="oc-c2"/>
      </symbol>
      <symbol id="sm-3ad">
         <name>_adc_value</name>
         <value>0xa302</value>
         <object_component_ref idref="oc-c2"/>
      </symbol>
      <symbol id="sm-3ae">
         <name>_DMABuf2</name>
         <value>0xe000</value>
         <object_component_ref idref="oc-c4"/>
      </symbol>
      <symbol id="sm-3af">
         <name>_DMABuf1</name>
         <value>0xc000</value>
         <object_component_ref idref="oc-c3"/>
      </symbol>
      <symbol id="sm-3b0">
         <name>_insertionTask</name>
         <value>0x984d</value>
         <object_component_ref idref="oc-153"/>
      </symbol>
      <symbol id="sm-3b2">
         <name>_DMADest</name>
         <value>0xa308</value>
         <object_component_ref idref="oc-c2"/>
      </symbol>
      <symbol id="sm-3b3">
         <name>_adc_buffer_size</name>
         <value>0xa301</value>
         <object_component_ref idref="oc-c2"/>
      </symbol>
      <symbol id="sm-3b4">
         <name>_vApplicationSetupTimerInterrupt</name>
         <value>0x981d</value>
         <object_component_ref idref="oc-153"/>
      </symbol>
      <symbol id="sm-3b6">
         <name>_mean_adc_value</name>
         <value>0xa304</value>
         <object_component_ref idref="oc-c2"/>
      </symbol>
      <symbol id="sm-3b7">
         <name>_controlTask</name>
         <value>0x9872</value>
         <object_component_ref idref="oc-153"/>
      </symbol>
      <symbol id="sm-3b9">
         <name>_pid_output</name>
         <value>0xa306</value>
         <object_component_ref idref="oc-c2"/>
      </symbol>
      <symbol id="sm-3ca">
         <name>_uxListRemove</name>
         <value>0x9be1</value>
         <object_component_ref idref="oc-14f"/>
      </symbol>
      <symbol id="sm-3cc">
         <name>_vListInitialise</name>
         <value>0x9b73</value>
         <object_component_ref idref="oc-14f"/>
      </symbol>
      <symbol id="sm-3ce">
         <name>_vListInsertEnd</name>
         <value>0x9b94</value>
         <object_component_ref idref="oc-14f"/>
      </symbol>
      <symbol id="sm-3d0">
         <name>_vListInitialiseItem</name>
         <value>0x9b8b</value>
         <object_component_ref idref="oc-14f"/>
      </symbol>
      <symbol id="sm-3d2">
         <name>_vListInsert</name>
         <value>0x9baf</value>
         <object_component_ref idref="oc-14f"/>
      </symbol>
      <symbol id="sm-42d">
         <name>_vQueueDelete</name>
         <value>0x8982</value>
         <object_component_ref idref="oc-146"/>
      </symbol>
      <symbol id="sm-42f">
         <name>_xQueueGenericReset</name>
         <value>0x868c</value>
         <object_component_ref idref="oc-146"/>
      </symbol>
      <symbol id="sm-431">
         <name>_xQueueIsQueueFullFromISR</name>
         <value>0x8a84</value>
         <object_component_ref idref="oc-146"/>
      </symbol>
      <symbol id="sm-433">
         <name>_uxQueueSpacesAvailable</name>
         <value>0x8964</value>
         <object_component_ref idref="oc-146"/>
      </symbol>
      <symbol id="sm-435">
         <name>_xQueueIsQueueEmptyFromISR</name>
         <value>0x8a5e</value>
         <object_component_ref idref="oc-146"/>
      </symbol>
      <symbol id="sm-437">
         <name>_xQueueReceiveFromISR</name>
         <value>0x88fb</value>
         <object_component_ref idref="oc-146"/>
      </symbol>
      <symbol id="sm-439">
         <name>_uxQueueMessagesWaiting</name>
         <value>0x8956</value>
         <object_component_ref idref="oc-146"/>
      </symbol>
      <symbol id="sm-43b">
         <name>_xQueuePeekFromISR</name>
         <value>0x893c</value>
         <object_component_ref idref="oc-146"/>
      </symbol>
      <symbol id="sm-43d">
         <name>_xQueueGenericSendFromISR</name>
         <value>0x87bc</value>
         <object_component_ref idref="oc-146"/>
      </symbol>
      <symbol id="sm-43f">
         <name>_xQueueGiveFromISR</name>
         <value>0x8800</value>
         <object_component_ref idref="oc-146"/>
      </symbol>
      <symbol id="sm-441">
         <name>_xQueueGenericCreateStatic</name>
         <value>0x86ec</value>
         <object_component_ref idref="oc-146"/>
      </symbol>
      <symbol id="sm-443">
         <name>_xQueueGenericSend</name>
         <value>0x871e</value>
         <object_component_ref idref="oc-146"/>
      </symbol>
      <symbol id="sm-445">
         <name>_uxQueueMessagesWaitingFromISR</name>
         <value>0x8979</value>
         <object_component_ref idref="oc-146"/>
      </symbol>
      <symbol id="sm-447">
         <name>_xQueueGenericReceive</name>
         <value>0x8843</value>
         <object_component_ref idref="oc-146"/>
      </symbol>
      <symbol id="sm-4e6">
         <name>_uxTaskGetNumberOfTasks</name>
         <value>0x820d</value>
         <object_component_ref idref="oc-147"/>
      </symbol>
      <symbol id="sm-4e8">
         <name>_vTaskPlaceOnEventList</name>
         <value>0x82f5</value>
         <object_component_ref idref="oc-147"/>
      </symbol>
      <symbol id="sm-4ea">
         <name>_uxTaskResetEventItemValue</name>
         <value>0x842a</value>
         <object_component_ref idref="oc-147"/>
      </symbol>
      <symbol id="sm-4ec">
         <name>_vTaskDelay</name>
         <value>0x8129</value>
         <object_component_ref idref="oc-147"/>
      </symbol>
      <symbol id="sm-4ee">
         <name>_xTaskIncrementTick</name>
         <value>0x8220</value>
         <object_component_ref idref="oc-147"/>
      </symbol>
      <symbol id="sm-4f0">
         <name>_vTaskMissedYield</name>
         <value>0x83df</value>
         <object_component_ref idref="oc-147"/>
      </symbol>
      <symbol id="sm-4f2">
         <name>_ulTaskNotifyTake</name>
         <value>0x843f</value>
         <object_component_ref idref="oc-147"/>
      </symbol>
      <symbol id="sm-4f4">
         <name>_xTaskNotifyStateClear</name>
         <value>0x8640</value>
         <object_component_ref idref="oc-147"/>
      </symbol>
      <symbol id="sm-4f6">
         <name>_xTaskRemoveFromUnorderedEventList</name>
         <value>0x8369</value>
         <object_component_ref idref="oc-147"/>
      </symbol>
      <symbol id="sm-4f8">
         <name>_xTaskCreateStatic</name>
         <value>0x8000</value>
         <object_component_ref idref="oc-147"/>
      </symbol>
      <symbol id="sm-4fa">
         <name>_vTaskEndScheduler</name>
         <value>0x817b</value>
         <object_component_ref idref="oc-147"/>
      </symbol>
      <symbol id="sm-4fc">
         <name>_xTaskCheckForTimeOut</name>
         <value>0x83b6</value>
         <object_component_ref idref="oc-147"/>
      </symbol>
      <symbol id="sm-4fe">
         <name>_xTaskResumeAll</name>
         <value>0x8187</value>
         <object_component_ref idref="oc-147"/>
      </symbol>
      <symbol id="sm-500">
         <name>_vTaskDelayUntil</name>
         <value>0x80f0</value>
         <object_component_ref idref="oc-147"/>
      </symbol>
      <symbol id="sm-502">
         <name>_vTaskSwitchContext</name>
         <value>0x82a4</value>
         <object_component_ref idref="oc-147"/>
      </symbol>
      <symbol id="sm-504">
         <name>_vTaskNotifyGiveFromISR</name>
         <value>0x85e3</value>
         <object_component_ref idref="oc-147"/>
      </symbol>
      <symbol id="sm-506">
         <name>_xTaskGetTickCount</name>
         <value>0x81f9</value>
         <object_component_ref idref="oc-147"/>
      </symbol>
      <symbol id="sm-508">
         <name>_vTaskStartScheduler</name>
         <value>0x8142</value>
         <object_component_ref idref="oc-147"/>
      </symbol>
      <symbol id="sm-50a">
         <name>_vTaskSetTimeOutState</name>
         <value>0x83aa</value>
         <object_component_ref idref="oc-147"/>
      </symbol>
      <symbol id="sm-50c">
         <name>_xTaskGenericNotify</name>
         <value>0x84cf</value>
         <object_component_ref idref="oc-147"/>
      </symbol>
      <symbol id="sm-50e">
         <name>_xTaskGenericNotifyFromISR</name>
         <value>0x8554</value>
         <object_component_ref idref="oc-147"/>
      </symbol>
      <symbol id="sm-510">
         <name>_pxCurrentTCB</name>
         <value>0xa448</value>
         <object_component_ref idref="oc-d7"/>
      </symbol>
      <symbol id="sm-511">
         <name>_vTaskPlaceOnUnorderedEventList</name>
         <value>0x8305</value>
         <object_component_ref idref="oc-147"/>
      </symbol>
      <symbol id="sm-513">
         <name>_vTaskSuspendAll</name>
         <value>0x8183</value>
         <object_component_ref idref="oc-147"/>
      </symbol>
      <symbol id="sm-515">
         <name>_pcTaskGetName</name>
         <value>0x8211</value>
         <object_component_ref idref="oc-147"/>
      </symbol>
      <symbol id="sm-517">
         <name>_xTaskGetTickCountFromISR</name>
         <value>0x8205</value>
         <object_component_ref idref="oc-147"/>
      </symbol>
      <symbol id="sm-519">
         <name>_xTaskNotifyWait</name>
         <value>0x8480</value>
         <object_component_ref idref="oc-147"/>
      </symbol>
      <symbol id="sm-51b">
         <name>_xTaskRemoveFromEventList</name>
         <value>0x831d</value>
         <object_component_ref idref="oc-147"/>
      </symbol>
      <symbol id="sm-52f">
         <name>_portRESTORE_FIRST_CONTEXT</name>
         <value>0x9c91</value>
         <object_component_ref idref="oc-dd"/>
      </symbol>
      <symbol id="sm-530">
         <name>_getSTF</name>
         <value>0x9c8d</value>
         <object_component_ref idref="oc-dd"/>
      </symbol>
      <symbol id="sm-531">
         <name>_portTICK_ISR</name>
         <value>0x9c9c</value>
         <object_component_ref idref="oc-dd"/>
      </symbol>
      <symbol id="sm-546">
         <name>_vPortEnterCritical</name>
         <value>0x99d3</value>
         <object_component_ref idref="oc-14e"/>
      </symbol>
      <symbol id="sm-548">
         <name>_xPortStartScheduler</name>
         <value>0x99c5</value>
         <object_component_ref idref="oc-14e"/>
      </symbol>
      <symbol id="sm-54a">
         <name>_pxPortInitialiseStack</name>
         <value>0x9910</value>
         <object_component_ref idref="oc-14e"/>
      </symbol>
      <symbol id="sm-54c">
         <name>_bYield</name>
         <value>0xa3f6</value>
         <object_component_ref idref="oc-e4"/>
      </symbol>
      <symbol id="sm-54d">
         <name>_ulCriticalNesting</name>
         <value>0xa3f8</value>
         <object_component_ref idref="oc-e4"/>
      </symbol>
      <symbol id="sm-54e">
         <name>_vPortEndScheduler</name>
         <value>0x99c4</value>
         <object_component_ref idref="oc-14e"/>
      </symbol>
      <symbol id="sm-550">
         <name>_bPreemptive</name>
         <value>0xa3f7</value>
         <object_component_ref idref="oc-e4"/>
      </symbol>
      <symbol id="sm-551">
         <name>_vPortExitCritical</name>
         <value>0x99db</value>
         <object_component_ref idref="oc-14e"/>
      </symbol>
      <symbol id="sm-562">
         <name>_adc_isr</name>
         <value>0x9e60</value>
         <object_component_ref idref="oc-ea"/>
      </symbol>
      <symbol id="sm-564">
         <name>_local_DINTCH1_ISR</name>
         <value>0x9e2b</value>
         <object_component_ref idref="oc-ea"/>
      </symbol>
      <symbol id="sm-566">
         <name>_Config_dma_4_adc</name>
         <value>0x9b0e</value>
         <object_component_ref idref="oc-160"/>
      </symbol>
      <symbol id="sm-568">
         <name>_config_interrupts</name>
         <value>0x9aad</value>
         <object_component_ref idref="oc-160"/>
      </symbol>
      <symbol id="sm-56a">
         <name>_Config_adc</name>
         <value>0x9ad1</value>
         <object_component_ref idref="oc-160"/>
      </symbol>
      <symbol id="sm-577">
         <name>_Config_GPIO</name>
         <value>0x9f70</value>
         <object_component_ref idref="oc-161"/>
      </symbol>
      <symbol id="sm-58b">
         <name>_insertionSort</name>
         <value>0x9ddc</value>
         <object_component_ref idref="oc-15a"/>
      </symbol>
      <symbol id="sm-58d">
         <name>_insertion_rotine</name>
         <value>0x9e0f</value>
         <object_component_ref idref="oc-15a"/>
      </symbol>
      <symbol id="sm-59e">
         <name>_initPID</name>
         <value>0x99e5</value>
         <object_component_ref idref="oc-15b"/>
      </symbol>
      <symbol id="sm-5a0">
         <name>_simulateSystem</name>
         <value>0x9a54</value>
         <object_component_ref idref="oc-15b"/>
      </symbol>
      <symbol id="sm-5a2">
         <name>_calculatePIDOutput</name>
         <value>0x9a07</value>
         <object_component_ref idref="oc-15b"/>
      </symbol>
      <symbol id="sm-5a4">
         <name>_PID_routine</name>
         <value>0x9a5b</value>
         <object_component_ref idref="oc-15b"/>
      </symbol>
      <symbol id="sm-5bf">
         <name>FS$$DIV</name>
         <value>0x9c05</value>
         <object_component_ref idref="oc-103"/>
      </symbol>
      <symbol id="sm-5da">
         <name>_c_int00</name>
         <value>0x9d86</value>
         <object_component_ref idref="oc-108"/>
      </symbol>
      <symbol id="sm-5db">
         <name>__stack</name>
         <value>0x400</value>
         <object_component_ref idref="oc-109"/>
      </symbol>
      <symbol id="sm-5ea">
         <name>__args_main</name>
         <value>0x9f99</value>
         <object_component_ref idref="oc-14c"/>
      </symbol>
      <symbol id="sm-5f8">
         <name>__system_post_cinit</name>
         <value>0x9fc5</value>
         <object_component_ref idref="oc-14b"/>
      </symbol>
      <symbol id="sm-605">
         <name>__system_pre_init</name>
         <value>0x9fc3</value>
         <object_component_ref idref="oc-149"/>
      </symbol>
      <symbol id="sm-615">
         <name>_copy_in</name>
         <value>0x9f2f</value>
         <object_component_ref idref="oc-14a"/>
      </symbol>
      <symbol id="sm-62a">
         <name>C$$EXIT</name>
         <value>0x9eb8</value>
         <object_component_ref idref="oc-14d"/>
      </symbol>
      <symbol id="sm-62b">
         <name>_exit</name>
         <value>0x9eba</value>
         <object_component_ref idref="oc-14d"/>
      </symbol>
      <symbol id="sm-62d">
         <name>___TI_cleanup_ptr</name>
         <value>0xa3f2</value>
         <object_component_ref idref="oc-125"/>
      </symbol>
      <symbol id="sm-62e">
         <name>___TI_enable_exit_profile_output</name>
         <value>0xa3f0</value>
         <object_component_ref idref="oc-125"/>
      </symbol>
      <symbol id="sm-62f">
         <name>_abort</name>
         <value>0x9eb8</value>
         <object_component_ref idref="oc-14d"/>
      </symbol>
      <symbol id="sm-631">
         <name>___TI_dtors_ptr</name>
         <value>0xa3f4</value>
         <object_component_ref idref="oc-125"/>
      </symbol>
      <symbol id="sm-645">
         <name>__unlock</name>
         <value>0xa432</value>
         <object_component_ref idref="oc-166"/>
      </symbol>
      <symbol id="sm-646">
         <name>__lock</name>
         <value>0xa3fe</value>
         <object_component_ref idref="oc-156"/>
      </symbol>
      <symbol id="sm-647">
         <name>__register_lock</name>
         <value>0x9faf</value>
         <object_component_ref idref="oc-164"/>
      </symbol>
      <symbol id="sm-649">
         <name>__nop</name>
         <value>0x9fb3</value>
         <object_component_ref idref="oc-164"/>
      </symbol>
      <symbol id="sm-64b">
         <name>__register_unlock</name>
         <value>0x9fab</value>
         <object_component_ref idref="oc-164"/>
      </symbol>
      <symbol id="sm-6a9">
         <name>__sys_memory</name>
         <value>0xa498</value>
         <object_component_ref idref="oc-132"/>
      </symbol>
      <symbol id="sm-6aa">
         <name>___TI_heap_total_available</name>
         <value>0x941a</value>
         <object_component_ref idref="oc-159"/>
      </symbol>
      <symbol id="sm-6ac">
         <name>_realloc</name>
         <value>0x92bf</value>
         <object_component_ref idref="oc-159"/>
      </symbol>
      <symbol id="sm-6ae">
         <name>___TI_heap_check</name>
         <value>0x9454</value>
         <object_component_ref idref="oc-159"/>
      </symbol>
      <symbol id="sm-6b0">
         <name>_free</name>
         <value>0x91f5</value>
         <object_component_ref idref="oc-159"/>
      </symbol>
      <symbol id="sm-6b2">
         <name>_memalign</name>
         <value>0x9374</value>
         <object_component_ref idref="oc-159"/>
      </symbol>
      <symbol id="sm-6b3">
         <name>_calloc</name>
         <value>0x9347</value>
         <object_component_ref idref="oc-159"/>
      </symbol>
      <symbol id="sm-6b5">
         <name>_malloc</name>
         <value>0x91ca</value>
         <object_component_ref idref="oc-159"/>
      </symbol>
      <symbol id="sm-6b7">
         <name>_aligned_alloc</name>
         <value>0x9374</value>
         <object_component_ref idref="oc-159"/>
      </symbol>
      <symbol id="sm-6b9">
         <name>_minit</name>
         <value>0x9343</value>
         <object_component_ref idref="oc-159"/>
      </symbol>
      <symbol id="sm-6bb">
         <name>___TI_heap_largest_available</name>
         <value>0x9437</value>
         <object_component_ref idref="oc-159"/>
      </symbol>
      <symbol id="sm-6ca">
         <name>_memcmp</name>
         <value>0x9f86</value>
         <object_component_ref idref="oc-155"/>
      </symbol>
      <symbol id="sm-6dc">
         <name>_memcpy</name>
         <value>0x9f53</value>
         <object_component_ref idref="oc-150"/>
      </symbol>
      <symbol id="sm-6eb">
         <name>_memset</name>
         <value>0x9fbc</value>
         <object_component_ref idref="oc-151"/>
      </symbol>
   </symbol_table>
   <title>Link successful</title>
</link_info>
