<?xml version="1.0" encoding="ISO-8859-1" ?>
<link_info>
   <banner>TMS320C2000 Linker PC v22.6.0.LTS</banner>
   <copyright>Copyright (c) 1996-2018 Texas Instruments Incorporated</copyright>
   <link_time>0x65d0bd1a</link_time>
   <link_errors>0x0</link_errors>
   <output_file>Example_2806xDMA_ram_to_ram.out</output_file>
   <entry_point>
      <name>code_start</name>
      <address>0x0</address>
   </entry_point>
   <input_file_list>
      <input_file id="fl-4">
         <path>.\</path>
         <kind>object</kind>
         <file>F2806x_Adc.obj</file>
         <name>F2806x_Adc.obj</name>
      </input_file>
      <input_file id="fl-5">
         <path>.\</path>
         <kind>object</kind>
         <file>F2806x_CodeStartBranch.obj</file>
         <name>F2806x_CodeStartBranch.obj</name>
      </input_file>
      <input_file id="fl-6">
         <path>.\</path>
         <kind>object</kind>
         <file>F2806x_CpuTimers.obj</file>
         <name>F2806x_CpuTimers.obj</name>
      </input_file>
      <input_file id="fl-7">
         <path>.\</path>
         <kind>object</kind>
         <file>F2806x_DefaultIsr.obj</file>
         <name>F2806x_DefaultIsr.obj</name>
      </input_file>
      <input_file id="fl-8">
         <path>.\</path>
         <kind>object</kind>
         <file>F2806x_Dma.obj</file>
         <name>F2806x_Dma.obj</name>
      </input_file>
      <input_file id="fl-9">
         <path>.\</path>
         <kind>object</kind>
         <file>F2806x_GlobalVariableDefs.obj</file>
         <name>F2806x_GlobalVariableDefs.obj</name>
      </input_file>
      <input_file id="fl-a">
         <path>.\</path>
         <kind>object</kind>
         <file>F2806x_PieCtrl.obj</file>
         <name>F2806x_PieCtrl.obj</name>
      </input_file>
      <input_file id="fl-b">
         <path>.\</path>
         <kind>object</kind>
         <file>F2806x_PieVect.obj</file>
         <name>F2806x_PieVect.obj</name>
      </input_file>
      <input_file id="fl-c">
         <path>.\</path>
         <kind>object</kind>
         <file>F2806x_SysCtrl.obj</file>
         <name>F2806x_SysCtrl.obj</name>
      </input_file>
      <input_file id="fl-d">
         <path>.\</path>
         <kind>object</kind>
         <file>F2806x_usDelay.obj</file>
         <name>F2806x_usDelay.obj</name>
      </input_file>
      <input_file id="fl-e">
         <path>.\</path>
         <kind>object</kind>
         <file>main.obj</file>
         <name>main.obj</name>
      </input_file>
      <input_file id="fl-f">
         <path>.\FreeRTOS\</path>
         <kind>object</kind>
         <file>list.obj</file>
         <name>list.obj</name>
      </input_file>
      <input_file id="fl-10">
         <path>.\FreeRTOS\</path>
         <kind>object</kind>
         <file>queue.obj</file>
         <name>queue.obj</name>
      </input_file>
      <input_file id="fl-11">
         <path>.\FreeRTOS\</path>
         <kind>object</kind>
         <file>tasks.obj</file>
         <name>tasks.obj</name>
      </input_file>
      <input_file id="fl-12">
         <path>.\FreeRTOS\port\</path>
         <kind>object</kind>
         <file>porASM.obj</file>
         <name>porASM.obj</name>
      </input_file>
      <input_file id="fl-13">
         <path>.\FreeRTOS\port\</path>
         <kind>object</kind>
         <file>port.obj</file>
         <name>port.obj</name>
      </input_file>
      <input_file id="fl-14">
         <path>.\Methods\functions\</path>
         <kind>object</kind>
         <file>adc.obj</file>
         <name>adc.obj</name>
      </input_file>
      <input_file id="fl-15">
         <path>.\Methods\functions\</path>
         <kind>object</kind>
         <file>gpio.obj</file>
         <name>gpio.obj</name>
      </input_file>
      <input_file id="fl-16">
         <path>.\Methods\functions\</path>
         <kind>object</kind>
         <file>insertion.obj</file>
         <name>insertion.obj</name>
      </input_file>
      <input_file id="fl-17">
         <path>.\Methods\functions\</path>
         <kind>object</kind>
         <file>pid.obj</file>
         <name>pid.obj</name>
      </input_file>
      <input_file id="fl-1d">
         <kind>object</kind>
         <file>&lt;internal&gt;</file>
         <name>&lt;internal&gt;</name>
      </input_file>
      <input_file id="fl-21">
         <path>C:\ti\ccs1240\ccs\tools\compiler\ti-cgt-c2000_22.6.0.LTS\lib\</path>
         <kind>archive</kind>
         <file>rts2800_fpu32.lib</file>
         <name>fs_div28.asm.obj</name>
      </input_file>
      <input_file id="fl-22">
         <path>C:\ti\ccs1240\ccs\tools\compiler\ti-cgt-c2000_22.6.0.LTS\lib\</path>
         <kind>archive</kind>
         <file>rts2800_fpu32.lib</file>
         <name>boot28.asm.obj</name>
      </input_file>
      <input_file id="fl-23">
         <path>C:\ti\ccs1240\ccs\tools\compiler\ti-cgt-c2000_22.6.0.LTS\lib\</path>
         <kind>archive</kind>
         <file>rts2800_fpu32.lib</file>
         <name>args_main.c.obj</name>
      </input_file>
      <input_file id="fl-24">
         <path>C:\ti\ccs1240\ccs\tools\compiler\ti-cgt-c2000_22.6.0.LTS\lib\</path>
         <kind>archive</kind>
         <file>rts2800_fpu32.lib</file>
         <name>startup.c.obj</name>
      </input_file>
      <input_file id="fl-25">
         <path>C:\ti\ccs1240\ccs\tools\compiler\ti-cgt-c2000_22.6.0.LTS\lib\</path>
         <kind>archive</kind>
         <file>rts2800_fpu32.lib</file>
         <name>pre_init.c.obj</name>
      </input_file>
      <input_file id="fl-26">
         <path>C:\ti\ccs1240\ccs\tools\compiler\ti-cgt-c2000_22.6.0.LTS\lib\</path>
         <kind>archive</kind>
         <file>rts2800_fpu32.lib</file>
         <name>cpy_tbl.c.obj</name>
      </input_file>
      <input_file id="fl-27">
         <path>C:\ti\ccs1240\ccs\tools\compiler\ti-cgt-c2000_22.6.0.LTS\lib\</path>
         <kind>archive</kind>
         <file>rts2800_fpu32.lib</file>
         <name>exit.c.obj</name>
      </input_file>
      <input_file id="fl-28">
         <path>C:\ti\ccs1240\ccs\tools\compiler\ti-cgt-c2000_22.6.0.LTS\lib\</path>
         <kind>archive</kind>
         <file>rts2800_fpu32.lib</file>
         <name>_lock.c.obj</name>
      </input_file>
      <input_file id="fl-29">
         <path>C:\ti\ccs1240\ccs\tools\compiler\ti-cgt-c2000_22.6.0.LTS\lib\</path>
         <kind>archive</kind>
         <file>rts2800_fpu32.lib</file>
         <name>memory.c.obj</name>
      </input_file>
      <input_file id="fl-2a">
         <path>C:\ti\ccs1240\ccs\tools\compiler\ti-cgt-c2000_22.6.0.LTS\lib\</path>
         <kind>archive</kind>
         <file>rts2800_fpu32.lib</file>
         <name>memcmp.c.obj</name>
      </input_file>
      <input_file id="fl-2b">
         <path>C:\ti\ccs1240\ccs\tools\compiler\ti-cgt-c2000_22.6.0.LTS\lib\</path>
         <kind>archive</kind>
         <file>rts2800_fpu32.lib</file>
         <name>memcpy.c.obj</name>
      </input_file>
      <input_file id="fl-2c">
         <path>C:\ti\ccs1240\ccs\tools\compiler\ti-cgt-c2000_22.6.0.LTS\lib\</path>
         <kind>archive</kind>
         <file>rts2800_fpu32.lib</file>
         <name>memset.c.obj</name>
      </input_file>
   </input_file_list>
   <object_component_list>
      <object_component id="oc-50">
         <name>codestart</name>
         <load_address>0x0</load_address>
         <run_address>0x0</run_address>
         <size>0x2</size>
         <input_file_ref idref="fl-5"/>
      </object_component>
      <object_component id="oc-b6">
         <name>ramfuncs</name>
         <load_address>0xd5</load_address>
         <run_address>0xd5</run_address>
         <size>0x4</size>
         <input_file_ref idref="fl-d"/>
      </object_component>
      <object_component id="oc-13d">
         <name>.text</name>
         <load_address>0x8000</load_address>
         <run_address>0x8000</run_address>
         <size>0x68c</size>
         <input_file_ref idref="fl-11"/>
      </object_component>
      <object_component id="oc-13c">
         <name>.text</name>
         <load_address>0x868c</load_address>
         <run_address>0x868c</run_address>
         <size>0x40c</size>
         <input_file_ref idref="fl-10"/>
      </object_component>
      <object_component id="oc-62">
         <name>.text:retain</name>
         <load_address>0x8a98</load_address>
         <run_address>0x8a98</run_address>
         <size>0x3a9</size>
         <input_file_ref idref="fl-7"/>
      </object_component>
      <object_component id="oc-13e">
         <name>.text</name>
         <load_address>0x8e41</load_address>
         <run_address>0x8e41</run_address>
         <size>0x389</size>
         <input_file_ref idref="fl-8"/>
      </object_component>
      <object_component id="oc-14f">
         <name>.text</name>
         <load_address>0x91ca</load_address>
         <run_address>0x91ca</run_address>
         <size>0x28c</size>
         <input_file_ref idref="fl-29"/>
      </object_component>
      <object_component id="oc-15e">
         <name>.text</name>
         <load_address>0x9456</load_address>
         <run_address>0x9456</run_address>
         <size>0x237</size>
         <input_file_ref idref="fl-4"/>
      </object_component>
      <object_component id="oc-153">
         <name>.text</name>
         <load_address>0x968d</load_address>
         <run_address>0x968d</run_address>
         <size>0x190</size>
         <input_file_ref idref="fl-c"/>
      </object_component>
      <object_component id="oc-149">
         <name>.text</name>
         <load_address>0x981d</load_address>
         <run_address>0x981d</run_address>
         <size>0x109</size>
         <input_file_ref idref="fl-e"/>
      </object_component>
      <object_component id="oc-144">
         <name>.text</name>
         <load_address>0x9926</load_address>
         <run_address>0x9926</run_address>
         <size>0xd5</size>
         <input_file_ref idref="fl-13"/>
      </object_component>
      <object_component id="oc-151">
         <name>.text</name>
         <load_address>0x99fb</load_address>
         <run_address>0x99fb</run_address>
         <size>0xc8</size>
         <input_file_ref idref="fl-17"/>
      </object_component>
      <object_component id="oc-156">
         <name>.text</name>
         <load_address>0x9ac3</load_address>
         <run_address>0x9ac3</run_address>
         <size>0xc6</size>
         <input_file_ref idref="fl-14"/>
      </object_component>
      <object_component id="oc-145">
         <name>.text</name>
         <load_address>0x9b89</load_address>
         <run_address>0x9b89</run_address>
         <size>0x92</size>
         <input_file_ref idref="fl-f"/>
      </object_component>
      <object_component id="oc-f9">
         <name>.text</name>
         <load_address>0x9c1b</load_address>
         <run_address>0x9c1b</run_address>
         <size>0x88</size>
         <input_file_ref idref="fl-21"/>
      </object_component>
      <object_component id="oc-d8">
         <name>.text</name>
         <load_address>0x9ca3</load_address>
         <run_address>0x9ca3</run_address>
         <size>0x83</size>
         <input_file_ref idref="fl-12"/>
      </object_component>
      <object_component id="oc-14e">
         <name>.text</name>
         <load_address>0x9d26</load_address>
         <run_address>0x9d26</run_address>
         <size>0x76</size>
         <input_file_ref idref="fl-6"/>
      </object_component>
      <object_component id="oc-fe">
         <name>.text</name>
         <load_address>0x9d9c</load_address>
         <run_address>0x9d9c</run_address>
         <size>0x56</size>
         <input_file_ref idref="fl-22"/>
      </object_component>
      <object_component id="oc-150">
         <name>.text</name>
         <load_address>0x9df2</load_address>
         <run_address>0x9df2</run_address>
         <size>0x4f</size>
         <input_file_ref idref="fl-16"/>
      </object_component>
      <object_component id="oc-e5">
         <name>.text:retain</name>
         <load_address>0x9e41</load_address>
         <run_address>0x9e41</run_address>
         <size>0x4e</size>
         <input_file_ref idref="fl-14"/>
      </object_component>
      <object_component id="oc-c0">
         <name>.text:retain</name>
         <load_address>0x9e8f</load_address>
         <run_address>0x9e8f</run_address>
         <size>0x3f</size>
         <input_file_ref idref="fl-e"/>
      </object_component>
      <object_component id="oc-143">
         <name>.text</name>
         <load_address>0x9ece</load_address>
         <run_address>0x9ece</run_address>
         <size>0x29</size>
         <input_file_ref idref="fl-27"/>
      </object_component>
      <object_component id="oc-154">
         <name>.text</name>
         <load_address>0x9ef7</load_address>
         <run_address>0x9ef7</run_address>
         <size>0x28</size>
         <input_file_ref idref="fl-a"/>
      </object_component>
      <object_component id="oc-155">
         <name>.text</name>
         <load_address>0x9f1f</load_address>
         <run_address>0x9f1f</run_address>
         <size>0x26</size>
         <input_file_ref idref="fl-b"/>
      </object_component>
      <object_component id="oc-140">
         <name>.text</name>
         <load_address>0x9f45</load_address>
         <run_address>0x9f45</run_address>
         <size>0x24</size>
         <input_file_ref idref="fl-26"/>
      </object_component>
      <object_component id="oc-146">
         <name>.text</name>
         <load_address>0x9f69</load_address>
         <run_address>0x9f69</run_address>
         <size>0x1d</size>
         <input_file_ref idref="fl-2b"/>
      </object_component>
      <object_component id="oc-157">
         <name>.text</name>
         <load_address>0x9f86</load_address>
         <run_address>0x9f86</run_address>
         <size>0x16</size>
         <input_file_ref idref="fl-15"/>
      </object_component>
      <object_component id="oc-14b">
         <name>.text</name>
         <load_address>0x9f9c</load_address>
         <run_address>0x9f9c</run_address>
         <size>0x13</size>
         <input_file_ref idref="fl-2a"/>
      </object_component>
      <object_component id="oc-142">
         <name>.text</name>
         <load_address>0x9faf</load_address>
         <run_address>0x9faf</run_address>
         <size>0x12</size>
         <input_file_ref idref="fl-23"/>
      </object_component>
      <object_component id="oc-15a">
         <name>.text</name>
         <load_address>0x9fc1</load_address>
         <run_address>0x9fc1</run_address>
         <size>0x9</size>
         <input_file_ref idref="fl-28"/>
      </object_component>
      <object_component id="oc-56">
         <name>.text</name>
         <load_address>0x9fca</load_address>
         <run_address>0x9fca</run_address>
         <size>0x8</size>
         <input_file_ref idref="fl-5"/>
      </object_component>
      <object_component id="oc-147">
         <name>.text</name>
         <load_address>0x9fd2</load_address>
         <run_address>0x9fd2</run_address>
         <size>0x7</size>
         <input_file_ref idref="fl-2c"/>
      </object_component>
      <object_component id="oc-13f">
         <name>.text</name>
         <load_address>0x9fd9</load_address>
         <run_address>0x9fd9</run_address>
         <size>0x2</size>
         <input_file_ref idref="fl-25"/>
      </object_component>
      <object_component id="oc-141">
         <name>.text</name>
         <load_address>0x9fdb</load_address>
         <run_address>0x9fdb</run_address>
         <size>0x1</size>
         <input_file_ref idref="fl-24"/>
      </object_component>
      <object_component id="oc-d1">
         <name>.cinit</name>
         <load_address>0x50</load_address>
         <run_address>0x50</run_address>
         <size>0x34</size>
         <input_file_ref idref="fl-11"/>
      </object_component>
      <object_component id="oc-bc">
         <name>.cinit</name>
         <load_address>0x84</load_address>
         <run_address>0x84</run_address>
         <size>0x26</size>
         <input_file_ref idref="fl-e"/>
      </object_component>
      <object_component id="oc-11a">
         <name>.cinit</name>
         <load_address>0xaa</load_address>
         <run_address>0xaa</run_address>
         <size>0xe</size>
         <input_file_ref idref="fl-27"/>
      </object_component>
      <object_component id="oc-de">
         <name>.cinit</name>
         <load_address>0xb8</load_address>
         <run_address>0xb8</run_address>
         <size>0xd</size>
         <input_file_ref idref="fl-13"/>
      </object_component>
      <object_component id="oc-14d">
         <name>.cinit:__lock</name>
         <load_address>0xc5</load_address>
         <run_address>0xc5</run_address>
         <size>0x5</size>
         <input_file_ref idref="fl-28"/>
      </object_component>
      <object_component id="oc-15b">
         <name>.cinit:__unlock</name>
         <load_address>0xca</load_address>
         <run_address>0xca</run_address>
         <size>0x5</size>
         <input_file_ref idref="fl-28"/>
      </object_component>
      <object_component id="oc-126">
         <name>.cinit</name>
         <load_address>0xcf</load_address>
         <run_address>0xcf</run_address>
         <size>0x4</size>
         <input_file_ref idref="fl-29"/>
      </object_component>
      <object_component id="oc-100">
         <name>.reset</name>
         <load_address>0x3fffc0</load_address>
         <run_address>0x3fffc0</run_address>
         <size>0x2</size>
         <input_file_ref idref="fl-22"/>
      </object_component>
      <object_component id="oc-ff">
         <name>.stack</name>
         <uninitialized>true</uninitialized>
         <run_address>0x400</run_address>
         <size>0x0</size>
         <input_file_ref idref="fl-22"/>
      </object_component>
      <object_component id="oc-1b6">
         <name>.stack</name>
         <uninitialized>true</uninitialized>
         <run_address>0x400</run_address>
         <size>0x0</size>
      </object_component>
      <object_component id="oc-5c">
         <name>.ebss</name>
         <uninitialized>true</uninitialized>
         <run_address>0xa480</run_address>
         <size>0x18</size>
         <input_file_ref idref="fl-6"/>
      </object_component>
      <object_component id="oc-bd">
         <name>.ebss</name>
         <uninitialized>true</uninitialized>
         <run_address>0xa300</run_address>
         <size>0xf0</size>
         <input_file_ref idref="fl-e"/>
      </object_component>
      <object_component id="oc-158">
         <name>.ebss:_insertionTaskStack</name>
         <uninitialized>true</uninitialized>
         <run_address>0xa200</run_address>
         <size>0x100</size>
         <input_file_ref idref="fl-e"/>
      </object_component>
      <object_component id="oc-159">
         <name>.ebss:_controlTaskStack</name>
         <uninitialized>true</uninitialized>
         <run_address>0xa000</run_address>
         <size>0x100</size>
         <input_file_ref idref="fl-e"/>
      </object_component>
      <object_component id="oc-152">
         <name>.ebss:_idleTaskStack</name>
         <uninitialized>true</uninitialized>
         <run_address>0xa100</run_address>
         <size>0x100</size>
         <input_file_ref idref="fl-e"/>
      </object_component>
      <object_component id="oc-d2">
         <name>.ebss</name>
         <uninitialized>true</uninitialized>
         <run_address>0xa440</run_address>
         <size>0x32</size>
         <input_file_ref idref="fl-11"/>
      </object_component>
      <object_component id="oc-148">
         <name>.ebss:_pxReadyTasksLists</name>
         <uninitialized>true</uninitialized>
         <run_address>0xa400</run_address>
         <size>0x32</size>
         <input_file_ref idref="fl-11"/>
      </object_component>
      <object_component id="oc-df">
         <name>.ebss</name>
         <uninitialized>true</uninitialized>
         <run_address>0xa3f6</run_address>
         <size>0x4</size>
         <input_file_ref idref="fl-13"/>
      </object_component>
      <object_component id="oc-11b">
         <name>.ebss</name>
         <uninitialized>true</uninitialized>
         <run_address>0xa3f0</run_address>
         <size>0x6</size>
         <input_file_ref idref="fl-27"/>
      </object_component>
      <object_component id="oc-14c">
         <name>.ebss:__lock</name>
         <uninitialized>true</uninitialized>
         <run_address>0xa3fe</run_address>
         <size>0x2</size>
         <input_file_ref idref="fl-28"/>
      </object_component>
      <object_component id="oc-15c">
         <name>.ebss:__unlock</name>
         <uninitialized>true</uninitialized>
         <run_address>0xa432</run_address>
         <size>0x2</size>
         <input_file_ref idref="fl-28"/>
      </object_component>
      <object_component id="oc-127">
         <name>.ebss</name>
         <uninitialized>true</uninitialized>
         <run_address>0xa3fa</run_address>
         <size>0x4</size>
         <input_file_ref idref="fl-29"/>
      </object_component>
      <object_component id="oc-15d">
         <name>.econst:_PieVectTableInit</name>
         <load_address>0xa898</load_address>
         <run_address>0xa898</run_address>
         <size>0x100</size>
         <input_file_ref idref="fl-b"/>
      </object_component>
      <object_component id="oc-c1">
         <name>.econst:.string</name>
         <load_address>0xa998</load_address>
         <run_address>0xa998</run_address>
         <size>0x1d</size>
         <input_file_ref idref="fl-e"/>
      </object_component>
      <object_component id="oc-14a">
         <name>.econst:_ucExpectedStackBytes$1</name>
         <load_address>0xa9b5</load_address>
         <run_address>0xa9b5</run_address>
         <size>0x14</size>
         <input_file_ref idref="fl-11"/>
      </object_component>
      <object_component id="oc-d3">
         <name>.econst:.string</name>
         <load_address>0xa9ca</load_address>
         <run_address>0xa9ca</run_address>
         <size>0x5</size>
         <input_file_ref idref="fl-11"/>
      </object_component>
      <object_component id="oc-128">
         <name>.esysmem</name>
         <uninitialized>true</uninitialized>
         <run_address>0xa498</run_address>
         <size>0x4</size>
         <input_file_ref idref="fl-29"/>
      </object_component>
      <object_component id="oc-1b7">
         <name>.esysmem</name>
         <uninitialized>true</uninitialized>
         <run_address>0xa498</run_address>
         <size>0x0</size>
      </object_component>
      <object_component id="oc-be">
         <name>DMARAML5</name>
         <uninitialized>true</uninitialized>
         <run_address>0xc000</run_address>
         <size>0x400</size>
         <input_file_ref idref="fl-e"/>
      </object_component>
      <object_component id="oc-bf">
         <name>DMARAML6</name>
         <uninitialized>true</uninitialized>
         <run_address>0xe000</run_address>
         <size>0x400</size>
         <input_file_ref idref="fl-e"/>
      </object_component>
      <object_component id="oc-a4">
         <name>PieVectTableFile</name>
         <uninitialized>true</uninitialized>
         <run_address>0xd00</run_address>
         <size>0x100</size>
         <input_file_ref idref="fl-9"/>
      </object_component>
      <object_component id="oc-6e">
         <name>EmuKeyVar</name>
         <uninitialized>true</uninitialized>
         <run_address>0xd00</run_address>
         <size>0x1</size>
         <input_file_ref idref="fl-9"/>
      </object_component>
      <object_component id="oc-6f">
         <name>EmuBModeVar</name>
         <uninitialized>true</uninitialized>
         <run_address>0xd01</run_address>
         <size>0x1</size>
         <input_file_ref idref="fl-9"/>
      </object_component>
      <object_component id="oc-71">
         <name>FlashCallbackVar</name>
         <uninitialized>true</uninitialized>
         <run_address>0xd02</run_address>
         <size>0x2</size>
         <input_file_ref idref="fl-9"/>
      </object_component>
      <object_component id="oc-70">
         <name>FlashScalingVar</name>
         <uninitialized>true</uninitialized>
         <run_address>0xd04</run_address>
         <size>0x2</size>
         <input_file_ref idref="fl-9"/>
      </object_component>
      <object_component id="oc-73">
         <name>DevEmuRegsFile</name>
         <uninitialized>true</uninitialized>
         <run_address>0x880</run_address>
         <size>0x4</size>
         <input_file_ref idref="fl-9"/>
      </object_component>
      <object_component id="oc-72">
         <name>SysPwrCtrlRegsFile</name>
         <uninitialized>true</uninitialized>
         <run_address>0x985</run_address>
         <size>0x3</size>
         <input_file_ref idref="fl-9"/>
      </object_component>
      <object_component id="oc-78">
         <name>FlashRegsFile</name>
         <uninitialized>true</uninitialized>
         <run_address>0xa80</run_address>
         <size>0x8</size>
         <input_file_ref idref="fl-9"/>
      </object_component>
      <object_component id="oc-7a">
         <name>CsmRegsFile</name>
         <uninitialized>true</uninitialized>
         <run_address>0xae0</run_address>
         <size>0x10</size>
         <input_file_ref idref="fl-9"/>
      </object_component>
      <object_component id="oc-79">
         <name>AdcResultFile</name>
         <uninitialized>true</uninitialized>
         <run_address>0xb00</run_address>
         <size>0x10</size>
         <input_file_ref idref="fl-9"/>
      </object_component>
      <object_component id="oc-74">
         <name>CpuTimer0RegsFile</name>
         <uninitialized>true</uninitialized>
         <run_address>0xc00</run_address>
         <size>0x8</size>
         <input_file_ref idref="fl-9"/>
      </object_component>
      <object_component id="oc-75">
         <name>CpuTimer1RegsFile</name>
         <uninitialized>true</uninitialized>
         <run_address>0xc08</run_address>
         <size>0x8</size>
         <input_file_ref idref="fl-9"/>
      </object_component>
      <object_component id="oc-76">
         <name>CpuTimer2RegsFile</name>
         <uninitialized>true</uninitialized>
         <run_address>0xc10</run_address>
         <size>0x8</size>
         <input_file_ref idref="fl-9"/>
      </object_component>
      <object_component id="oc-84">
         <name>PieCtrlRegsFile</name>
         <uninitialized>true</uninitialized>
         <run_address>0xce0</run_address>
         <size>0x1a</size>
         <input_file_ref idref="fl-9"/>
      </object_component>
      <object_component id="oc-94">
         <name>Cla1RegsFile</name>
         <uninitialized>true</uninitialized>
         <run_address>0x1400</run_address>
         <size>0x40</size>
         <input_file_ref idref="fl-9"/>
      </object_component>
      <object_component id="oc-a2">
         <name>DmaRegsFile</name>
         <uninitialized>true</uninitialized>
         <run_address>0x1000</run_address>
         <size>0xe0</size>
         <input_file_ref idref="fl-9"/>
      </object_component>
      <object_component id="oc-93">
         <name>ECanaRegsFile</name>
         <uninitialized>true</uninitialized>
         <run_address>0x6000</run_address>
         <size>0x34</size>
         <input_file_ref idref="fl-9"/>
      </object_component>
      <object_component id="oc-95">
         <name>ECanaLAMRegsFile</name>
         <uninitialized>true</uninitialized>
         <run_address>0x6040</run_address>
         <size>0x40</size>
         <input_file_ref idref="fl-9"/>
      </object_component>
      <object_component id="oc-a3">
         <name>ECanaMboxesFile</name>
         <uninitialized>true</uninitialized>
         <run_address>0x6100</run_address>
         <size>0x100</size>
         <input_file_ref idref="fl-9"/>
      </object_component>
      <object_component id="oc-96">
         <name>ECanaMOTSRegsFile</name>
         <uninitialized>true</uninitialized>
         <run_address>0x6080</run_address>
         <size>0x40</size>
         <input_file_ref idref="fl-9"/>
      </object_component>
      <object_component id="oc-97">
         <name>ECanaMOTORegsFile</name>
         <uninitialized>true</uninitialized>
         <run_address>0x60c0</run_address>
         <size>0x40</size>
         <input_file_ref idref="fl-9"/>
      </object_component>
      <object_component id="oc-85">
         <name>ECap1RegsFile</name>
         <uninitialized>true</uninitialized>
         <run_address>0x6a00</run_address>
         <size>0x20</size>
         <input_file_ref idref="fl-9"/>
      </object_component>
      <object_component id="oc-86">
         <name>ECap2RegsFile</name>
         <uninitialized>true</uninitialized>
         <run_address>0x6a20</run_address>
         <size>0x20</size>
         <input_file_ref idref="fl-9"/>
      </object_component>
      <object_component id="oc-87">
         <name>ECap3RegsFile</name>
         <uninitialized>true</uninitialized>
         <run_address>0x6a40</run_address>
         <size>0x20</size>
         <input_file_ref idref="fl-9"/>
      </object_component>
      <object_component id="oc-8e">
         <name>EQep1RegsFile</name>
         <uninitialized>true</uninitialized>
         <run_address>0x6b00</run_address>
         <size>0x22</size>
         <input_file_ref idref="fl-9"/>
      </object_component>
      <object_component id="oc-8f">
         <name>EQep2RegsFile</name>
         <uninitialized>true</uninitialized>
         <run_address>0x6b40</run_address>
         <size>0x22</size>
         <input_file_ref idref="fl-9"/>
      </object_component>
      <object_component id="oc-a0">
         <name>GpioCtrlRegsFile</name>
         <uninitialized>true</uninitialized>
         <run_address>0x6f80</run_address>
         <size>0x40</size>
         <input_file_ref idref="fl-9"/>
      </object_component>
      <object_component id="oc-88">
         <name>GpioDataRegsFile</name>
         <uninitialized>true</uninitialized>
         <run_address>0x6fc0</run_address>
         <size>0x20</size>
         <input_file_ref idref="fl-9"/>
      </object_component>
      <object_component id="oc-89">
         <name>GpioIntRegsFile</name>
         <uninitialized>true</uninitialized>
         <run_address>0x6fe0</run_address>
         <size>0x20</size>
         <input_file_ref idref="fl-9"/>
      </object_component>
      <object_component id="oc-8a">
         <name>HRCap1RegsFile</name>
         <uninitialized>true</uninitialized>
         <run_address>0x6ac0</run_address>
         <size>0x20</size>
         <input_file_ref idref="fl-9"/>
      </object_component>
      <object_component id="oc-8b">
         <name>HRCap2RegsFile</name>
         <uninitialized>true</uninitialized>
         <run_address>0x6ae0</run_address>
         <size>0x20</size>
         <input_file_ref idref="fl-9"/>
      </object_component>
      <object_component id="oc-8c">
         <name>HRCap3RegsFile</name>
         <uninitialized>true</uninitialized>
         <run_address>0x6c80</run_address>
         <size>0x20</size>
         <input_file_ref idref="fl-9"/>
      </object_component>
      <object_component id="oc-8d">
         <name>HRCap4RegsFile</name>
         <uninitialized>true</uninitialized>
         <run_address>0x6ca0</run_address>
         <size>0x20</size>
         <input_file_ref idref="fl-9"/>
      </object_component>
      <object_component id="oc-92">
         <name>SysCtrlRegsFile</name>
         <uninitialized>true</uninitialized>
         <run_address>0x7010</run_address>
         <size>0x30</size>
         <input_file_ref idref="fl-9"/>
      </object_component>
      <object_component id="oc-7e">
         <name>SpiaRegsFile</name>
         <uninitialized>true</uninitialized>
         <run_address>0x7040</run_address>
         <size>0x10</size>
         <input_file_ref idref="fl-9"/>
      </object_component>
      <object_component id="oc-7f">
         <name>SpibRegsFile</name>
         <uninitialized>true</uninitialized>
         <run_address>0x7740</run_address>
         <size>0x10</size>
         <input_file_ref idref="fl-9"/>
      </object_component>
      <object_component id="oc-7c">
         <name>SciaRegsFile</name>
         <uninitialized>true</uninitialized>
         <run_address>0x7050</run_address>
         <size>0x10</size>
         <input_file_ref idref="fl-9"/>
      </object_component>
      <object_component id="oc-7d">
         <name>ScibRegsFile</name>
         <uninitialized>true</uninitialized>
         <run_address>0x7750</run_address>
         <size>0x10</size>
         <input_file_ref idref="fl-9"/>
      </object_component>
      <object_component id="oc-7b">
         <name>NmiIntruptRegsFile</name>
         <uninitialized>true</uninitialized>
         <run_address>0x7060</run_address>
         <size>0x10</size>
         <input_file_ref idref="fl-9"/>
      </object_component>
      <object_component id="oc-80">
         <name>XIntruptRegsFile</name>
         <uninitialized>true</uninitialized>
         <run_address>0x7070</run_address>
         <size>0x10</size>
         <input_file_ref idref="fl-9"/>
      </object_component>
      <object_component id="oc-a1">
         <name>AdcRegsFile</name>
         <uninitialized>true</uninitialized>
         <run_address>0x7100</run_address>
         <size>0x50</size>
         <input_file_ref idref="fl-9"/>
      </object_component>
      <object_component id="oc-90">
         <name>I2caRegsFile</name>
         <uninitialized>true</uninitialized>
         <run_address>0x7900</run_address>
         <size>0x22</size>
         <input_file_ref idref="fl-9"/>
      </object_component>
      <object_component id="oc-81">
         <name>Comp1RegsFile</name>
         <uninitialized>true</uninitialized>
         <run_address>0x6400</run_address>
         <size>0x14</size>
         <input_file_ref idref="fl-9"/>
      </object_component>
      <object_component id="oc-82">
         <name>Comp2RegsFile</name>
         <uninitialized>true</uninitialized>
         <run_address>0x6420</run_address>
         <size>0x14</size>
         <input_file_ref idref="fl-9"/>
      </object_component>
      <object_component id="oc-83">
         <name>Comp3RegsFile</name>
         <uninitialized>true</uninitialized>
         <run_address>0x6440</run_address>
         <size>0x14</size>
         <input_file_ref idref="fl-9"/>
      </object_component>
      <object_component id="oc-98">
         <name>EPwm1RegsFile</name>
         <uninitialized>true</uninitialized>
         <run_address>0x6800</run_address>
         <size>0x40</size>
         <input_file_ref idref="fl-9"/>
      </object_component>
      <object_component id="oc-99">
         <name>EPwm2RegsFile</name>
         <uninitialized>true</uninitialized>
         <run_address>0x6840</run_address>
         <size>0x40</size>
         <input_file_ref idref="fl-9"/>
      </object_component>
      <object_component id="oc-9a">
         <name>EPwm3RegsFile</name>
         <uninitialized>true</uninitialized>
         <run_address>0x6880</run_address>
         <size>0x40</size>
         <input_file_ref idref="fl-9"/>
      </object_component>
      <object_component id="oc-9b">
         <name>EPwm4RegsFile</name>
         <uninitialized>true</uninitialized>
         <run_address>0x68c0</run_address>
         <size>0x40</size>
         <input_file_ref idref="fl-9"/>
      </object_component>
      <object_component id="oc-9c">
         <name>EPwm5RegsFile</name>
         <uninitialized>true</uninitialized>
         <run_address>0x6900</run_address>
         <size>0x40</size>
         <input_file_ref idref="fl-9"/>
      </object_component>
      <object_component id="oc-9d">
         <name>EPwm6RegsFile</name>
         <uninitialized>true</uninitialized>
         <run_address>0x6940</run_address>
         <size>0x40</size>
         <input_file_ref idref="fl-9"/>
      </object_component>
      <object_component id="oc-9e">
         <name>EPwm7RegsFile</name>
         <uninitialized>true</uninitialized>
         <run_address>0x6980</run_address>
         <size>0x40</size>
         <input_file_ref idref="fl-9"/>
      </object_component>
      <object_component id="oc-9f">
         <name>EPwm8RegsFile</name>
         <uninitialized>true</uninitialized>
         <run_address>0x69c0</run_address>
         <size>0x40</size>
         <input_file_ref idref="fl-9"/>
      </object_component>
      <object_component id="oc-91">
         <name>McbspaRegsFile</name>
         <uninitialized>true</uninitialized>
         <run_address>0x5000</run_address>
         <size>0x24</size>
         <input_file_ref idref="fl-9"/>
      </object_component>
      <object_component id="oc-a5">
         <name>Usb0RegsFile</name>
         <uninitialized>true</uninitialized>
         <run_address>0x4000</run_address>
         <size>0x454</size>
         <input_file_ref idref="fl-9"/>
      </object_component>
      <object_component id="oc-77">
         <name>CsmPwlFile</name>
         <uninitialized>true</uninitialized>
         <run_address>0x3f7ff8</run_address>
         <size>0x8</size>
         <input_file_ref idref="fl-9"/>
      </object_component>
      <object_component id="oc-6d">
         <name>PartIdRegsFile</name>
         <uninitialized>true</uninitialized>
         <run_address>0x3d7e80</run_address>
         <size>0x1</size>
         <input_file_ref idref="fl-9"/>
      </object_component>
      <object_component id="oc-51">
         <name>.debug_info</name>
         <load_address>0x0</load_address>
         <run_address>0x0</run_address>
         <size>0x4fe9</size>
         <input_file_ref idref="fl-4"/>
      </object_component>
      <object_component id="oc-58">
         <name>.debug_info</name>
         <load_address>0x4fe9</load_address>
         <run_address>0x4fe9</run_address>
         <size>0x22f</size>
         <input_file_ref idref="fl-5"/>
      </object_component>
      <object_component id="oc-5b">
         <name>.debug_info</name>
         <load_address>0x5218</load_address>
         <run_address>0x5218</run_address>
         <size>0xacf</size>
         <input_file_ref idref="fl-6"/>
      </object_component>
      <object_component id="oc-61">
         <name>.debug_info</name>
         <load_address>0x5ce7</load_address>
         <run_address>0x5ce7</run_address>
         <size>0x69c5</size>
         <input_file_ref idref="fl-7"/>
      </object_component>
      <object_component id="oc-67">
         <name>.debug_info</name>
         <load_address>0xc6ac</load_address>
         <run_address>0xc6ac</run_address>
         <size>0x5444</size>
         <input_file_ref idref="fl-8"/>
      </object_component>
      <object_component id="oc-6c">
         <name>.debug_info</name>
         <load_address>0x11af0</load_address>
         <run_address>0x11af0</run_address>
         <size>0x1b091</size>
         <input_file_ref idref="fl-9"/>
      </object_component>
      <object_component id="oc-a7">
         <name>.debug_info</name>
         <load_address>0x2cb81</load_address>
         <run_address>0x2cb81</run_address>
         <size>0xcdc</size>
         <input_file_ref idref="fl-a"/>
      </object_component>
      <object_component id="oc-ac">
         <name>.debug_info</name>
         <load_address>0x2d85d</load_address>
         <run_address>0x2d85d</run_address>
         <size>0x256f</size>
         <input_file_ref idref="fl-b"/>
      </object_component>
      <object_component id="oc-b1">
         <name>.debug_info</name>
         <load_address>0x2fdcc</load_address>
         <run_address>0x2fdcc</run_address>
         <size>0x3073</size>
         <input_file_ref idref="fl-c"/>
      </object_component>
      <object_component id="oc-b8">
         <name>.debug_info</name>
         <load_address>0x32e3f</load_address>
         <run_address>0x32e3f</run_address>
         <size>0x1a3</size>
         <input_file_ref idref="fl-d"/>
      </object_component>
      <object_component id="oc-bb">
         <name>.debug_info</name>
         <load_address>0x32fe2</load_address>
         <run_address>0x32fe2</run_address>
         <size>0x32ae</size>
         <input_file_ref idref="fl-e"/>
      </object_component>
      <object_component id="oc-c6">
         <name>.debug_info</name>
         <load_address>0x36290</load_address>
         <run_address>0x36290</run_address>
         <size>0xb4a</size>
         <input_file_ref idref="fl-f"/>
      </object_component>
      <object_component id="oc-cb">
         <name>.debug_info</name>
         <load_address>0x36dda</load_address>
         <run_address>0x36dda</run_address>
         <size>0x33b2</size>
         <input_file_ref idref="fl-10"/>
      </object_component>
      <object_component id="oc-d0">
         <name>.debug_info</name>
         <load_address>0x3a18c</load_address>
         <run_address>0x3a18c</run_address>
         <size>0x4923</size>
         <input_file_ref idref="fl-11"/>
      </object_component>
      <object_component id="oc-da">
         <name>.debug_info</name>
         <load_address>0x3eaaf</load_address>
         <run_address>0x3eaaf</run_address>
         <size>0x18f</size>
         <input_file_ref idref="fl-12"/>
      </object_component>
      <object_component id="oc-dd">
         <name>.debug_info</name>
         <load_address>0x3ec3e</load_address>
         <run_address>0x3ec3e</run_address>
         <size>0xa79</size>
         <input_file_ref idref="fl-13"/>
      </object_component>
      <object_component id="oc-e4">
         <name>.debug_info</name>
         <load_address>0x3f6b7</load_address>
         <run_address>0x3f6b7</run_address>
         <size>0x6845</size>
         <input_file_ref idref="fl-14"/>
      </object_component>
      <object_component id="oc-ea">
         <name>.debug_info</name>
         <load_address>0x45efc</load_address>
         <run_address>0x45efc</run_address>
         <size>0x18f7</size>
         <input_file_ref idref="fl-15"/>
      </object_component>
      <object_component id="oc-ef">
         <name>.debug_info</name>
         <load_address>0x477f3</load_address>
         <run_address>0x477f3</run_address>
         <size>0x51c</size>
         <input_file_ref idref="fl-16"/>
      </object_component>
      <object_component id="oc-f4">
         <name>.debug_info</name>
         <load_address>0x47d0f</load_address>
         <run_address>0x47d0f</run_address>
         <size>0x9ae</size>
         <input_file_ref idref="fl-17"/>
      </object_component>
      <object_component id="oc-fa">
         <name>.debug_info</name>
         <load_address>0x486bd</load_address>
         <run_address>0x486bd</run_address>
         <size>0x114</size>
         <input_file_ref idref="fl-21"/>
      </object_component>
      <object_component id="oc-101">
         <name>.debug_info</name>
         <load_address>0x487d1</load_address>
         <run_address>0x487d1</run_address>
         <size>0x173</size>
         <input_file_ref idref="fl-22"/>
      </object_component>
      <object_component id="oc-105">
         <name>.debug_info</name>
         <load_address>0x48944</load_address>
         <run_address>0x48944</run_address>
         <size>0x467</size>
         <input_file_ref idref="fl-23"/>
      </object_component>
      <object_component id="oc-10a">
         <name>.debug_info</name>
         <load_address>0x48dab</load_address>
         <run_address>0x48dab</run_address>
         <size>0x3aa</size>
         <input_file_ref idref="fl-24"/>
      </object_component>
      <object_component id="oc-10f">
         <name>.debug_info</name>
         <load_address>0x49155</load_address>
         <run_address>0x49155</run_address>
         <size>0x3ad</size>
         <input_file_ref idref="fl-25"/>
      </object_component>
      <object_component id="oc-114">
         <name>.debug_info</name>
         <load_address>0x49502</load_address>
         <run_address>0x49502</run_address>
         <size>0x561</size>
         <input_file_ref idref="fl-26"/>
      </object_component>
      <object_component id="oc-119">
         <name>.debug_info</name>
         <load_address>0x49a63</load_address>
         <run_address>0x49a63</run_address>
         <size>0x544</size>
         <input_file_ref idref="fl-27"/>
      </object_component>
      <object_component id="oc-120">
         <name>.debug_info</name>
         <load_address>0x49fa7</load_address>
         <run_address>0x49fa7</run_address>
         <size>0x4cc</size>
         <input_file_ref idref="fl-28"/>
      </object_component>
      <object_component id="oc-125">
         <name>.debug_info</name>
         <load_address>0x4a473</load_address>
         <run_address>0x4a473</run_address>
         <size>0xf62</size>
         <input_file_ref idref="fl-29"/>
      </object_component>
      <object_component id="oc-12d">
         <name>.debug_info</name>
         <load_address>0x4b3d5</load_address>
         <run_address>0x4b3d5</run_address>
         <size>0x50c</size>
         <input_file_ref idref="fl-2a"/>
      </object_component>
      <object_component id="oc-132">
         <name>.debug_info</name>
         <load_address>0x4b8e1</load_address>
         <run_address>0x4b8e1</run_address>
         <size>0x43a</size>
         <input_file_ref idref="fl-2b"/>
      </object_component>
      <object_component id="oc-137">
         <name>.debug_info</name>
         <load_address>0x4bd1b</load_address>
         <run_address>0x4bd1b</run_address>
         <size>0x502</size>
         <input_file_ref idref="fl-2c"/>
      </object_component>
      <object_component id="oc-1b8">
         <name>.debug_info</name>
         <load_address>0x4c21d</load_address>
         <run_address>0x4c21d</run_address>
         <size>0xb1</size>
      </object_component>
      <object_component id="oc-52">
         <name>.debug_frame</name>
         <load_address>0x0</load_address>
         <run_address>0x0</run_address>
         <size>0xb0</size>
         <input_file_ref idref="fl-4"/>
      </object_component>
      <object_component id="oc-5d">
         <name>.debug_frame</name>
         <load_address>0xb0</load_address>
         <run_address>0xb0</run_address>
         <size>0x5c</size>
         <input_file_ref idref="fl-6"/>
      </object_component>
      <object_component id="oc-63">
         <name>.debug_frame</name>
         <load_address>0x10c</load_address>
         <run_address>0x10c</run_address>
         <size>0xbc0</size>
         <input_file_ref idref="fl-7"/>
      </object_component>
      <object_component id="oc-68">
         <name>.debug_frame</name>
         <load_address>0xccc</load_address>
         <run_address>0xccc</run_address>
         <size>0x418</size>
         <input_file_ref idref="fl-8"/>
      </object_component>
      <object_component id="oc-a8">
         <name>.debug_frame</name>
         <load_address>0x10e4</load_address>
         <run_address>0x10e4</run_address>
         <size>0x58</size>
         <input_file_ref idref="fl-a"/>
      </object_component>
      <object_component id="oc-ad">
         <name>.debug_frame</name>
         <load_address>0x113c</load_address>
         <run_address>0x113c</run_address>
         <size>0x44</size>
         <input_file_ref idref="fl-b"/>
      </object_component>
      <object_component id="oc-b2">
         <name>.debug_frame</name>
         <load_address>0x1180</load_address>
         <run_address>0x1180</run_address>
         <size>0x13c</size>
         <input_file_ref idref="fl-c"/>
      </object_component>
      <object_component id="oc-c2">
         <name>.debug_frame</name>
         <load_address>0x12bc</load_address>
         <run_address>0x12bc</run_address>
         <size>0x194</size>
         <input_file_ref idref="fl-e"/>
      </object_component>
      <object_component id="oc-c7">
         <name>.debug_frame</name>
         <load_address>0x1450</load_address>
         <run_address>0x1450</run_address>
         <size>0xb4</size>
         <input_file_ref idref="fl-f"/>
      </object_component>
      <object_component id="oc-cc">
         <name>.debug_frame</name>
         <load_address>0x1504</load_address>
         <run_address>0x1504</run_address>
         <size>0x258</size>
         <input_file_ref idref="fl-10"/>
      </object_component>
      <object_component id="oc-d4">
         <name>.debug_frame</name>
         <load_address>0x175c</load_address>
         <run_address>0x175c</run_address>
         <size>0x3c8</size>
         <input_file_ref idref="fl-11"/>
      </object_component>
      <object_component id="oc-e0">
         <name>.debug_frame</name>
         <load_address>0x1b24</load_address>
         <run_address>0x1b24</run_address>
         <size>0xa4</size>
         <input_file_ref idref="fl-13"/>
      </object_component>
      <object_component id="oc-e6">
         <name>.debug_frame</name>
         <load_address>0x1bc8</load_address>
         <run_address>0x1bc8</run_address>
         <size>0x124</size>
         <input_file_ref idref="fl-14"/>
      </object_component>
      <object_component id="oc-eb">
         <name>.debug_frame</name>
         <load_address>0x1cec</load_address>
         <run_address>0x1cec</run_address>
         <size>0x40</size>
         <input_file_ref idref="fl-15"/>
      </object_component>
      <object_component id="oc-f0">
         <name>.debug_frame</name>
         <load_address>0x1d2c</load_address>
         <run_address>0x1d2c</run_address>
         <size>0x60</size>
         <input_file_ref idref="fl-16"/>
      </object_component>
      <object_component id="oc-f5">
         <name>.debug_frame</name>
         <load_address>0x1d8c</load_address>
         <run_address>0x1d8c</run_address>
         <size>0xa4</size>
         <input_file_ref idref="fl-17"/>
      </object_component>
      <object_component id="oc-106">
         <name>.debug_frame</name>
         <load_address>0x1e30</load_address>
         <run_address>0x1e30</run_address>
         <size>0x40</size>
         <input_file_ref idref="fl-23"/>
      </object_component>
      <object_component id="oc-10b">
         <name>.debug_frame</name>
         <load_address>0x1e70</load_address>
         <run_address>0x1e70</run_address>
         <size>0x40</size>
         <input_file_ref idref="fl-24"/>
      </object_component>
      <object_component id="oc-110">
         <name>.debug_frame</name>
         <load_address>0x1eb0</load_address>
         <run_address>0x1eb0</run_address>
         <size>0x40</size>
         <input_file_ref idref="fl-25"/>
      </object_component>
      <object_component id="oc-115">
         <name>.debug_frame</name>
         <load_address>0x1ef0</load_address>
         <run_address>0x1ef0</run_address>
         <size>0x60</size>
         <input_file_ref idref="fl-26"/>
      </object_component>
      <object_component id="oc-11c">
         <name>.debug_frame</name>
         <load_address>0x1f50</load_address>
         <run_address>0x1f50</run_address>
         <size>0x60</size>
         <input_file_ref idref="fl-27"/>
      </object_component>
      <object_component id="oc-121">
         <name>.debug_frame</name>
         <load_address>0x1fb0</load_address>
         <run_address>0x1fb0</run_address>
         <size>0x70</size>
         <input_file_ref idref="fl-28"/>
      </object_component>
      <object_component id="oc-129">
         <name>.debug_frame</name>
         <load_address>0x2020</load_address>
         <run_address>0x2020</run_address>
         <size>0x1c0</size>
         <input_file_ref idref="fl-29"/>
      </object_component>
      <object_component id="oc-12e">
         <name>.debug_frame</name>
         <load_address>0x21e0</load_address>
         <run_address>0x21e0</run_address>
         <size>0x44</size>
         <input_file_ref idref="fl-2a"/>
      </object_component>
      <object_component id="oc-133">
         <name>.debug_frame</name>
         <load_address>0x2224</load_address>
         <run_address>0x2224</run_address>
         <size>0x40</size>
         <input_file_ref idref="fl-2b"/>
      </object_component>
      <object_component id="oc-138">
         <name>.debug_frame</name>
         <load_address>0x2264</load_address>
         <run_address>0x2264</run_address>
         <size>0x40</size>
         <input_file_ref idref="fl-2c"/>
      </object_component>
      <object_component id="oc-53">
         <name>.debug_line</name>
         <load_address>0x0</load_address>
         <run_address>0x0</run_address>
         <size>0x253</size>
         <input_file_ref idref="fl-4"/>
      </object_component>
      <object_component id="oc-57">
         <name>.debug_line</name>
         <load_address>0x253</load_address>
         <run_address>0x253</run_address>
         <size>0xbc</size>
         <input_file_ref idref="fl-5"/>
      </object_component>
      <object_component id="oc-5e">
         <name>.debug_line</name>
         <load_address>0x30f</load_address>
         <run_address>0x30f</run_address>
         <size>0xc3</size>
         <input_file_ref idref="fl-6"/>
      </object_component>
      <object_component id="oc-64">
         <name>.debug_line</name>
         <load_address>0x3d2</load_address>
         <run_address>0x3d2</run_address>
         <size>0x8d3</size>
         <input_file_ref idref="fl-7"/>
      </object_component>
      <object_component id="oc-69">
         <name>.debug_line</name>
         <load_address>0xca5</load_address>
         <run_address>0xca5</run_address>
         <size>0x4e7</size>
         <input_file_ref idref="fl-8"/>
      </object_component>
      <object_component id="oc-a9">
         <name>.debug_line</name>
         <load_address>0x118c</load_address>
         <run_address>0x118c</run_address>
         <size>0xdd</size>
         <input_file_ref idref="fl-a"/>
      </object_component>
      <object_component id="oc-ae">
         <name>.debug_line</name>
         <load_address>0x1269</load_address>
         <run_address>0x1269</run_address>
         <size>0xbf</size>
         <input_file_ref idref="fl-b"/>
      </object_component>
      <object_component id="oc-b3">
         <name>.debug_line</name>
         <load_address>0x1328</load_address>
         <run_address>0x1328</run_address>
         <size>0x24d</size>
         <input_file_ref idref="fl-c"/>
      </object_component>
      <object_component id="oc-b7">
         <name>.debug_line</name>
         <load_address>0x1575</load_address>
         <run_address>0x1575</run_address>
         <size>0xa0</size>
         <input_file_ref idref="fl-d"/>
      </object_component>
      <object_component id="oc-c3">
         <name>.debug_line</name>
         <load_address>0x1615</load_address>
         <run_address>0x1615</run_address>
         <size>0x16b</size>
         <input_file_ref idref="fl-e"/>
      </object_component>
      <object_component id="oc-c8">
         <name>.debug_line</name>
         <load_address>0x1780</load_address>
         <run_address>0x1780</run_address>
         <size>0x10a</size>
         <input_file_ref idref="fl-f"/>
      </object_component>
      <object_component id="oc-cd">
         <name>.debug_line</name>
         <load_address>0x188a</load_address>
         <run_address>0x188a</run_address>
         <size>0x512</size>
         <input_file_ref idref="fl-10"/>
      </object_component>
      <object_component id="oc-d5">
         <name>.debug_line</name>
         <load_address>0x1d9c</load_address>
         <run_address>0x1d9c</run_address>
         <size>0x769</size>
         <input_file_ref idref="fl-11"/>
      </object_component>
      <object_component id="oc-d9">
         <name>.debug_line</name>
         <load_address>0x2505</load_address>
         <run_address>0x2505</run_address>
         <size>0xd9</size>
         <input_file_ref idref="fl-12"/>
      </object_component>
      <object_component id="oc-e1">
         <name>.debug_line</name>
         <load_address>0x25de</load_address>
         <run_address>0x25de</run_address>
         <size>0x13a</size>
         <input_file_ref idref="fl-13"/>
      </object_component>
      <object_component id="oc-e7">
         <name>.debug_line</name>
         <load_address>0x2718</load_address>
         <run_address>0x2718</run_address>
         <size>0x104</size>
         <input_file_ref idref="fl-14"/>
      </object_component>
      <object_component id="oc-ec">
         <name>.debug_line</name>
         <load_address>0x281c</load_address>
         <run_address>0x281c</run_address>
         <size>0x5b</size>
         <input_file_ref idref="fl-15"/>
      </object_component>
      <object_component id="oc-f1">
         <name>.debug_line</name>
         <load_address>0x2877</load_address>
         <run_address>0x2877</run_address>
         <size>0x99</size>
         <input_file_ref idref="fl-16"/>
      </object_component>
      <object_component id="oc-f6">
         <name>.debug_line</name>
         <load_address>0x2910</load_address>
         <run_address>0x2910</run_address>
         <size>0xda</size>
         <input_file_ref idref="fl-17"/>
      </object_component>
      <object_component id="oc-fb">
         <name>.debug_line</name>
         <load_address>0x29ea</load_address>
         <run_address>0x29ea</run_address>
         <size>0xad</size>
         <input_file_ref idref="fl-21"/>
      </object_component>
      <object_component id="oc-102">
         <name>.debug_line</name>
         <load_address>0x2a97</load_address>
         <run_address>0x2a97</run_address>
         <size>0x7e</size>
         <input_file_ref idref="fl-22"/>
      </object_component>
      <object_component id="oc-107">
         <name>.debug_line</name>
         <load_address>0x2b15</load_address>
         <run_address>0x2b15</run_address>
         <size>0x4f</size>
         <input_file_ref idref="fl-23"/>
      </object_component>
      <object_component id="oc-10c">
         <name>.debug_line</name>
         <load_address>0x2b64</load_address>
         <run_address>0x2b64</run_address>
         <size>0x3a</size>
         <input_file_ref idref="fl-24"/>
      </object_component>
      <object_component id="oc-111">
         <name>.debug_line</name>
         <load_address>0x2b9e</load_address>
         <run_address>0x2b9e</run_address>
         <size>0x3e</size>
         <input_file_ref idref="fl-25"/>
      </object_component>
      <object_component id="oc-116">
         <name>.debug_line</name>
         <load_address>0x2bdc</load_address>
         <run_address>0x2bdc</run_address>
         <size>0x50</size>
         <input_file_ref idref="fl-26"/>
      </object_component>
      <object_component id="oc-11d">
         <name>.debug_line</name>
         <load_address>0x2c2c</load_address>
         <run_address>0x2c2c</run_address>
         <size>0x65</size>
         <input_file_ref idref="fl-27"/>
      </object_component>
      <object_component id="oc-122">
         <name>.debug_line</name>
         <load_address>0x2c91</load_address>
         <run_address>0x2c91</run_address>
         <size>0x5e</size>
         <input_file_ref idref="fl-28"/>
      </object_component>
      <object_component id="oc-12a">
         <name>.debug_line</name>
         <load_address>0x2cef</load_address>
         <run_address>0x2cef</run_address>
         <size>0x41b</size>
         <input_file_ref idref="fl-29"/>
      </object_component>
      <object_component id="oc-12f">
         <name>.debug_line</name>
         <load_address>0x310a</load_address>
         <run_address>0x310a</run_address>
         <size>0xb2</size>
         <input_file_ref idref="fl-2a"/>
      </object_component>
      <object_component id="oc-134">
         <name>.debug_line</name>
         <load_address>0x31bc</load_address>
         <run_address>0x31bc</run_address>
         <size>0x62</size>
         <input_file_ref idref="fl-2b"/>
      </object_component>
      <object_component id="oc-139">
         <name>.debug_line</name>
         <load_address>0x321e</load_address>
         <run_address>0x321e</run_address>
         <size>0xae</size>
         <input_file_ref idref="fl-2c"/>
      </object_component>
      <object_component id="oc-54">
         <name>.debug_abbrev</name>
         <load_address>0x0</load_address>
         <run_address>0x0</run_address>
         <size>0x155</size>
         <input_file_ref idref="fl-4"/>
      </object_component>
      <object_component id="oc-59">
         <name>.debug_abbrev</name>
         <load_address>0x155</load_address>
         <run_address>0x155</run_address>
         <size>0x21</size>
         <input_file_ref idref="fl-5"/>
      </object_component>
      <object_component id="oc-5f">
         <name>.debug_abbrev</name>
         <load_address>0x176</load_address>
         <run_address>0x176</run_address>
         <size>0xfd</size>
         <input_file_ref idref="fl-6"/>
      </object_component>
      <object_component id="oc-65">
         <name>.debug_abbrev</name>
         <load_address>0x273</load_address>
         <run_address>0x273</run_address>
         <size>0x143</size>
         <input_file_ref idref="fl-7"/>
      </object_component>
      <object_component id="oc-6a">
         <name>.debug_abbrev</name>
         <load_address>0x3b6</load_address>
         <run_address>0x3b6</run_address>
         <size>0x128</size>
         <input_file_ref idref="fl-8"/>
      </object_component>
      <object_component id="oc-a6">
         <name>.debug_abbrev</name>
         <load_address>0x4de</load_address>
         <run_address>0x4de</run_address>
         <size>0xc4</size>
         <input_file_ref idref="fl-9"/>
      </object_component>
      <object_component id="oc-aa">
         <name>.debug_abbrev</name>
         <load_address>0x5a2</load_address>
         <run_address>0x5a2</run_address>
         <size>0xc8</size>
         <input_file_ref idref="fl-a"/>
      </object_component>
      <object_component id="oc-af">
         <name>.debug_abbrev</name>
         <load_address>0x66a</load_address>
         <run_address>0x66a</run_address>
         <size>0x116</size>
         <input_file_ref idref="fl-b"/>
      </object_component>
      <object_component id="oc-b4">
         <name>.debug_abbrev</name>
         <load_address>0x780</load_address>
         <run_address>0x780</run_address>
         <size>0x1a3</size>
         <input_file_ref idref="fl-c"/>
      </object_component>
      <object_component id="oc-b9">
         <name>.debug_abbrev</name>
         <load_address>0x923</load_address>
         <run_address>0x923</run_address>
         <size>0x2f</size>
         <input_file_ref idref="fl-d"/>
      </object_component>
      <object_component id="oc-c4">
         <name>.debug_abbrev</name>
         <load_address>0x952</load_address>
         <run_address>0x952</run_address>
         <size>0x21b</size>
         <input_file_ref idref="fl-e"/>
      </object_component>
      <object_component id="oc-c9">
         <name>.debug_abbrev</name>
         <load_address>0xb6d</load_address>
         <run_address>0xb6d</run_address>
         <size>0xe7</size>
         <input_file_ref idref="fl-f"/>
      </object_component>
      <object_component id="oc-ce">
         <name>.debug_abbrev</name>
         <load_address>0xc54</load_address>
         <run_address>0xc54</run_address>
         <size>0x1c7</size>
         <input_file_ref idref="fl-10"/>
      </object_component>
      <object_component id="oc-d6">
         <name>.debug_abbrev</name>
         <load_address>0xe1b</load_address>
         <run_address>0xe1b</run_address>
         <size>0x1c2</size>
         <input_file_ref idref="fl-11"/>
      </object_component>
      <object_component id="oc-db">
         <name>.debug_abbrev</name>
         <load_address>0xfdd</load_address>
         <run_address>0xfdd</run_address>
         <size>0x3d</size>
         <input_file_ref idref="fl-12"/>
      </object_component>
      <object_component id="oc-e2">
         <name>.debug_abbrev</name>
         <load_address>0x101a</load_address>
         <run_address>0x101a</run_address>
         <size>0x123</size>
         <input_file_ref idref="fl-13"/>
      </object_component>
      <object_component id="oc-e8">
         <name>.debug_abbrev</name>
         <load_address>0x113d</load_address>
         <run_address>0x113d</run_address>
         <size>0x170</size>
         <input_file_ref idref="fl-14"/>
      </object_component>
      <object_component id="oc-ed">
         <name>.debug_abbrev</name>
         <load_address>0x12ad</load_address>
         <run_address>0x12ad</run_address>
         <size>0xdc</size>
         <input_file_ref idref="fl-15"/>
      </object_component>
      <object_component id="oc-f2">
         <name>.debug_abbrev</name>
         <load_address>0x1389</load_address>
         <run_address>0x1389</run_address>
         <size>0xa1</size>
         <input_file_ref idref="fl-16"/>
      </object_component>
      <object_component id="oc-f7">
         <name>.debug_abbrev</name>
         <load_address>0x142a</load_address>
         <run_address>0x142a</run_address>
         <size>0xe3</size>
         <input_file_ref idref="fl-17"/>
      </object_component>
      <object_component id="oc-fc">
         <name>.debug_abbrev</name>
         <load_address>0x150d</load_address>
         <run_address>0x150d</run_address>
         <size>0x38</size>
         <input_file_ref idref="fl-21"/>
      </object_component>
      <object_component id="oc-103">
         <name>.debug_abbrev</name>
         <load_address>0x1545</load_address>
         <run_address>0x1545</run_address>
         <size>0x46</size>
         <input_file_ref idref="fl-22"/>
      </object_component>
      <object_component id="oc-108">
         <name>.debug_abbrev</name>
         <load_address>0x158b</load_address>
         <run_address>0x158b</run_address>
         <size>0xee</size>
         <input_file_ref idref="fl-23"/>
      </object_component>
      <object_component id="oc-10d">
         <name>.debug_abbrev</name>
         <load_address>0x1679</load_address>
         <run_address>0x1679</run_address>
         <size>0x66</size>
         <input_file_ref idref="fl-24"/>
      </object_component>
      <object_component id="oc-112">
         <name>.debug_abbrev</name>
         <load_address>0x16df</load_address>
         <run_address>0x16df</run_address>
         <size>0x68</size>
         <input_file_ref idref="fl-25"/>
      </object_component>
      <object_component id="oc-117">
         <name>.debug_abbrev</name>
         <load_address>0x1747</load_address>
         <run_address>0x1747</run_address>
         <size>0xe3</size>
         <input_file_ref idref="fl-26"/>
      </object_component>
      <object_component id="oc-11e">
         <name>.debug_abbrev</name>
         <load_address>0x182a</load_address>
         <run_address>0x182a</run_address>
         <size>0x130</size>
         <input_file_ref idref="fl-27"/>
      </object_component>
      <object_component id="oc-123">
         <name>.debug_abbrev</name>
         <load_address>0x195a</load_address>
         <run_address>0x195a</run_address>
         <size>0xb2</size>
         <input_file_ref idref="fl-28"/>
      </object_component>
      <object_component id="oc-12b">
         <name>.debug_abbrev</name>
         <load_address>0x1a0c</load_address>
         <run_address>0x1a0c</run_address>
         <size>0x198</size>
         <input_file_ref idref="fl-29"/>
      </object_component>
      <object_component id="oc-130">
         <name>.debug_abbrev</name>
         <load_address>0x1ba4</load_address>
         <run_address>0x1ba4</run_address>
         <size>0xa8</size>
         <input_file_ref idref="fl-2a"/>
      </object_component>
      <object_component id="oc-135">
         <name>.debug_abbrev</name>
         <load_address>0x1c4c</load_address>
         <run_address>0x1c4c</run_address>
         <size>0xa8</size>
         <input_file_ref idref="fl-2b"/>
      </object_component>
      <object_component id="oc-13a">
         <name>.debug_abbrev</name>
         <load_address>0x1cf4</load_address>
         <run_address>0x1cf4</run_address>
         <size>0xa8</size>
         <input_file_ref idref="fl-2c"/>
      </object_component>
      <object_component id="oc-1b9">
         <name>.debug_abbrev</name>
         <load_address>0x1d9c</load_address>
         <run_address>0x1d9c</run_address>
         <size>0xf</size>
      </object_component>
      <object_component id="oc-55">
         <name>.debug_aranges</name>
         <load_address>0x0</load_address>
         <run_address>0x0</run_address>
         <size>0x40</size>
         <input_file_ref idref="fl-4"/>
      </object_component>
      <object_component id="oc-5a">
         <name>.debug_aranges</name>
         <load_address>0x40</load_address>
         <run_address>0x40</run_address>
         <size>0x28</size>
         <input_file_ref idref="fl-5"/>
      </object_component>
      <object_component id="oc-60">
         <name>.debug_aranges</name>
         <load_address>0x68</load_address>
         <run_address>0x68</run_address>
         <size>0x28</size>
         <input_file_ref idref="fl-6"/>
      </object_component>
      <object_component id="oc-66">
         <name>.debug_aranges</name>
         <load_address>0x90</load_address>
         <run_address>0x90</run_address>
         <size>0x2f8</size>
         <input_file_ref idref="fl-7"/>
      </object_component>
      <object_component id="oc-6b">
         <name>.debug_aranges</name>
         <load_address>0x388</load_address>
         <run_address>0x388</run_address>
         <size>0x140</size>
         <input_file_ref idref="fl-8"/>
      </object_component>
      <object_component id="oc-ab">
         <name>.debug_aranges</name>
         <load_address>0x4c8</load_address>
         <run_address>0x4c8</run_address>
         <size>0x28</size>
         <input_file_ref idref="fl-a"/>
      </object_component>
      <object_component id="oc-b0">
         <name>.debug_aranges</name>
         <load_address>0x4f0</load_address>
         <run_address>0x4f0</run_address>
         <size>0x20</size>
         <input_file_ref idref="fl-b"/>
      </object_component>
      <object_component id="oc-b5">
         <name>.debug_aranges</name>
         <load_address>0x510</load_address>
         <run_address>0x510</run_address>
         <size>0x70</size>
         <input_file_ref idref="fl-c"/>
      </object_component>
      <object_component id="oc-ba">
         <name>.debug_aranges</name>
         <load_address>0x580</load_address>
         <run_address>0x580</run_address>
         <size>0x20</size>
         <input_file_ref idref="fl-d"/>
      </object_component>
      <object_component id="oc-c5">
         <name>.debug_aranges</name>
         <load_address>0x5a0</load_address>
         <run_address>0x5a0</run_address>
         <size>0x68</size>
         <input_file_ref idref="fl-e"/>
      </object_component>
      <object_component id="oc-ca">
         <name>.debug_aranges</name>
         <load_address>0x608</load_address>
         <run_address>0x608</run_address>
         <size>0x40</size>
         <input_file_ref idref="fl-f"/>
      </object_component>
      <object_component id="oc-cf">
         <name>.debug_aranges</name>
         <load_address>0x648</load_address>
         <run_address>0x648</run_address>
         <size>0xb8</size>
         <input_file_ref idref="fl-10"/>
      </object_component>
      <object_component id="oc-d7">
         <name>.debug_aranges</name>
         <load_address>0x700</load_address>
         <run_address>0x700</run_address>
         <size>0x128</size>
         <input_file_ref idref="fl-11"/>
      </object_component>
      <object_component id="oc-dc">
         <name>.debug_aranges</name>
         <load_address>0x828</load_address>
         <run_address>0x828</run_address>
         <size>0x20</size>
         <input_file_ref idref="fl-12"/>
      </object_component>
      <object_component id="oc-e3">
         <name>.debug_aranges</name>
         <load_address>0x848</load_address>
         <run_address>0x848</run_address>
         <size>0x40</size>
         <input_file_ref idref="fl-13"/>
      </object_component>
      <object_component id="oc-e9">
         <name>.debug_aranges</name>
         <load_address>0x888</load_address>
         <run_address>0x888</run_address>
         <size>0x40</size>
         <input_file_ref idref="fl-14"/>
      </object_component>
      <object_component id="oc-ee">
         <name>.debug_aranges</name>
         <load_address>0x8c8</load_address>
         <run_address>0x8c8</run_address>
         <size>0x20</size>
         <input_file_ref idref="fl-15"/>
      </object_component>
      <object_component id="oc-f3">
         <name>.debug_aranges</name>
         <load_address>0x8e8</load_address>
         <run_address>0x8e8</run_address>
         <size>0x28</size>
         <input_file_ref idref="fl-16"/>
      </object_component>
      <object_component id="oc-f8">
         <name>.debug_aranges</name>
         <load_address>0x910</load_address>
         <run_address>0x910</run_address>
         <size>0x38</size>
         <input_file_ref idref="fl-17"/>
      </object_component>
      <object_component id="oc-fd">
         <name>.debug_aranges</name>
         <load_address>0x948</load_address>
         <run_address>0x948</run_address>
         <size>0x20</size>
         <input_file_ref idref="fl-21"/>
      </object_component>
      <object_component id="oc-104">
         <name>.debug_aranges</name>
         <load_address>0x968</load_address>
         <run_address>0x968</run_address>
         <size>0x20</size>
         <input_file_ref idref="fl-22"/>
      </object_component>
      <object_component id="oc-109">
         <name>.debug_aranges</name>
         <load_address>0x988</load_address>
         <run_address>0x988</run_address>
         <size>0x20</size>
         <input_file_ref idref="fl-23"/>
      </object_component>
      <object_component id="oc-10e">
         <name>.debug_aranges</name>
         <load_address>0x9a8</load_address>
         <run_address>0x9a8</run_address>
         <size>0x20</size>
         <input_file_ref idref="fl-24"/>
      </object_component>
      <object_component id="oc-113">
         <name>.debug_aranges</name>
         <load_address>0x9c8</load_address>
         <run_address>0x9c8</run_address>
         <size>0x20</size>
         <input_file_ref idref="fl-25"/>
      </object_component>
      <object_component id="oc-118">
         <name>.debug_aranges</name>
         <load_address>0x9e8</load_address>
         <run_address>0x9e8</run_address>
         <size>0x20</size>
         <input_file_ref idref="fl-26"/>
      </object_component>
      <object_component id="oc-11f">
         <name>.debug_aranges</name>
         <load_address>0xa08</load_address>
         <run_address>0xa08</run_address>
         <size>0x28</size>
         <input_file_ref idref="fl-27"/>
      </object_component>
      <object_component id="oc-124">
         <name>.debug_aranges</name>
         <load_address>0xa30</load_address>
         <run_address>0xa30</run_address>
         <size>0x30</size>
         <input_file_ref idref="fl-28"/>
      </object_component>
      <object_component id="oc-12c">
         <name>.debug_aranges</name>
         <load_address>0xa60</load_address>
         <run_address>0xa60</run_address>
         <size>0x78</size>
         <input_file_ref idref="fl-29"/>
      </object_component>
      <object_component id="oc-131">
         <name>.debug_aranges</name>
         <load_address>0xad8</load_address>
         <run_address>0xad8</run_address>
         <size>0x20</size>
         <input_file_ref idref="fl-2a"/>
      </object_component>
      <object_component id="oc-136">
         <name>.debug_aranges</name>
         <load_address>0xaf8</load_address>
         <run_address>0xaf8</run_address>
         <size>0x20</size>
         <input_file_ref idref="fl-2b"/>
      </object_component>
      <object_component id="oc-13b">
         <name>.debug_aranges</name>
         <load_address>0xb18</load_address>
         <run_address>0xb18</run_address>
         <size>0x20</size>
         <input_file_ref idref="fl-2c"/>
      </object_component>
   </object_component_list>
   <logical_group_list>
      <logical_group id="lg-2" display="no" color="cyan">
         <name>codestart</name>
         <load_address>0x0</load_address>
         <run_address>0x0</run_address>
         <size>0x2</size>
         <contents>
            <object_component_ref idref="oc-50"/>
         </contents>
      </logical_group>
      <logical_group id="lg-3" display="no" color="cyan">
         <name>ramfuncs</name>
         <load_address>0xd5</load_address>
         <run_address>0xd5</run_address>
         <size>0x4</size>
         <contents>
            <object_component_ref idref="oc-b6"/>
         </contents>
      </logical_group>
      <logical_group id="lg-4" display="no" color="cyan">
         <name>.text</name>
         <load_address>0x8000</load_address>
         <run_address>0x8000</run_address>
         <size>0x1fdc</size>
         <contents>
            <object_component_ref idref="oc-13d"/>
            <object_component_ref idref="oc-13c"/>
            <object_component_ref idref="oc-62"/>
            <object_component_ref idref="oc-13e"/>
            <object_component_ref idref="oc-14f"/>
            <object_component_ref idref="oc-15e"/>
            <object_component_ref idref="oc-153"/>
            <object_component_ref idref="oc-149"/>
            <object_component_ref idref="oc-144"/>
            <object_component_ref idref="oc-151"/>
            <object_component_ref idref="oc-156"/>
            <object_component_ref idref="oc-145"/>
            <object_component_ref idref="oc-f9"/>
            <object_component_ref idref="oc-d8"/>
            <object_component_ref idref="oc-14e"/>
            <object_component_ref idref="oc-fe"/>
            <object_component_ref idref="oc-150"/>
            <object_component_ref idref="oc-e5"/>
            <object_component_ref idref="oc-c0"/>
            <object_component_ref idref="oc-143"/>
            <object_component_ref idref="oc-154"/>
            <object_component_ref idref="oc-155"/>
            <object_component_ref idref="oc-140"/>
            <object_component_ref idref="oc-146"/>
            <object_component_ref idref="oc-157"/>
            <object_component_ref idref="oc-14b"/>
            <object_component_ref idref="oc-142"/>
            <object_component_ref idref="oc-15a"/>
            <object_component_ref idref="oc-56"/>
            <object_component_ref idref="oc-147"/>
            <object_component_ref idref="oc-13f"/>
            <object_component_ref idref="oc-141"/>
         </contents>
      </logical_group>
      <logical_group id="lg-5" display="no" color="cyan">
         <name>.cinit</name>
         <load_address>0x50</load_address>
         <run_address>0x50</run_address>
         <size>0x85</size>
         <contents>
            <object_component_ref idref="oc-d1"/>
            <object_component_ref idref="oc-bc"/>
            <object_component_ref idref="oc-11a"/>
            <object_component_ref idref="oc-de"/>
            <object_component_ref idref="oc-14d"/>
            <object_component_ref idref="oc-15b"/>
            <object_component_ref idref="oc-126"/>
         </contents>
      </logical_group>
      <logical_group id="lg-6" display="no" color="cyan">
         <name>.pinit</name>
         <run_address>0x0</run_address>
         <size>0x0</size>
         <contents>
         </contents>
      </logical_group>
      <logical_group id="lg-7" display="no" color="cyan">
         <name>.switch</name>
         <run_address>0x0</run_address>
         <size>0x0</size>
         <contents>
[...]
      </symbol>
      <symbol id="sm-356">
         <name>_CsmUnlock</name>
         <value>0x9791</value>
         <object_component_ref idref="oc-153"/>
      </symbol>
      <symbol id="sm-358">
         <name>_InitPll2</name>
         <value>0x970d</value>
         <object_component_ref idref="oc-153"/>
      </symbol>
      <symbol id="sm-35a">
         <name>_ServiceDog</name>
         <value>0x96a7</value>
         <object_component_ref idref="oc-153"/>
      </symbol>
      <symbol id="sm-35c">
         <name>_XtalOscSel</name>
         <value>0x97ec</value>
         <object_component_ref idref="oc-153"/>
      </symbol>
      <symbol id="sm-35e">
         <name>_InitSysCtrl</name>
         <value>0x968d</value>
         <object_component_ref idref="oc-153"/>
      </symbol>
      <symbol id="sm-36b">
         <name>_DSP28x_usDelay</name>
         <value>0xd5</value>
         <object_component_ref idref="oc-b6"/>
      </symbol>
      <symbol id="sm-3a2">
         <name>_main</name>
         <value>0x98dd</value>
         <object_component_ref idref="oc-149"/>
      </symbol>
      <symbol id="sm-3a4">
         <name>_vApplicationGetIdleTaskMemory</name>
         <value>0x98c8</value>
         <object_component_ref idref="oc-149"/>
      </symbol>
      <symbol id="sm-3a6">
         <name>_vApplicationStackOverflowHook</name>
         <value>0x98d9</value>
         <object_component_ref idref="oc-149"/>
      </symbol>
      <symbol id="sm-3a8">
         <name>_DMASource</name>
         <value>0xa30a</value>
         <object_component_ref idref="oc-bd"/>
      </symbol>
      <symbol id="sm-3a9">
         <name>_timer1_ISR</name>
         <value>0x9e8f</value>
         <object_component_ref idref="oc-c0"/>
      </symbol>
      <symbol id="sm-3ab">
         <name>_teste</name>
         <value>0xa300</value>
         <object_component_ref idref="oc-bd"/>
      </symbol>
      <symbol id="sm-3ac">
         <name>_adc_value</name>
         <value>0xa302</value>
         <object_component_ref idref="oc-bd"/>
      </symbol>
      <symbol id="sm-3ad">
         <name>_DMABuf2</name>
         <value>0xe000</value>
         <object_component_ref idref="oc-bf"/>
      </symbol>
      <symbol id="sm-3ae">
         <name>_DMABuf1</name>
         <value>0xc000</value>
         <object_component_ref idref="oc-be"/>
      </symbol>
      <symbol id="sm-3af">
         <name>_insertionTask</name>
         <value>0x986f</value>
         <object_component_ref idref="oc-149"/>
      </symbol>
      <symbol id="sm-3b1">
         <name>_DMADest</name>
         <value>0xa308</value>
         <object_component_ref idref="oc-bd"/>
      </symbol>
      <symbol id="sm-3b2">
         <name>_adc_buffer_size</name>
         <value>0xa301</value>
         <object_component_ref idref="oc-bd"/>
      </symbol>
      <symbol id="sm-3b3">
         <name>_vApplicationSetupTimerInterrupt</name>
         <value>0x981d</value>
         <object_component_ref idref="oc-149"/>
      </symbol>
      <symbol id="sm-3b5">
         <name>_mean_adc_value</name>
         <value>0xa304</value>
         <object_component_ref idref="oc-bd"/>
      </symbol>
      <symbol id="sm-3b6">
         <name>_controlTask</name>
         <value>0x988e</value>
         <object_component_ref idref="oc-149"/>
      </symbol>
      <symbol id="sm-3b8">
         <name>_pid_output</name>
         <value>0xa306</value>
         <object_component_ref idref="oc-bd"/>
      </symbol>
      <symbol id="sm-3c9">
         <name>_uxListRemove</name>
         <value>0x9bf7</value>
         <object_component_ref idref="oc-145"/>
      </symbol>
      <symbol id="sm-3cb">
         <name>_vListInitialise</name>
         <value>0x9b89</value>
         <object_component_ref idref="oc-145"/>
      </symbol>
      <symbol id="sm-3cd">
         <name>_vListInsertEnd</name>
         <value>0x9baa</value>
         <object_component_ref idref="oc-145"/>
      </symbol>
      <symbol id="sm-3cf">
         <name>_vListInitialiseItem</name>
         <value>0x9ba1</value>
         <object_component_ref idref="oc-145"/>
      </symbol>
      <symbol id="sm-3d1">
         <name>_vListInsert</name>
         <value>0x9bc5</value>
         <object_component_ref idref="oc-145"/>
      </symbol>
      <symbol id="sm-42c">
         <name>_vQueueDelete</name>
         <value>0x8982</value>
         <object_component_ref idref="oc-13c"/>
      </symbol>
      <symbol id="sm-42e">
         <name>_xQueueGenericReset</name>
         <value>0x868c</value>
         <object_component_ref idref="oc-13c"/>
      </symbol>
      <symbol id="sm-430">
         <name>_xQueueIsQueueFullFromISR</name>
         <value>0x8a84</value>
         <object_component_ref idref="oc-13c"/>
      </symbol>
      <symbol id="sm-432">
         <name>_uxQueueSpacesAvailable</name>
         <value>0x8964</value>
         <object_component_ref idref="oc-13c"/>
      </symbol>
      <symbol id="sm-434">
         <name>_xQueueIsQueueEmptyFromISR</name>
         <value>0x8a5e</value>
         <object_component_ref idref="oc-13c"/>
      </symbol>
      <symbol id="sm-436">
         <name>_xQueueReceiveFromISR</name>
         <value>0x88fb</value>
         <object_component_ref idref="oc-13c"/>
      </symbol>
      <symbol id="sm-438">
         <name>_uxQueueMessagesWaiting</name>
         <value>0x8956</value>
         <object_component_ref idref="oc-13c"/>
      </symbol>
      <symbol id="sm-43a">
         <name>_xQueuePeekFromISR</name>
         <value>0x893c</value>
         <object_component_ref idref="oc-13c"/>
      </symbol>
      <symbol id="sm-43c">
         <name>_xQueueGenericSendFromISR</name>
         <value>0x87bc</value>
         <object_component_ref idref="oc-13c"/>
      </symbol>
      <symbol id="sm-43e">
         <name>_xQueueGiveFromISR</name>
         <value>0x8800</value>
         <object_component_ref idref="oc-13c"/>
      </symbol>
      <symbol id="sm-440">
         <name>_xQueueGenericCreateStatic</name>
         <value>0x86ec</value>
         <object_component_ref idref="oc-13c"/>
      </symbol>
      <symbol id="sm-442">
         <name>_xQueueGenericSend</name>
         <value>0x871e</value>
         <object_component_ref idref="oc-13c"/>
      </symbol>
      <symbol id="sm-444">
         <name>_uxQueueMessagesWaitingFromISR</name>
         <value>0x8979</value>
         <object_component_ref idref="oc-13c"/>
      </symbol>
      <symbol id="sm-446">
         <name>_xQueueGenericReceive</name>
         <value>0x8843</value>
         <object_component_ref idref="oc-13c"/>
      </symbol>
      <symbol id="sm-4e5">
         <name>_uxTaskGetNumberOfTasks</name>
         <value>0x820d</value>
         <object_component_ref idref="oc-13d"/>
      </symbol>
      <symbol id="sm-4e7">
         <name>_vTaskPlaceOnEventList</name>
         <value>0x82f5</value>
         <object_component_ref idref="oc-13d"/>
      </symbol>
      <symbol id="sm-4e9">
         <name>_uxTaskResetEventItemValue</name>
         <value>0x842a</value>
         <object_component_ref idref="oc-13d"/>
      </symbol>
      <symbol id="sm-4eb">
         <name>_vTaskDelay</name>
         <value>0x8129</value>
         <object_component_ref idref="oc-13d"/>
      </symbol>
      <symbol id="sm-4ed">
         <name>_xTaskIncrementTick</name>
         <value>0x8220</value>
         <object_component_ref idref="oc-13d"/>
      </symbol>
      <symbol id="sm-4ef">
         <name>_vTaskMissedYield</name>
         <value>0x83df</value>
         <object_component_ref idref="oc-13d"/>
      </symbol>
      <symbol id="sm-4f1">
         <name>_ulTaskNotifyTake</name>
         <value>0x843f</value>
         <object_component_ref idref="oc-13d"/>
      </symbol>
      <symbol id="sm-4f3">
         <name>_xTaskNotifyStateClear</name>
         <value>0x8640</value>
         <object_component_ref idref="oc-13d"/>
      </symbol>
      <symbol id="sm-4f5">
         <name>_xTaskRemoveFromUnorderedEventList</name>
         <value>0x8369</value>
         <object_component_ref idref="oc-13d"/>
      </symbol>
      <symbol id="sm-4f7">
         <name>_xTaskCreateStatic</name>
         <value>0x8000</value>
         <object_component_ref idref="oc-13d"/>
      </symbol>
      <symbol id="sm-4f9">
         <name>_vTaskEndScheduler</name>
         <value>0x817b</value>
         <object_component_ref idref="oc-13d"/>
      </symbol>
      <symbol id="sm-4fb">
         <name>_xTaskCheckForTimeOut</name>
         <value>0x83b6</value>
         <object_component_ref idref="oc-13d"/>
      </symbol>
      <symbol id="sm-4fd">
         <name>_xTaskResumeAll</name>
         <value>0x8187</value>
         <object_component_ref idref="oc-13d"/>
      </symbol>
      <symbol id="sm-4ff">
         <name>_vTaskDelayUntil</name>
         <value>0x80f0</value>
         <object_component_ref idref="oc-13d"/>
      </symbol>
      <symbol id="sm-501">
         <name>_vTaskSwitchContext</name>
         <value>0x82a4</value>
         <object_component_ref idref="oc-13d"/>
      </symbol>
      <symbol id="sm-503">
         <name>_vTaskNotifyGiveFromISR</name>
         <value>0x85e3</value>
         <object_component_ref idref="oc-13d"/>
      </symbol>
      <symbol id="sm-505">
         <name>_xTaskGetTickCount</name>
         <value>0x81f9</value>
         <object_component_ref idref="oc-13d"/>
      </symbol>
      <symbol id="sm-507">
         <name>_vTaskStartScheduler</name>
         <value>0x8142</value>
         <object_component_ref idref="oc-13d"/>
      </symbol>
      <symbol id="sm-509">
         <name>_vTaskSetTimeOutState</name>
         <value>0x83aa</value>
         <object_component_ref idref="oc-13d"/>
      </symbol>
      <symbol id="sm-50b">
         <name>_xTaskGenericNotify</name>
         <value>0x84cf</value>
         <object_component_ref idref="oc-13d"/>
      </symbol>
      <symbol id="sm-50d">
         <name>_xTaskGenericNotifyFromISR</name>
         <value>0x8554</value>
         <object_component_ref idref="oc-13d"/>
      </symbol>
      <symbol id="sm-50f">
         <name>_pxCurrentTCB</name>
         <value>0xa448</value>
         <object_component_ref idref="oc-d2"/>
      </symbol>
      <symbol id="sm-510">
         <name>_vTaskPlaceOnUnorderedEventList</name>
         <value>0x8305</value>
         <object_component_ref idref="oc-13d"/>
      </symbol>
      <symbol id="sm-512">
         <name>_vTaskSuspendAll</name>
         <value>0x8183</value>
         <object_component_ref idref="oc-13d"/>
      </symbol>
      <symbol id="sm-514">
         <name>_pcTaskGetName</name>
         <value>0x8211</value>
         <object_component_ref idref="oc-13d"/>
      </symbol>
      <symbol id="sm-516">
         <name>_xTaskGetTickCountFromISR</name>
         <value>0x8205</value>
         <object_component_ref idref="oc-13d"/>
      </symbol>
      <symbol id="sm-518">
         <name>_xTaskNotifyWait</name>
         <value>0x8480</value>
         <object_component_ref idref="oc-13d"/>
      </symbol>
      <symbol id="sm-51a">
         <name>_xTaskRemoveFromEventList</name>
         <value>0x831d</value>
         <object_component_ref idref="oc-13d"/>
      </symbol>
      <symbol id="sm-52e">
         <name>_portRESTORE_FIRST_CONTEXT</name>
         <value>0x9ca7</value>
         <object_component_ref idref="oc-d8"/>
      </symbol>
      <symbol id="sm-52f">
         <name>_getSTF</name>
         <value>0x9ca3</value>
         <object_component_ref idref="oc-d8"/>
      </symbol>
      <symbol id="sm-530">
         <name>_portTICK_ISR</name>
         <value>0x9cb2</value>
         <object_component_ref idref="oc-d8"/>
      </symbol>
      <symbol id="sm-545">
         <name>_vPortEnterCritical</name>
         <value>0x99e9</value>
         <object_component_ref idref="oc-144"/>
      </symbol>
      <symbol id="sm-547">
         <name>_xPortStartScheduler</name>
         <value>0x99db</value>
         <object_component_ref idref="oc-144"/>
      </symbol>
      <symbol id="sm-549">
         <name>_pxPortInitialiseStack</name>
         <value>0x9926</value>
         <object_component_ref idref="oc-144"/>
      </symbol>
      <symbol id="sm-54b">
         <name>_bYield</name>
         <value>0xa3f6</value>
         <object_component_ref idref="oc-df"/>
      </symbol>
      <symbol id="sm-54c">
         <name>_ulCriticalNesting</name>
         <value>0xa3f8</value>
         <object_component_ref idref="oc-df"/>
      </symbol>
      <symbol id="sm-54d">
         <name>_vPortEndScheduler</name>
         <value>0x99da</value>
         <object_component_ref idref="oc-144"/>
      </symbol>
      <symbol id="sm-54f">
         <name>_bPreemptive</name>
         <value>0xa3f7</value>
         <object_component_ref idref="oc-df"/>
      </symbol>
      <symbol id="sm-550">
         <name>_vPortExitCritical</name>
         <value>0x99f1</value>
         <object_component_ref idref="oc-144"/>
      </symbol>
      <symbol id="sm-561">
         <name>_adc_isr</name>
         <value>0x9e76</value>
         <object_component_ref idref="oc-e5"/>
      </symbol>
      <symbol id="sm-563">
         <name>_local_DINTCH1_ISR</name>
         <value>0x9e41</value>
         <object_component_ref idref="oc-e5"/>
      </symbol>
      <symbol id="sm-565">
         <name>_Config_dma_4_adc</name>
         <value>0x9b24</value>
         <object_component_ref idref="oc-156"/>
      </symbol>
      <symbol id="sm-567">
         <name>_config_interrupts</name>
         <value>0x9ac3</value>
         <object_component_ref idref="oc-156"/>
      </symbol>
      <symbol id="sm-569">
         <name>_Config_adc</name>
         <value>0x9ae7</value>
         <object_component_ref idref="oc-156"/>
      </symbol>
      <symbol id="sm-576">
         <name>_Config_GPIO</name>
         <value>0x9f86</value>
         <object_component_ref idref="oc-157"/>
      </symbol>
      <symbol id="sm-58a">
         <name>_insertionSort</name>
         <value>0x9df2</value>
         <object_component_ref idref="oc-150"/>
      </symbol>
      <symbol id="sm-58c">
         <name>_insertion_rotine</name>
         <value>0x9e25</value>
         <object_component_ref idref="oc-150"/>
      </symbol>
      <symbol id="sm-59d">
         <name>_initPID</name>
         <value>0x99fb</value>
         <object_component_ref idref="oc-151"/>
      </symbol>
      <symbol id="sm-59f">
         <name>_simulateSystem</name>
         <value>0x9a6a</value>
         <object_component_ref idref="oc-151"/>
      </symbol>
      <symbol id="sm-5a1">
         <name>_calculatePIDOutput</name>
         <value>0x9a1d</value>
         <object_component_ref idref="oc-151"/>
      </symbol>
      <symbol id="sm-5a3">
         <name>_PID_routine</name>
         <value>0x9a71</value>
         <object_component_ref idref="oc-151"/>
      </symbol>
      <symbol id="sm-5b5">
         <name>FS$$DIV</name>
         <value>0x9c1b</value>
         <object_component_ref idref="oc-f9"/>
      </symbol>
      <symbol id="sm-5d0">
         <name>_c_int00</name>
         <value>0x9d9c</value>
         <object_component_ref idref="oc-fe"/>
      </symbol>
      <symbol id="sm-5d1">
         <name>__stack</name>
         <value>0x400</value>
         <object_component_ref idref="oc-ff"/>
      </symbol>
      <symbol id="sm-5e0">
         <name>__args_main</name>
         <value>0x9faf</value>
         <object_component_ref idref="oc-142"/>
      </symbol>
      <symbol id="sm-5ee">
         <name>__system_post_cinit</name>
         <value>0x9fdb</value>
         <object_component_ref idref="oc-141"/>
      </symbol>
      <symbol id="sm-5fb">
         <name>__system_pre_init</name>
         <value>0x9fd9</value>
         <object_component_ref idref="oc-13f"/>
      </symbol>
      <symbol id="sm-60b">
         <name>_copy_in</name>
         <value>0x9f45</value>
         <object_component_ref idref="oc-140"/>
      </symbol>
      <symbol id="sm-620">
         <name>C$$EXIT</name>
         <value>0x9ece</value>
         <object_component_ref idref="oc-143"/>
      </symbol>
      <symbol id="sm-621">
         <name>_exit</name>
         <value>0x9ed0</value>
         <object_component_ref idref="oc-143"/>
      </symbol>
      <symbol id="sm-623">
         <name>___TI_cleanup_ptr</name>
         <value>0xa3f2</value>
         <object_component_ref idref="oc-11b"/>
      </symbol>
      <symbol id="sm-624">
         <name>___TI_enable_exit_profile_output</name>
         <value>0xa3f0</value>
         <object_component_ref idref="oc-11b"/>
      </symbol>
      <symbol id="sm-625">
         <name>_abort</name>
         <value>0x9ece</value>
         <object_component_ref idref="oc-143"/>
      </symbol>
      <symbol id="sm-627">
         <name>___TI_dtors_ptr</name>
         <value>0xa3f4</value>
         <object_component_ref idref="oc-11b"/>
      </symbol>
      <symbol id="sm-63b">
         <name>__unlock</name>
         <value>0xa432</value>
         <object_component_ref idref="oc-15c"/>
      </symbol>
      <symbol id="sm-63c">
         <name>__lock</name>
         <value>0xa3fe</value>
         <object_component_ref idref="oc-14c"/>
      </symbol>
      <symbol id="sm-63d">
         <name>__register_lock</name>
         <value>0x9fc5</value>
         <object_component_ref idref="oc-15a"/>
      </symbol>
      <symbol id="sm-63f">
         <name>__nop</name>
         <value>0x9fc9</value>
         <object_component_ref idref="oc-15a"/>
      </symbol>
      <symbol id="sm-641">
         <name>__register_unlock</name>
         <value>0x9fc1</value>
         <object_component_ref idref="oc-15a"/>
      </symbol>
      <symbol id="sm-69f">
         <name>__sys_memory</name>
         <value>0xa498</value>
         <object_component_ref idref="oc-128"/>
      </symbol>
      <symbol id="sm-6a0">
         <name>___TI_heap_total_available</name>
         <value>0x941a</value>
         <object_component_ref idref="oc-14f"/>
      </symbol>
      <symbol id="sm-6a2">
         <name>_realloc</name>
         <value>0x92bf</value>
         <object_component_ref idref="oc-14f"/>
      </symbol>
      <symbol id="sm-6a4">
         <name>___TI_heap_check</name>
         <value>0x9454</value>
         <object_component_ref idref="oc-14f"/>
      </symbol>
      <symbol id="sm-6a6">
         <name>_free</name>
         <value>0x91f5</value>
         <object_component_ref idref="oc-14f"/>
      </symbol>
      <symbol id="sm-6a8">
         <name>_memalign</name>
         <value>0x9374</value>
         <object_component_ref idref="oc-14f"/>
      </symbol>
      <symbol id="sm-6a9">
         <name>_calloc</name>
         <value>0x9347</value>
         <object_component_ref idref="oc-14f"/>
      </symbol>
      <symbol id="sm-6ab">
         <name>_malloc</name>
         <value>0x91ca</value>
         <object_component_ref idref="oc-14f"/>
      </symbol>
      <symbol id="sm-6ad">
         <name>_aligned_alloc</name>
         <value>0x9374</value>
         <object_component_ref idref="oc-14f"/>
      </symbol>
      <symbol id="sm-6af">
         <name>_minit</name>
         <value>0x9343</value>
         <object_component_ref idref="oc-14f"/>
      </symbol>
      <symbol id="sm-6b1">
         <name>___TI_heap_largest_available</name>
         <value>0x9437</value>
         <object_component_ref idref="oc-14f"/>
      </symbol>
      <symbol id="sm-6c0">
         <name>_memcmp</name>
         <value>0x9f9c</value>
         <object_component_ref idref="oc-14b"/>
      </symbol>
      <symbol id="sm-6d2">
         <name>_memcpy</name>
         <value>0x9f69</value>
         <object_component_ref idref="oc-146"/>
      </symbol>
      <symbol id="sm-6e1">
         <name>_memset</name>
         <value>0x9fd2</value>
         <object_component_ref idref="oc-147"/>
      </symbol>
   </symbol_table>
   <title>Link successful</title>
</link_info>
